Archive member included because of file (symbol)

C:/Freescale/CW MCU v10.6.4/MCU/ARM_GCC_Support/ewl/lib/armv7e-m\libc99.a(sprintf.o)
                              ./Sources/Drivers/ESP8266.o (sprintf)
C:/Freescale/CW MCU v10.6.4/MCU/ARM_GCC_Support/ewl/lib/armv7e-m\libc99.a(exit.o)
                              ./Project_Settings/Startup_Code/__arm_start.o (exit)
C:/Freescale/CW MCU v10.6.4/MCU/ARM_GCC_Support/ewl/lib/armv7e-m\libc99.a(alloc.o)
                              ./Sources/Messenger.o (malloc)
C:/Freescale/CW MCU v10.6.4/MCU/ARM_GCC_Support/ewl/lib/armv7e-m\libc99.a(atoi.o)
                              ./Sources/Drivers/ESP8266.o (atoi)
C:/Freescale/CW MCU v10.6.4/MCU/ARM_GCC_Support/ewl/lib/armv7e-m\libc99.a(__strtoul.o)
                              C:/Freescale/CW MCU v10.6.4/MCU/ARM_GCC_Support/ewl/lib/armv7e-m\libc99.a(atoi.o) (__strtoul)
C:/Freescale/CW MCU v10.6.4/MCU/ARM_GCC_Support/ewl/lib/armv7e-m\libc99.a(atoll.o)
                              C:/Freescale/CW MCU v10.6.4/MCU/ARM_GCC_Support/ewl/lib/armv7e-m\libc99.a(atoi.o) (strtoll)
C:/Freescale/CW MCU v10.6.4/MCU/ARM_GCC_Support/ewl/lib/armv7e-m\libc99.a(strchr.o)
                              ./Sources/Drivers/ESP8266.o (strchr)
C:/Freescale/CW MCU v10.6.4/MCU/ARM_GCC_Support/ewl/lib/armv7e-m\libc99.a(memset.o)
                              ./Project_Settings/Startup_Code/__arm_start.o (memset)
C:/Freescale/CW MCU v10.6.4/MCU/ARM_GCC_Support/ewl/lib/armv7e-m\libc99.a(strncpy.o)
                              ./Sources/Drivers/ESP8266.o (strncpy)
C:/Freescale/CW MCU v10.6.4/MCU/ARM_GCC_Support/ewl/lib/armv7e-m\libc99.a(strstr.o)
                              ./Sources/Drivers/ESP8266.o (strstr)
C:/Freescale/CW MCU v10.6.4/MCU/ARM_GCC_Support/ewl/lib/armv7e-m\libc99.a(strncmp.o)
                              ./Sources/Drivers/ESP8266.o (strncmp)
C:/Freescale/CW MCU v10.6.4/MCU/ARM_GCC_Support/ewl/lib/armv7e-m\libc99.a(__filll_mem.o)
                              C:/Freescale/CW MCU v10.6.4/MCU/ARM_GCC_Support/ewl/lib/armv7e-m\libc99.a(memset.o) (__fill_mem)
C:/Freescale/CW MCU v10.6.4/MCU/ARM_GCC_Support/ewl/lib/armv7e-m\libc99.a(memcpy.o)
                              ./Sources/Drivers/ESP8266.o (memcpy)
C:/Freescale/CW MCU v10.6.4/MCU/ARM_GCC_Support/ewl/lib/armv7e-m\libc99.a(strcpy.o)
                              ./Sources/Messenger.o (strcpy)
C:/Freescale/CW MCU v10.6.4/MCU/ARM_GCC_Support/ewl/lib/armv7e-m\libc99.a(strlen.o)
                              ./Sources/Drivers/ESP8266.o (strlen)
C:/Freescale/CW MCU v10.6.4/MCU/ARM_GCC_Support/ewl/lib/armv7e-m\libc99.a(__wgetchar.o)
                              C:/Freescale/CW MCU v10.6.4/MCU/ARM_GCC_Support/ewl/lib/armv7e-m\libc99.a(sprintf.o) (getwc)
C:/Freescale/CW MCU v10.6.4/MCU/ARM_GCC_Support/ewl/lib/armv7e-m\libc99.a(wcstoull.o)
                              C:/Freescale/CW MCU v10.6.4/MCU/ARM_GCC_Support/ewl/lib/armv7e-m\libc99.a(atoi.o) (wcstoull)
C:/Freescale/CW MCU v10.6.4/MCU/ARM_GCC_Support/ewl/lib/armv7e-m\libc99.a(__wsread.o)
                              C:/Freescale/CW MCU v10.6.4/MCU/ARM_GCC_Support/ewl/lib/armv7e-m\libc99.a(wcstoull.o) (__wStringRead)
C:/Freescale/CW MCU v10.6.4/MCU/ARM_GCC_Support/ewl/lib/armv7e-m\libc99.a(wcstoll.o)
                              C:/Freescale/CW MCU v10.6.4/MCU/ARM_GCC_Support/ewl/lib/armv7e-m\libc99.a(atoi.o) (wcstoll)
C:/Freescale/CW MCU v10.6.4/MCU/ARM_GCC_Support/ewl/lib/armv7e-m\libc99.a(__wcstoull.o)
                              C:/Freescale/CW MCU v10.6.4/MCU/ARM_GCC_Support/ewl/lib/armv7e-m\libc99.a(wcstoull.o) (__wcstoull)
C:/Freescale/CW MCU v10.6.4/MCU/ARM_GCC_Support/ewl/lib/armv7e-m\libc99.a(iswspace.o)
                              C:/Freescale/CW MCU v10.6.4/MCU/ARM_GCC_Support/ewl/lib/armv7e-m\libc99.a(__wcstoull.o) (iswspace)
C:/Freescale/CW MCU v10.6.4/MCU/ARM_GCC_Support/ewl/lib/armv7e-m\libc99.a(iswdigit.o)
                              C:/Freescale/CW MCU v10.6.4/MCU/ARM_GCC_Support/ewl/lib/armv7e-m\libc99.a(__wcstoull.o) (iswdigit)
C:/Freescale/CW MCU v10.6.4/MCU/ARM_GCC_Support/ewl/lib/armv7e-m\libc99.a(towupper.o)
                              C:/Freescale/CW MCU v10.6.4/MCU/ARM_GCC_Support/ewl/lib/armv7e-m\libc99.a(__wcstoull.o) (towupper)
C:/Freescale/CW MCU v10.6.4/MCU/ARM_GCC_Support/ewl/lib/armv7e-m\libc99.a(iswalpha.o)
                              C:/Freescale/CW MCU v10.6.4/MCU/ARM_GCC_Support/ewl/lib/armv7e-m\libc99.a(__wcstoull.o) (iswalpha)
C:/Freescale/CW MCU v10.6.4/MCU/ARM_GCC_Support/ewl/lib/armv7e-m\libc99.a(ctype_aeabi.o)
                              C:/Freescale/CW MCU v10.6.4/MCU/ARM_GCC_Support/ewl/lib/armv7e-m\libc99.a(__strtoul.o) (isalpha)
C:/Freescale/CW MCU v10.6.4/MCU/ARM_GCC_Support/ewl/lib/armv7e-m\libc99.a(errno.o)
                              C:/Freescale/CW MCU v10.6.4/MCU/ARM_GCC_Support/ewl/lib/armv7e-m\libc99.a(atoi.o) (errno)
C:/Freescale/CW MCU v10.6.4/MCU/ARM_GCC_Support/ewl/lib/armv7e-m\libc99.a(fread.o)
[...]
Memory Configuration

Name             Origin             Length             Attributes
m_interrupts     0x00000000         0x000001bc         xr
m_text           0x00000410         0x0000bbf0         xr
m_data           0x1fff8000         0x00008000         rw
m_data_20000000  0x20000000         0x00008000         rw
m_cfmprotrom     0x00000400         0x00000010         xr
*default*        0x00000000         0xffffffff

Linker script and memory map

LOAD ./Generated_Code/Vectors.o
LOAD ./Generated_Code/Timer_1ms.o
LOAD ./Generated_Code/TU1.o
LOAD ./Generated_Code/PE_LDD.o
LOAD ./Generated_Code/LED_DRIVER_1_RESET.o
LOAD ./Generated_Code/LED_DRIVER_0_RESET.o
LOAD ./Generated_Code/LED2.o
LOAD ./Generated_Code/LED1.o
LOAD ./Generated_Code/IO_9.o
LOAD ./Generated_Code/IO_8.o
LOAD ./Generated_Code/IO_7.o
LOAD ./Generated_Code/IO_6.o
LOAD ./Generated_Code/IO_5.o
LOAD ./Generated_Code/IO_4.o
LOAD ./Generated_Code/IO_3.o
LOAD ./Generated_Code/IO_2.o
LOAD ./Generated_Code/IO_12.o
LOAD ./Generated_Code/IO_11.o
LOAD ./Generated_Code/IO_10.o
LOAD ./Generated_Code/IO_1.o
LOAD ./Generated_Code/IMU_INT.o
LOAD ./Generated_Code/IMU_FSYNC.o
LOAD ./Generated_Code/IMU_CS.o
LOAD ./Generated_Code/I2C0.o
LOAD ./Generated_Code/FLASH1.o
LOAD ./Generated_Code/ESP8266_Serial.o
LOAD ./Generated_Code/ESP8266_RST.o
LOAD ./Generated_Code/ESP8266_GPIO2.o
LOAD ./Generated_Code/ESP8266_GPIO0.o
LOAD ./Generated_Code/ESP8266_CHIP_EN.o
LOAD ./Generated_Code/Cpu.o
LOAD ./Project_Settings/Startup_Code/__arm_start.o
LOAD ./Project_Settings/Startup_Code/__arm_end.o
LOAD ./Sources/Drivers/program_flash.o
LOAD ./Sources/Drivers/PCA9552.o
LOAD ./Sources/Drivers/MPU9250.o
LOAD ./Sources/Drivers/LEDs.o
LOAD ./Sources/Drivers/ESP8266.o
LOAD ./Sources/Utilities/UUID.o
LOAD ./Sources/Utilities/String.o
LOAD ./Sources/Utilities/Ring_Buffer.o
LOAD ./Sources/Utilities/Debug.o
LOAD ./Sources/main.o
LOAD ./Sources/crc.o
LOAD ./Sources/Messenger.o
LOAD ./Sources/GPIO.o
LOAD ./Sources/Events_ESP8266.o
LOAD ./Sources/Events.o
LOAD ./Sources/Clock.o
LOAD ./Sources/Bootloader.o
LOAD ./Sources/Behavior.o
LOAD ./Sources/Application.o
START GROUP
LOAD C:/Freescale/CW MCU v10.6.4/MCU/ARM_GCC_Support/ewl/lib/armv7e-m\libc99.a
LOAD C:/Freescale/CW MCU v10.6.4/MCU/ARM_GCC_Support/ewl/lib/armv7e-m\libm.a
LOAD c:/freescale/cw mcu v10.6.4/cross_tools/arm-none-eabi-gcc-4_7_3/bin/../lib/gcc/arm-none-eabi/4.7.3/armv7e-m\libgcc.a
LOAD C:/Freescale/CW MCU v10.6.4/MCU/ARM_GCC_Support/ewl/lib/armv7e-m\librt.a
END GROUP
                0x20000000                _estack = 0x20000000
                0x20000000                __SP_INIT = _estack
                0x00000000                __heap_size = 0x0
                0x00000400                __stack_size = 0x400

.interrupts     0x00000000      0x1bc
                0x00000000                __vector_table = .
                0x00000000                . = ALIGN (0x4)
 *(.vectortable)
 .vectortable   0x00000000      0x1bc ./Generated_Code/Vectors.o
                0x00000000                __vect_table
                0x000001bc                . = ALIGN (0x4)

.cfmprotect     0x00000400       0x10
                0x00000400                . = ALIGN (0x4)
 *(.cfmconfig)
 .cfmconfig     0x00000400       0x10 ./Generated_Code/Cpu.o
                0x00000400                _cfm
                0x00000410                . = ALIGN (0x4)

.text           0x00000410     0x69a0
                0x00000410                . = ALIGN (0x4)
 *(.text)
 .text          0x00000410      0x370 c:/freescale/cw mcu v10.6.4/cross_tools/arm-none-eabi-gcc-4_7_3/bin/../lib/gcc/arm-none-eabi/4.7.3/armv7e-m\libgcc.a(_arm_addsubdf3.o)
                0x00000410                __aeabi_drsub
                0x00000418                __aeabi_dsub
                0x00000418                __subdf3
                0x0000041c                __aeabi_dadd
                0x0000041c                __adddf3
                0x00000694                __floatunsidf
                0x00000694                __aeabi_ui2d
                0x000006b4                __floatsidf
                0x000006b4                __aeabi_i2d
                0x000006d8                __aeabi_f2d
                0x000006d8                __extendsfdf2
                0x00000714                __floatundidf
                0x00000714                __aeabi_ul2d
                0x00000724                __floatdidf
                0x00000724                __aeabi_l2d
 .text          0x00000780      0x424 c:/freescale/cw mcu v10.6.4/cross_tools/arm-none-eabi-gcc-4_7_3/bin/../lib/gcc/arm-none-eabi/4.7.3/armv7e-m\libgcc.a(_arm_muldivdf3.o)
                0x00000780                __aeabi_dmul
                0x00000780                __muldf3
                0x000009d4                __divdf3
                0x000009d4                __aeabi_ddiv
 .text          0x00000ba4      0x110 c:/freescale/cw mcu v10.6.4/cross_tools/arm-none-eabi-gcc-4_7_3/bin/../lib/gcc/arm-none-eabi/4.7.3/armv7e-m\libgcc.a(_arm_cmpdf2.o)
                0x00000ba4                __gtdf2
                0x00000ba4                __gedf2
                0x00000bac                __ltdf2
                0x00000bac                __ledf2
                0x00000bb4                __nedf2
                0x00000bb4                __eqdf2
                0x00000bb4                __cmpdf2
                0x00000c30                __aeabi_cdrcmple
                0x00000c40                __aeabi_cdcmpeq
                0x00000c40                __aeabi_cdcmple
                0x00000c50                __aeabi_dcmpeq
                0x00000c64                __aeabi_dcmplt
                0x00000c78                __aeabi_dcmple
                0x00000c8c                __aeabi_dcmpge
                0x00000ca0                __aeabi_dcmpgt
 .text          0x00000cb4       0x50 c:/freescale/cw mcu v10.6.4/cross_tools/arm-none-eabi-gcc-4_7_3/bin/../lib/gcc/arm-none-eabi/4.7.3/armv7e-m\libgcc.a(_arm_fixdfsi.o)
                0x00000cb4                __aeabi_d2iz
                0x00000cb4                __fixdfsi
 .text          0x00000d04       0x2c c:/freescale/cw mcu v10.6.4/cross_tools/arm-none-eabi-gcc-4_7_3/bin/../lib/gcc/arm-none-eabi/4.7.3/armv7e-m\libgcc.a(_aeabi_uldivmod.o)
                0x00000d04                __aeabi_uldivmod
 .text          0x00000d30       0x58 c:/freescale/cw mcu v10.6.4/cross_tools/arm-none-eabi-gcc-4_7_3/bin/../lib/gcc/arm-none-eabi/4.7.3/armv7e-m\libgcc.a(bpabi.o)
                0x00000d30                __gnu_ldivmod_helper
                0x00000d5c                __gnu_uldivmod_helper
 .text          0x00000d88        0x4 c:/freescale/cw mcu v10.6.4/cross_tools/arm-none-eabi-gcc-4_7_3/bin/../lib/gcc/arm-none-eabi/4.7.3/armv7e-m\libgcc.a(_dvmd_tls.o)
                0x00000d88                __aeabi_idiv0
                0x00000d88                __aeabi_ldiv0
 .text          0x00000d8c      0x2bc c:/freescale/cw mcu v10.6.4/cross_tools/arm-none-eabi-gcc-4_7_3/bin/../lib/gcc/arm-none-eabi/4.7.3/armv7e-m\libgcc.a(_divdi3.o)
                0x00000d8c                __divdi3
 .text          0x00001048      0x288 c:/freescale/cw mcu v10.6.4/cross_tools/arm-none-eabi-gcc-4_7_3/bin/../lib/gcc/arm-none-eabi/4.7.3/armv7e-m\libgcc.a(_udivdi3.o)
                0x00001048                __udivdi3
 *(.text*)
 .text.Timer_1ms_Init
                0x000012d0       0x64 ./Generated_Code/Timer_1ms.o
                0x000012d0                Timer_1ms_Init
 .text.TU1_OnCounterRestart
                0x00001334       0x28 ./Generated_Code/Timer_1ms.o
                0x00001334                TU1_OnCounterRestart
 .text.TU1_Init
                0x0000135c      0x198 ./Generated_Code/TU1.o
                0x0000135c                TU1_Init
 .text.TU1_Interrupt
                0x000014f4       0x80 ./Generated_Code/TU1.o
                0x000014f4                TU1_Interrupt
 .text.LED_DRIVER_1_RESET_Init
                0x00001574       0x84 ./Generated_Code/LED_DRIVER_1_RESET.o
                0x00001574                LED_DRIVER_1_RESET_Init
 .text.LED_DRIVER_0_RESET_Init
                0x000015f8       0x84 ./Generated_Code/LED_DRIVER_0_RESET.o
                0x000015f8                LED_DRIVER_0_RESET_Init
 .text.IMU_INT_Init
                0x0000167c       0x6c ./Generated_Code/IMU_INT.o
                0x0000167c                IMU_INT_Init
 .text.IMU_FSYNC_Init
                0x000016e8       0x84 ./Generated_Code/IMU_FSYNC.o
                0x000016e8                IMU_FSYNC_Init
 .text.IMU_CS_Init
                0x0000176c       0x84 ./Generated_Code/IMU_CS.o
                0x0000176c                IMU_CS_Init
 .text.I2C0_Interrupt
                0x000017f0      0x368 ./Generated_Code/I2C0.o
                0x000017f0                I2C0_Interrupt
 .text.I2C0_Init
                0x00001b58      0x1c8 ./Generated_Code/I2C0.o
                0x00001b58                I2C0_Init
 .text.FLASH1_Init
                0x00001d20       0x64 ./Generated_Code/FLASH1.o
                0x00001d20                FLASH1_Init
 .text.FLASH1_Write
                0x00001d84       0x84 ./Generated_Code/FLASH1.o
                0x00001d84                FLASH1_Write
 .text.FLASH1_Erase
                0x00001e08       0xa8 ./Generated_Code/FLASH1.o
                0x00001e08                FLASH1_Erase
 .text.FLASH1_Main
                0x00001eb0      0x3d0 ./Generated_Code/FLASH1.o
                0x00001eb0                FLASH1_Main
 .text.RangeCheck
                0x00002280       0x80 ./Generated_Code/FLASH1.o
 .text.SafeRoutineCaller
                0x00002300       0xc4 ./Generated_Code/FLASH1.o
 .text.ESP8266_Serial_Init
                0x000023c4      0x2b4 ./Generated_Code/ESP8266_Serial.o
                0x000023c4                ESP8266_Serial_Init
 .text.ESP8266_Serial_ReceiveBlock
                0x00002678       0xbc ./Generated_Code/ESP8266_Serial.o
                0x00002678                ESP8266_Serial_ReceiveBlock
 .text.ESP8266_Serial_SendBlock
                0x00002734       0xfc ./Generated_Code/ESP8266_Serial.o
                0x00002734                ESP8266_Serial_SendBlock
 .text.InterruptRx
                0x00002830       0x64 ./Generated_Code/ESP8266_Serial.o
 .text.InterruptTx
                0x00002894       0xa4 ./Generated_Code/ESP8266_Serial.o
 .text.ESP8266_Serial_Interrupt
                0x00002938       0x74 ./Generated_Code/ESP8266_Serial.o
                0x00002938                ESP8266_Serial_Interrupt
 .text.ESP8266_RST_Init
                0x000029ac       0x84 ./Generated_Code/ESP8266_RST.o
                0x000029ac                ESP8266_RST_Init
 .text.ESP8266_GPIO2_Init
                0x00002a30       0x84 ./Generated_Code/ESP8266_GPIO2.o
                0x00002a30                ESP8266_GPIO2_Init
 .text.ESP8266_GPIO0_Init
                0x00002ab4       0x84 ./Generated_Code/ESP8266_GPIO0.o
                0x00002ab4                ESP8266_GPIO0_Init
 .text.ESP8266_CHIP_EN_Init
                0x00002b38       0x84 ./Generated_Code/ESP8266_CHIP_EN.o
                0x00002b38                ESP8266_CHIP_EN_Init
 .text.Cpu_INT_NMIInterrupt
                0x00002bbc       0x1c ./Generated_Code/Cpu.o
                0x00002bbc                Cpu_INT_NMIInterrupt
 .text.Cpu_Interrupt
                0x00002bd8       0x18 ./Generated_Code/Cpu.o
                0x00002bd8                Cpu_Interrupt
 .text.__init_hardware
                0x00002bf0      0x1dc ./Generated_Code/Cpu.o
                0x00002bf0                __init_hardware
 .text.Cpu_SetBASEPRI
                0x00002dcc       0x18 ./Generated_Code/Cpu.o
                0x00002dcc                Cpu_SetBASEPRI
 .text.PE_low_level_init
                0x00002de4      0x124 ./Generated_Code/Cpu.o
                0x00002de4                PE_low_level_init
 .text.zero_fill_bss
                0x00002f08       0x2c ./Project_Settings/Startup_Code/__arm_start.o
 .text.__thumb_startup
                0x00002f34       0x30 ./Project_Settings/Startup_Code/__arm_start.o
                0x00002f34                __thumb_startup
 .text._ExitProcess
                0x00002f64        0xc ./Project_Settings/Startup_Code/__arm_end.o
                0x00002f64                _ExitProcess
 .text.erase_program_flash
                0x00002f70       0x50 ./Sources/Drivers/program_flash.o
                0x00002f70                erase_program_flash
 .text.erase_program_flash_page
                0x00002fc0       0x64 ./Sources/Drivers/program_flash.o
                0x00002fc0                erase_program_flash_page
 .text.write_program_block
                0x00003024       0x68 ./Sources/Drivers/program_flash.o
                0x00003024                write_program_block
 .text.Enable_ESP8266
                0x0000308c       0x78 ./Sources/Drivers/ESP8266.o
                0x0000308c                Enable_ESP8266
 .text.ESP8266_Send_Block
                0x00003104       0x48 ./Sources/Drivers/ESP8266.o
                0x00003104                ESP8266_Send_Block
 .text.ESP8266_Get_Incoming_Buffer_Size
                0x0000314c       0x10 ./Sources/Drivers/ESP8266.o
                0x0000314c                ESP8266_Get_Incoming_Buffer_Size
 .text.ESP8266_Get_Incoming_Character
                0x0000315c       0x1c ./Sources/Drivers/ESP8266.o
                0x0000315c                ESP8266_Get_Incoming_Character
 .text.ESP8266_Search_Tail_For_Response
                0x00003178       0x58 ./Sources/Drivers/ESP8266.o
                0x00003178                ESP8266_Search_Tail_For_Response
 .text.ESP8266_Wait_For_Response
                0x000031d0      0x188 ./Sources/Drivers/ESP8266.o
                0x000031d0                ESP8266_Wait_For_Response
 .text.ESP8266_Wait_For_Response_v2
                0x00003358      0x214 ./Sources/Drivers/ESP8266.o
                0x00003358                ESP8266_Wait_For_Response_v2
 .text.ESP8266_Receive_Incoming_Data
                0x0000356c      0x280 ./Sources/Drivers/ESP8266.o
                0x0000356c                ESP8266_Receive_Incoming_Data
 .text.ESP8266_Send_Command_AT
                0x000037ec       0x40 ./Sources/Drivers/ESP8266.o
                0x000037ec                ESP8266_Send_Command_AT
 .text.ESP8266_Send_Command_AT_RST
                0x0000382c       0x54 ./Sources/Drivers/ESP8266.o
                0x0000382c                ESP8266_Send_Command_AT_RST
 .text.ESP8266_Send_Command_AT_CWMODE
                0x00003880       0x78 ./Sources/Drivers/ESP8266.o
                0x00003880                ESP8266_Send_Command_AT_CWMODE
 .text.ESP8266_Send_Command_AT_CWJAP
                0x000038f8       0x84 ./Sources/Drivers/ESP8266.o
                0x000038f8                ESP8266_Send_Command_AT_CWJAP
 .text.ESP8266_Send_Command_AT_CIFSR
                0x0000397c      0x108 ./Sources/Drivers/ESP8266.o
                0x0000397c                ESP8266_Send_Command_AT_CIFSR
 .text.ESP8266_Send_Command_AT_CIPMUX
                0x00003a84       0x78 ./Sources/Drivers/ESP8266.o
                0x00003a84                ESP8266_Send_Command_AT_CIPMUX
 .text.Set_WiFi_Network
                0x00003afc       0x40 ./Sources/Drivers/ESP8266.o
                0x00003afc                Set_WiFi_Network
 .text.Enable_WiFi
                0x00003b3c      0x128 ./Sources/Drivers/ESP8266.o
                0x00003b3c                Enable_WiFi
 .text.Receive_HTTP_GET_Response
                0x00003c64      0x4f8 ./Sources/Drivers/ESP8266.o
 .text.ESP8266_Start_Connection
                0x0000415c       0xfc ./Sources/Drivers/ESP8266.o
                0x0000415c                ESP8266_Start_Connection
 .text.ESP8266_Close_Connection
                0x00004258       0xc4 ./Sources/Drivers/ESP8266.o
                0x00004258                ESP8266_Close_Connection
 .text.Send_HTTP_GET_Request
                0x0000431c      0x1a0 ./Sources/Drivers/ESP8266.o
                0x0000431c                Send_HTTP_GET_Request
 .text.uuid_unpack
                0x000044bc      0x104 ./Sources/Utilities/UUID.o
 .text.uuid_unparse
                0x000045c0       0x78 ./Sources/Utilities/UUID.o
 .text.Initialize_Unit_UUID
                0x00004638      0x1c8 ./Sources/Utilities/UUID.o
                0x00004638                Initialize_Unit_UUID
 .text.Ring_Buffer_Put
                0x00004800      0x10c ./Sources/Utilities/Ring_Buffer.o
                0x00004800                Ring_Buffer_Put
 .text.Ring_Buffer_Get
                0x0000490c      0x108 ./Sources/Utilities/Ring_Buffer.o
                0x0000490c                Ring_Buffer_Get
 .text.Ring_Buffer_NofElements
                0x00004a14       0x18 ./Sources/Utilities/Ring_Buffer.o
                0x00004a14                Ring_Buffer_NofElements
 .text.Ring_Buffer_Init
                0x00004a2c       0x34 ./Sources/Utilities/Ring_Buffer.o
                0x00004a2c                Ring_Buffer_Init
 .text.main     0x00004a60       0x10 ./Sources/main.o
                0x00004a60                main
 .text.ESP8266_Serial_OnBlockReceived
                0x00004a70       0x38 ./Sources/Events_ESP8266.o
                0x00004a70                ESP8266_Serial_OnBlockReceived
 .text.ESP8266_Serial_OnBlockSent
                0x00004aa8       0x20 ./Sources/Events_ESP8266.o
                0x00004aa8                ESP8266_Serial_OnBlockSent
 .text.Cpu_OnNMIINT
                0x00004ac8        0xc ./Sources/Events.o
                0x00004ac8                Cpu_OnNMIINT
 .text.Timer_1ms_OnInterrupt
                0x00004ad4       0x14 ./Sources/Events.o
                0x00004ad4                Timer_1ms_OnInterrupt
 .text.I2C0_OnMasterBlockSent
                0x00004ae8       0x14 ./Sources/Events.o
                0x00004ae8                I2C0_OnMasterBlockSent
 .text.I2C0_OnMasterBlockReceived
                0x00004afc       0x14 ./Sources/Events.o
                0x00004afc                I2C0_OnMasterBlockReceived
 .text.FLASH1_OnOperationComplete
                0x00004b10       0x20 ./Sources/Events.o
                0x00004b10                FLASH1_OnOperationComplete
 .text.Enable_Clock
                0x00004b30       0x14 ./Sources/Clock.o
                0x00004b30                Enable_Clock
 .text.Start_Clock
                0x00004b44       0x58 ./Sources/Clock.o
                0x00004b44                Start_Clock
 .text.Tick     0x00004b9c       0xd4 ./Sources/Clock.o
                0x00004b9c                Tick
 .text.Wait     0x00004c70       0x34 ./Sources/Clock.o
                0x00004c70                Wait
 .text.Millis   0x00004ca4       0x18 ./Sources/Clock.o
                0x00004ca4                Millis
 .text.Verify_Firmware
                0x00004cbc       0x10 ./Sources/Bootloader.o
                0x00004cbc                Verify_Firmware
 .text.Has_Latest_Firmware
                0x00004ccc       0x10 ./Sources/Bootloader.o
                0x00004ccc                Has_Latest_Firmware
 .text.Verify_Firmware_Bytes
                0x00004cdc       0x1c ./Sources/Bootloader.o
                0x00004cdc                Verify_Firmware_Bytes
 .text.Write_Firmware_Bytes
                0x00004cf8       0x34 ./Sources/Bootloader.o
                0x00004cf8                Write_Firmware_Bytes
 .text.Update_Firmware
                0x00004d2c      0x158 ./Sources/Bootloader.o
                0x00004d2c                Update_Firmware
 .text.Jump_To_Application
                0x00004e84       0x1c ./Sources/Bootloader.o
                0x00004e84                Jump_To_Application
 .text.boot_jump
                0x00004ea0       0x1c ./Sources/Bootloader.o
                0x00004ea0                boot_jump
 .text.Application
                0x00004ebc       0x68 ./Sources/Application.o
                0x00004ebc                Application
 .text.sprintf  0x00004f24       0x1c C:/Freescale/CW MCU v10.6.4/MCU/ARM_GCC_Support/ewl/lib/armv7e-m\libc99.a(sprintf.o)
                0x00004f24                sprintf
 .text.exit     0x00004f40       0x38 C:/Freescale/CW MCU v10.6.4/MCU/ARM_GCC_Support/ewl/lib/armv7e-m\libc99.a(exit.o)
                0x00004f40                exit
 .text.strtol   0x00004f78       0x68 C:/Freescale/CW MCU v10.6.4/MCU/ARM_GCC_Support/ewl/lib/armv7e-m\libc99.a(atoi.o)
                0x00004f78                strtol
 .text.atoi     0x00004fe0        0x8 C:/Freescale/CW MCU v10.6.4/MCU/ARM_GCC_Support/ewl/lib/armv7e-m\libc99.a(atoi.o)
                0x00004fe0                atoi
 .text.__strtoul
                0x00004fe8      0x214 C:/Freescale/CW MCU v10.6.4/MCU/ARM_GCC_Support/ewl/lib/armv7e-m\libc99.a(__strtoul.o)
                0x00004fe8                __strtoul
 .text.strchr   0x000051fc       0x1a C:/Freescale/CW MCU v10.6.4/MCU/ARM_GCC_Support/ewl/lib/armv7e-m\libc99.a(strchr.o)
                0x000051fc                strchr
 .text.memset   0x00005216        0xc C:/Freescale/CW MCU v10.6.4/MCU/ARM_GCC_Support/ewl/lib/armv7e-m\libc99.a(memset.o)
                0x00005216                memset
 .text.strncpy  0x00005222       0x30 C:/Freescale/CW MCU v10.6.4/MCU/ARM_GCC_Support/ewl/lib/armv7e-m\libc99.a(strncpy.o)
                0x00005222                strncpy
 .text.strstr   0x00005252       0x32 C:/Freescale/CW MCU v10.6.4/MCU/ARM_GCC_Support/ewl/lib/armv7e-m\libc99.a(strstr.o)
                0x00005252                strstr
 .text.strncmp  0x00005284       0x22 C:/Freescale/CW MCU v10.6.4/MCU/ARM_GCC_Support/ewl/lib/armv7e-m\libc99.a(strncmp.o)
                0x00005284                strncmp
 .text.__fill_mem
                0x000052a6       0x76 C:/Freescale/CW MCU v10.6.4/MCU/ARM_GCC_Support/ewl/lib/armv7e-m\libc99.a(__filll_mem.o)
                0x000052a6                __fill_mem
 .text.memcpy   0x0000531c       0x12 C:/Freescale/CW MCU v10.6.4/MCU/ARM_GCC_Support/ewl/lib/armv7e-m\libc99.a(memcpy.o)
                0x0000531c                memcpy
 .text.strcpy   0x0000532e        0xe C:/Freescale/CW MCU v10.6.4/MCU/ARM_GCC_Support/ewl/lib/armv7e-m\libc99.a(strcpy.o)
                0x0000532e                strcpy
 .text.strlen   0x0000533c       0x10 C:/Freescale/CW MCU v10.6.4/MCU/ARM_GCC_Support/ewl/lib/armv7e-m\libc99.a(strlen.o)
                0x0000533c                strlen
 .text.isalpha  0x0000534c       0x1c C:/Freescale/CW MCU v10.6.4/MCU/ARM_GCC_Support/ewl/lib/armv7e-m\libc99.a(ctype_aeabi.o)
                0x0000534c                isalpha
 .text.isspace  0x00005368       0x1c C:/Freescale/CW MCU v10.6.4/MCU/ARM_GCC_Support/ewl/lib/armv7e-m\libc99.a(ctype_aeabi.o)
                0x00005368                isspace
 .text.isupper  0x00005384       0x1c C:/Freescale/CW MCU v10.6.4/MCU/ARM_GCC_Support/ewl/lib/armv7e-m\libc99.a(ctype_aeabi.o)
                0x00005384                isupper
 .text.toupper  0x000053a0        0xc C:/Freescale/CW MCU v10.6.4/MCU/ARM_GCC_Support/ewl/lib/armv7e-m\libc99.a(ctype_aeabi.o)
                0x000053a0                toupper
 .text.__StringWrite
                0x000053ac       0x2a C:/Freescale/CW MCU v10.6.4/MCU/ARM_GCC_Support/ewl/lib/armv7e-m\libc99.a(vsnprintf.o)
                0x000053ac                __StringWrite
 *fill*         0x000053d6        0x2 00
 .text.vsnprintf
                0x000053d8       0x34 C:/Freescale/CW MCU v10.6.4/MCU/ARM_GCC_Support/ewl/lib/armv7e-m\libc99.a(vsnprintf.o)
                0x000053d8                vsnprintf
 .text.__StringRead
                0x0000540c       0x38 C:/Freescale/CW MCU v10.6.4/MCU/ARM_GCC_Support/ewl/lib/armv7e-m\libc99.a(vsscanf.o)
                0x0000540c                __StringRead
 .text.wcstombs
                0x00005444       0x40 C:/Freescale/CW MCU v10.6.4/MCU/ARM_GCC_Support/ewl/lib/armv7e-m\libc99.a(__wctomb.o)
                0x00005444                wcstombs
 .text.long2str.isra.0
                0x00005484      0x196 C:/Freescale/CW MCU v10.6.4/MCU/ARM_GCC_Support/ewl/lib/armv7e-m\libc99.a(__printformat.o)
 .text.longlong2str.isra.1
                0x0000561a      0x1ee C:/Freescale/CW MCU v10.6.4/MCU/ARM_GCC_Support/ewl/lib/armv7e-m\libc99.a(__printformat.o)
 .text.double2hex.isra.2
                0x00005808      0x23c C:/Freescale/CW MCU v10.6.4/MCU/ARM_GCC_Support/ewl/lib/armv7e-m\libc99.a(__printformat.o)
 .text.__pformatter
                0x00005a44      0x9a0 C:/Freescale/CW MCU v10.6.4/MCU/ARM_GCC_Support/ewl/lib/armv7e-m\libc99.a(__printformat.o)
                0x00005a44                __pformatter
 .text.__ewl_runtime_constraint_violation_s
                0x000063e4       0x10 C:/Freescale/CW MCU v10.6.4/MCU/ARM_GCC_Support/ewl/lib/armv7e-m\libc99.a(secure_error.o)
                0x000063e4                __ewl_runtime_constraint_violation_s
 .text.memchr   0x000063f4       0x18 C:/Freescale/CW MCU v10.6.4/MCU/ARM_GCC_Support/ewl/lib/armv7e-m\libc99.a(memchr.o)
                0x000063f4                memchr
 *fill*         0x0000640c        0x4 00
 .text.__num2dec
                0x00006410      0x228 C:/Freescale/CW MCU v10.6.4/MCU/ARM_GCC_Support/ewl/lib/armv7e-m\libm.a(ansi_fp.o)
                0x00006410                __num2dec
 .text.__round_decimal
                0x00006638       0x98 C:/Freescale/CW MCU v10.6.4/MCU/ARM_GCC_Support/ewl/lib/armv7e-m\libm.a(ansi_fp.o)
                0x00006638                __round_decimal
 .text.__signbitd
                0x000066d0        0x4 C:/Freescale/CW MCU v10.6.4/MCU/ARM_GCC_Support/ewl/lib/armv7e-m\libm.a(math_api.o)
                0x000066d0                __signbitd
 .text.__fpclassifyd
                0x000066d4       0x38 C:/Freescale/CW MCU v10.6.4/MCU/ARM_GCC_Support/ewl/lib/armv7e-m\libm.a(math_api.o)
                0x000066d4                __fpclassifyd
 .text.frexp    0x0000670c       0x6c C:/Freescale/CW MCU v10.6.4/MCU/ARM_GCC_Support/ewl/lib/armv7e-m\libm.a(s_frexp.o)
                0x0000670c                frexp
 .text.__init_cpp
                0x00006778       0x4c C:/Freescale/CW MCU v10.6.4/MCU/ARM_GCC_Support/ewl/lib/armv7e-m\librt.a(gcc_ctor_dtor.o)
                0x00006778                __init_cpp
 .text.__fini_cpp
                0x000067c4       0x34 C:/Freescale/CW MCU v10.6.4/MCU/ARM_GCC_Support/ewl/lib/armv7e-m\librt.a(gcc_ctor_dtor.o)
                0x000067c4                __fini_cpp
 .text.__destroy_global_chain
                0x000067f8       0x18 C:/Freescale/CW MCU v10.6.4/MCU/ARM_GCC_Support/ewl/lib/armv7e-m\librt.a(__arm_eabi_init.o)
                0x000067f8                __destroy_global_chain
 .text.__init_registers
                0x00006810       0x24 C:/Freescale/CW MCU v10.6.4/MCU/ARM_GCC_Support/ewl/lib/armv7e-m\librt.a(__arm_eabi_init.o)
                0x00006810                __init_registers
 .text.__init_user
                0x00006834        0x4 C:/Freescale/CW MCU v10.6.4/MCU/ARM_GCC_Support/ewl/lib/armv7e-m\librt.a(__arm_eabi_init.o)
                0x00006834                __init_user
 .text.__copy_rom_section
                0x00006838       0x44 C:/Freescale/CW MCU v10.6.4/MCU/ARM_GCC_Support/ewl/lib/armv7e-m\librt.a(ROMCopy.o)
                0x00006838                __copy_rom_section
 .text.__copy_rom_sections_to_ram
                0x0000687c       0x30 C:/Freescale/CW MCU v10.6.4/MCU/ARM_GCC_Support/ewl/lib/armv7e-m\librt.a(ROMCopy.o)
                0x0000687c                __copy_rom_sections_to_ram
 *(.rodata)
 .rodata        0x000068ac      0x2d0 ./Sources/Drivers/ESP8266.o
 .rodata        0x00006b7c       0x34 ./Sources/Utilities/UUID.o
 .rodata        0x00006bb0       0x2c ./Sources/Bootloader.o
 .rodata        0x00006bdc       0x10 ./Sources/Application.o
 *(.rodata*)
 .rodata.SafeRoutine
                0x00006bec       0x20 ./Generated_Code/FLASH1.o
 .rodata.__aeabi_ctype_table_C
                0x00006c0c      0x101 C:/Freescale/CW MCU v10.6.4/MCU/ARM_GCC_Support/ewl/lib/armv7e-m\libc99.a(ctype_aeabi.o)
                0x00006c0c                __aeabi_ctype_table_C
 .rodata.str1.1
                0x00006d0d       0x14 C:/Freescale/CW MCU v10.6.4/MCU/ARM_GCC_Support/ewl/lib/armv7e-m\libc99.a(__printformat.o)
                                 0x25 (size before relaxing)
 *fill*         0x00006d21        0x3 00
 .rodata.str4.4
                0x00006d24        0x4 C:/Freescale/CW MCU v10.6.4/MCU/ARM_GCC_Support/ewl/lib/armv7e-m\libc99.a(__printformat.o)
 .rodata.digit_values
                0x00006d28       0x40 C:/Freescale/CW MCU v10.6.4/MCU/ARM_GCC_Support/ewl/lib/armv7e-m\libm.a(ansi_fp.o)
 .rodata.bit_values
                0x00006d68       0x48 C:/Freescale/CW MCU v10.6.4/MCU/ARM_GCC_Support/ewl/lib/armv7e-m\libm.a(ansi_fp.o)
 *(.glue_7)
 .glue_7        0x00000000        0x0 linker stubs
 *(.glue_7t)
 .glue_7t       0x00000000        0x0 linker stubs
 *(.eh_frame)
 *(.init)
 *(.fini)
                0x00006db0                . = ALIGN (0x4)
                0x00006db0                _etext = .

.vfp11_veneer   0x00006db0        0x0
 .vfp11_veneer  0x00000000        0x0 linker stubs

.v4_bx          0x00006db0        0x0
 .v4_bx         0x00000000        0x0 linker stubs

.iplt           0x00006db0        0x0
 .iplt          0x00000000        0x0 ./Generated_Code/Vectors.o

.ARM.extab
 *(.ARM.extab* .gnu.linkonce.armextab.*)

.ARM            0x00006db0        0x8
                0x00006db0                __exidx_start = .
 *(.ARM.exidx*)
 .ARM.exidx     0x00006db0        0x8 c:/freescale/cw mcu v10.6.4/cross_tools/arm-none-eabi-gcc-4_7_3/bin/../lib/gcc/arm-none-eabi/4.7.3/armv7e-m\libgcc.a(_divdi3.o)
 .ARM.exidx     0x00006db8        0x0 c:/freescale/cw mcu v10.6.4/cross_tools/arm-none-eabi-gcc-4_7_3/bin/../lib/gcc/arm-none-eabi/4.7.3/armv7e-m\libgcc.a(_udivdi3.o)
                                  0x8 (size before relaxing)
                0x00006db8                __exidx_end = .

.rel.dyn        0x00006db8        0x0
 .rel.iplt      0x00000000        0x0 ./Generated_Code/Vectors.o

.ctors          0x00006db8        0x0
                0x00006db8                __CTOR_LIST__ = .
 *crtbegin.o(.ctors)
 *(EXCLUDE_FILE(*crtend.o) .ctors)
 *(SORT(.ctors.*))
 *(.ctors)
                0x00006db8                __CTOR_END__ = .

.dtors          0x00006db8        0x0
                0x00006db8                __DTOR_LIST__ = .
 *crtbegin.o(.dtors)
 *(EXCLUDE_FILE(*crtend.o) .dtors)
 *(SORT(.dtors.*))
 *(.dtors)
                0x00006db8                __DTOR_END__ = .

.preinit_array  0x00006db8        0x0
                0x00006db8                PROVIDE (__preinit_array_start, .)
 *(.preinit_array*)
                0x00006db8                PROVIDE (__preinit_array_end, .)

.init_array     0x00006db8        0x0
                0x00006db8                PROVIDE (__init_array_start, .)
 *(SORT(.init_array.*))
 *(.init_array*)
                0x00006db8                PROVIDE (__init_array_end, .)

.fini_array     0x00006db8        0x0
                0x00006db8                PROVIDE (__fini_array_start, .)
 *(SORT(.fini_array.*))
 *(.fini_array*)
                0x00006db8                PROVIDE (__fini_array_end, .)
                0x00006db8                ___ROM_AT = .

.data           0x1fff8000        0x0 load address 0x00006db8
                0x1fff8000                . = ALIGN (0x4)
                0x1fff8000                _sdata = .
 *(.data)
 *(.data*)
                0x1fff8000                . = ALIGN (0x4)
                0x1fff8000                _edata = .
                0x00000000                ___data_size = (_edata - _sdata)
                0x00006db8                ___m_data_20000000_ROMStart = (___ROM_AT + SIZEOF (.data))

.igot.plt       0x1fff8000        0x0
 .igot.plt      0x00000000        0x0 ./Generated_Code/Vectors.o

.m_data_20000000
                0x20000000        0x0 load address 0x00006db8
                0x20000000                . = ALIGN (0x4)
                0x20000000                ___m_data_20000000_RAMStart = .
 *(.m_data_20000000)
                0x20000000                ___m_data_20000000_RAMEnd = .
                0x20000000                . = ALIGN (0x4)
                0x00000000                ___m_data_20000000_ROMSize = (___m_data_20000000_RAMEnd - ___m_data_20000000_RAMStart)
                0x20000000                . = ALIGN (0x4)

.bss            0x1fff8000     0x2f44
                0x1fff8000                __START_BSS = .
                0x1fff8000                PROVIDE (__bss_start__, __START_BSS)
 *(.bss)
 *(.bss*)
 .bss.DeviceDataPrv__DEFAULT_RTOS_ALLOC
                0x1fff8000        0xc ./Generated_Code/Timer_1ms.o
 .bss.DeviceDataPrv__DEFAULT_RTOS_ALLOC
                0x1fff800c        0xc ./Generated_Code/TU1.o
 .bss.INT_FTM0__DEFAULT_RTOS_ISRPARAM
                0x1fff8018        0x4 ./Generated_Code/TU1.o
 .bss.PE_LDD_DeviceDataList
                0x1fff801c       0x70 ./Generated_Code/PE_LDD.o
                0x1fff801c                PE_LDD_DeviceDataList
 .bss.DeviceDataPrv__DEFAULT_RTOS_ALLOC
                0x1fff808c        0x4 ./Generated_Code/LED_DRIVER_1_RESET.o
 .bss.DeviceDataPrv__DEFAULT_RTOS_ALLOC
                0x1fff8090        0x4 ./Generated_Code/LED_DRIVER_0_RESET.o
 .bss.DeviceDataPrv__DEFAULT_RTOS_ALLOC
                0x1fff8094        0x4 ./Generated_Code/IMU_INT.o
 .bss.DeviceDataPrv__DEFAULT_RTOS_ALLOC
                0x1fff8098        0x4 ./Generated_Code/IMU_FSYNC.o
 .bss.DeviceDataPrv__DEFAULT_RTOS_ALLOC
                0x1fff809c        0x4 ./Generated_Code/IMU_CS.o
 .bss.DeviceDataPrv__DEFAULT_RTOS_ALLOC
                0x1fff80a0       0x18 ./Generated_Code/I2C0.o
 .bss.INT_I2C0__DEFAULT_RTOS_ISRPARAM
                0x1fff80b8        0x4 ./Generated_Code/I2C0.o
 .bss.DeviceDataPrv__DEFAULT_RTOS_ALLOC
                0x1fff80bc       0x18 ./Generated_Code/FLASH1.o
 .bss.DeviceDataPrv__DEFAULT_RTOS_ALLOC
                0x1fff80d4       0x18 ./Generated_Code/ESP8266_Serial.o
 .bss.INT_UART0_RX_TX__DEFAULT_RTOS_ISRPARAM
                0x1fff80ec        0x4 ./Generated_Code/ESP8266_Serial.o
 .bss.INT_UART0_ERR__DEFAULT_RTOS_ISRPARAM
                0x1fff80f0        0x4 ./Generated_Code/ESP8266_Serial.o
 .bss.DeviceDataPrv__DEFAULT_RTOS_ALLOC
                0x1fff80f4        0x4 ./Generated_Code/ESP8266_RST.o
 .bss.DeviceDataPrv__DEFAULT_RTOS_ALLOC
                0x1fff80f8        0x4 ./Generated_Code/ESP8266_GPIO2.o
 .bss.DeviceDataPrv__DEFAULT_RTOS_ALLOC
                0x1fff80fc        0x4 ./Generated_Code/ESP8266_GPIO0.o
 .bss.DeviceDataPrv__DEFAULT_RTOS_ALLOC
                0x1fff8100        0x4 ./Generated_Code/ESP8266_CHIP_EN.o
 .bss.SR_lock   0x1fff8104        0x1 ./Generated_Code/Cpu.o
                0x1fff8104                SR_lock
 *fill*         0x1fff8105        0x3 00
 .bss.argv      0x1fff8108        0x4 ./Project_Settings/Startup_Code/__arm_start.o
 .bss.httpResponseBuffer
                0x1fff810c      0x800 ./Sources/Drivers/ESP8266.o
                0x1fff810c                httpResponseBuffer
 .bss.httpResponseBufferSize
                0x1fff890c        0x2 ./Sources/Drivers/ESP8266.o
                0x1fff890c                httpResponseBufferSize
 *fill*         0x1fff890e        0x2 00
 .bss.unitUuid  0x1fff8910       0x28 ./Sources/Utilities/UUID.o
 .bss.Ring_Buffer_buffer
                0x1fff8938      0x800 ./Sources/Utilities/Ring_Buffer.o
 .bss.Ring_Buffer_inIdx
                0x1fff9138        0x2 ./Sources/Utilities/Ring_Buffer.o
 .bss.Ring_Buffer_outIdx
                0x1fff913a        0x2 ./Sources/Utilities/Ring_Buffer.o
 .bss.Ring_Buffer_inSize
                0x1fff913c        0x2 ./Sources/Utilities/Ring_Buffer.o
 *fill*         0x1fff913e        0x2 00
 .bss.__stdio_exit
                0x1fff9140        0x4 C:/Freescale/CW MCU v10.6.4/MCU/ARM_GCC_Support/ewl/lib/armv7e-m\libc99.a(exit.o)
                0x1fff9140                __stdio_exit
 .bss.__console_exit
                0x1fff9144        0x4 C:/Freescale/CW MCU v10.6.4/MCU/ARM_GCC_Support/ewl/lib/armv7e-m\libc99.a(exit.o)
                0x1fff9144                __console_exit
 .bss.__ewl_constraint_handler
                0x1fff9148        0x4 C:/Freescale/CW MCU v10.6.4/MCU/ARM_GCC_Support/ewl/lib/armv7e-m\libc99.a(secure_error.o)
 .bss.__global_destructor_chain
                0x1fff914c        0x4 C:/Freescale/CW MCU v10.6.4/MCU/ARM_GCC_Support/ewl/lib/armv7e-m\librt.a(__arm_eabi_init.o)
                0x1fff914c                __global_destructor_chain
 .bss.__S_romp  0x1fff9150        0xc C:/Freescale/CW MCU v10.6.4/MCU/ARM_GCC_Support/ewl/lib/armv7e-m\librt.a(ROMCopy.o)
 *(COMMON)
 COMMON         0x1fff915c        0x1 ./Generated_Code/Cpu.o
                0x1fff915c                SR_reg
 COMMON         0x1fff915d        0x1 ./Sources/Drivers/program_flash.o
                0x1fff915d                flash_operation_completed
 *fill*         0x1fff915e        0x2 00
 COMMON         0x1fff9160     0x1dd4 ./Sources/Drivers/MPU9250.o
                0x1fff9160                discoveryMessage
                0x1fff91e0                behaviorCache
                0x1fff91e4                channelProfile
                0x1fff922c                loop
                0x1fff9230                incomingDataQueue
                0x1fff9a30                deviceData
                0x1fff9a3c                connectionDataQueue
                0x1fffae3c                updateChannelProfile
                0x1fffae84                currentBehaviorConstruct
                0x1fffae88                incomingDataQueueSize
                0x1fffae8c                remoteConnections
                0x1fffae9c                internetProfile
                0x1fffaf20                connectionDataQueueSize
 COMMON         0x1fffaf34        0xc ./Sources/Clock.o
                0x1fffaf34                tick_3000msec
                0x1fffaf35                tick_250msec
                0x1fffaf36                tick_1msec
                0x1fffaf37                tick_500msec
                0x1fffaf38                power_on_time_msec
                0x1fffaf3c                status
 COMMON         0x1fffaf40        0x4 C:/Freescale/CW MCU v10.6.4/MCU/ARM_GCC_Support/ewl/lib/armv7e-m\libc99.a(errno.o)
                0x1fffaf40                errno
                0x1fffaf44                . = ALIGN (0x4)
                0x1fffaf44                __END_BSS = .
                0x1fffaf44                PROVIDE (__bss_end__, __END_BSS)
                0x00006db8                _romp_at = ((___ROM_AT + SIZEOF (.data)) + SIZEOF (.m_data_20000000))

.romp           0x1fffaf44       0x24 load address 0x00006db8
                0x00006db8                __S_romp = _romp_at
                0x1fffaf44        0x4 LONG 0x6db8 ___ROM_AT
                0x1fffaf48        0x4 LONG 0x1fff8000 _sdata
                0x1fffaf4c        0x4 LONG 0x0 ___data_size
                0x1fffaf50        0x4 LONG 0x6db8 ___m_data_20000000_ROMStart
                0x1fffaf54        0x4 LONG 0x20000000 ___m_data_20000000_RAMStart
                0x1fffaf58        0x4 LONG 0x0 ___m_data_20000000_ROMSize
                0x1fffaf5c        0x4 LONG 0x0
                0x1fffaf60        0x4 LONG 0x0
                0x1fffaf64        0x4 LONG 0x0

._user_heap_stack
                0x1fffaf68      0x400 load address 0x00006ddc
                0x1fffaf68                . = ALIGN (0x4)
                0x1fffaf68                PROVIDE (end, .)
                0x1fffaf68                PROVIDE (_end, .)
                0x1fffaf68                __heap_addr = .
                0x1fffaf68                . = (. + __heap_size)
                0x1fffb368                . = (. + __stack_size)
 *fill*         0x1fffaf68      0x400 00
                0x1fffb368                . = ALIGN (0x4)

.ARM.attributes
                0x00000000       0x33
 *(.ARM.attributes)
 .ARM.attributes
                0x00000000       0x33 ./Generated_Code/Vectors.o
 .ARM.attributes
                0x00000033       0x33 ./Generated_Code/Timer_1ms.o
 .ARM.attributes
                0x00000066       0x33 ./Generated_Code/TU1.o
 .ARM.attributes
                0x00000099       0x33 ./Generated_Code/PE_LDD.o
 .ARM.attributes
                0x000000cc       0x33 ./Generated_Code/LED_DRIVER_1_RESET.o
 .ARM.attributes
                0x000000ff       0x33 ./Generated_Code/LED_DRIVER_0_RESET.o
 .ARM.attributes
                0x00000132       0x33 ./Generated_Code/IMU_INT.o
 .ARM.attributes
                0x00000165       0x33 ./Generated_Code/IMU_FSYNC.o
 .ARM.attributes
                0x00000198       0x33 ./Generated_Code/IMU_CS.o
 .ARM.attributes
                0x000001cb       0x33 ./Generated_Code/I2C0.o
 .ARM.attributes
                0x000001fe       0x33 ./Generated_Code/FLASH1.o
 .ARM.attributes
                0x00000231       0x33 ./Generated_Code/ESP8266_Serial.o
 .ARM.attributes
                0x00000264       0x33 ./Generated_Code/ESP8266_RST.o
 .ARM.attributes
                0x00000297       0x33 ./Generated_Code/ESP8266_GPIO2.o
 .ARM.attributes
                0x000002ca       0x33 ./Generated_Code/ESP8266_GPIO0.o
 .ARM.attributes
                0x000002fd       0x33 ./Generated_Code/ESP8266_CHIP_EN.o
 .ARM.attributes
                0x00000330       0x33 ./Generated_Code/Cpu.o
 .ARM.attributes
                0x00000363       0x33 ./Project_Settings/Startup_Code/__arm_start.o
 .ARM.attributes
                0x00000396       0x33 ./Project_Settings/Startup_Code/__arm_end.o
 .ARM.attributes
                0x000003c9       0x33 ./Sources/Drivers/program_flash.o
 .ARM.attributes
                0x000003fc       0x33 ./Sources/Drivers/MPU9250.o
 .ARM.attributes
                0x0000042f       0x33 ./Sources/Drivers/ESP8266.o
 .ARM.attributes
                0x00000462       0x33 ./Sources/Utilities/UUID.o
 .ARM.attributes
                0x00000495       0x33 ./Sources/Utilities/Ring_Buffer.o
 .ARM.attributes
                0x000004c8       0x33 ./Sources/main.o
 .ARM.attributes
                0x000004fb       0x33 ./Sources/Events_ESP8266.o
 .ARM.attributes
                0x0000052e       0x33 ./Sources/Events.o
 .ARM.attributes
                0x00000561       0x33 ./Sources/Clock.o
 .ARM.attributes
                0x00000594       0x33 ./Sources/Bootloader.o
 .ARM.attributes
                0x000005c7       0x33 ./Sources/Application.o
 .ARM.attributes
                0x000005fa       0x33 C:/Freescale/CW MCU v10.6.4/MCU/ARM_GCC_Support/ewl/lib/armv7e-m\libc99.a(sprintf.o)
 .ARM.attributes
                0x0000062d       0x33 C:/Freescale/CW MCU v10.6.4/MCU/ARM_GCC_Support/ewl/lib/armv7e-m\libc99.a(exit.o)
 .ARM.attributes
                0x00000660       0x33 C:/Freescale/CW MCU v10.6.4/MCU/ARM_GCC_Support/ewl/lib/armv7e-m\libc99.a(atoi.o)
 .ARM.attributes
                0x00000693       0x33 C:/Freescale/CW MCU v10.6.4/MCU/ARM_GCC_Support/ewl/lib/armv7e-m\libc99.a(__strtoul.o)
 .ARM.attributes
                0x000006c6       0x33 C:/Freescale/CW MCU v10.6.4/MCU/ARM_GCC_Support/ewl/lib/armv7e-m\libc99.a(strchr.o)
 .ARM.attributes
                0x000006f9       0x33 C:/Freescale/CW MCU v10.6.4/MCU/ARM_GCC_Support/ewl/lib/armv7e-m\libc99.a(memset.o)
 .ARM.attributes
                0x0000072c       0x33 C:/Freescale/CW MCU v10.6.4/MCU/ARM_GCC_Support/ewl/lib/armv7e-m\libc99.a(strncpy.o)
 .ARM.attributes
                0x0000075f       0x33 C:/Freescale/CW MCU v10.6.4/MCU/ARM_GCC_Support/ewl/lib/armv7e-m\libc99.a(strstr.o)
 .ARM.attributes
                0x00000792       0x33 C:/Freescale/CW MCU v10.6.4/MCU/ARM_GCC_Support/ewl/lib/armv7e-m\libc99.a(strncmp.o)
 .ARM.attributes
                0x000007c5       0x33 C:/Freescale/CW MCU v10.6.4/MCU/ARM_GCC_Support/ewl/lib/armv7e-m\libc99.a(__filll_mem.o)
 .ARM.attributes
                0x000007f8       0x33 C:/Freescale/CW MCU v10.6.4/MCU/ARM_GCC_Support/ewl/lib/armv7e-m\libc99.a(memcpy.o)
 .ARM.attributes
                0x0000082b       0x33 C:/Freescale/CW MCU v10.6.4/MCU/ARM_GCC_Support/ewl/lib/armv7e-m\libc99.a(strcpy.o)
 .ARM.attributes
                0x0000085e       0x33 C:/Freescale/CW MCU v10.6.4/MCU/ARM_GCC_Support/ewl/lib/armv7e-m\libc99.a(strlen.o)
 .ARM.attributes
                0x00000891       0x33 C:/Freescale/CW MCU v10.6.4/MCU/ARM_GCC_Support/ewl/lib/armv7e-m\libc99.a(ctype_aeabi.o)
 .ARM.attributes
                0x000008c4       0x33 C:/Freescale/CW MCU v10.6.4/MCU/ARM_GCC_Support/ewl/lib/armv7e-m\libc99.a(errno.o)
 .ARM.attributes
                0x000008f7       0x33 C:/Freescale/CW MCU v10.6.4/MCU/ARM_GCC_Support/ewl/lib/armv7e-m\libc99.a(vsnprintf.o)
 .ARM.attributes
                0x0000092a       0x33 C:/Freescale/CW MCU v10.6.4/MCU/ARM_GCC_Support/ewl/lib/armv7e-m\libc99.a(vsscanf.o)
 .ARM.attributes
                0x0000095d       0x33 C:/Freescale/CW MCU v10.6.4/MCU/ARM_GCC_Support/ewl/lib/armv7e-m\libc99.a(__wctomb.o)
 .ARM.attributes
                0x00000990       0x33 C:/Freescale/CW MCU v10.6.4/MCU/ARM_GCC_Support/ewl/lib/armv7e-m\libc99.a(__printformat.o)
 .ARM.attributes
                0x000009c3       0x33 C:/Freescale/CW MCU v10.6.4/MCU/ARM_GCC_Support/ewl/lib/armv7e-m\libc99.a(secure_error.o)
 .ARM.attributes
                0x000009f6       0x33 C:/Freescale/CW MCU v10.6.4/MCU/ARM_GCC_Support/ewl/lib/armv7e-m\libc99.a(memchr.o)
 .ARM.attributes
                0x00000a29       0x33 C:/Freescale/CW MCU v10.6.4/MCU/ARM_GCC_Support/ewl/lib/armv7e-m\libm.a(ansi_fp.o)
 .ARM.attributes
                0x00000a5c       0x33 C:/Freescale/CW MCU v10.6.4/MCU/ARM_GCC_Support/ewl/lib/armv7e-m\libm.a(math_api.o)
 .ARM.attributes
                0x00000a8f       0x33 C:/Freescale/CW MCU v10.6.4/MCU/ARM_GCC_Support/ewl/lib/armv7e-m\libm.a(s_frexp.o)
 .ARM.attributes
                0x00000ac2       0x1e c:/freescale/cw mcu v10.6.4/cross_tools/arm-none-eabi-gcc-4_7_3/bin/../lib/gcc/arm-none-eabi/4.7.3/armv7e-m\libgcc.a(_arm_addsubdf3.o)
 .ARM.attributes
                0x00000ae0       0x1e c:/freescale/cw mcu v10.6.4/cross_tools/arm-none-eabi-gcc-4_7_3/bin/../lib/gcc/arm-none-eabi/4.7.3/armv7e-m\libgcc.a(_arm_muldivdf3.o)
 .ARM.attributes
                0x00000afe       0x1e c:/freescale/cw mcu v10.6.4/cross_tools/arm-none-eabi-gcc-4_7_3/bin/../lib/gcc/arm-none-eabi/4.7.3/armv7e-m\libgcc.a(_arm_cmpdf2.o)
 .ARM.attributes
                0x00000b1c       0x1e c:/freescale/cw mcu v10.6.4/cross_tools/arm-none-eabi-gcc-4_7_3/bin/../lib/gcc/arm-none-eabi/4.7.3/armv7e-m\libgcc.a(_arm_fixdfsi.o)
 .ARM.attributes
                0x00000b3a       0x1e c:/freescale/cw mcu v10.6.4/cross_tools/arm-none-eabi-gcc-4_7_3/bin/../lib/gcc/arm-none-eabi/4.7.3/armv7e-m\libgcc.a(_aeabi_uldivmod.o)
 .ARM.attributes
                0x00000b58       0x2e c:/freescale/cw mcu v10.6.4/cross_tools/arm-none-eabi-gcc-4_7_3/bin/../lib/gcc/arm-none-eabi/4.7.3/armv7e-m\libgcc.a(bpabi.o)
 .ARM.attributes
                0x00000b86       0x1e c:/freescale/cw mcu v10.6.4/cross_tools/arm-none-eabi-gcc-4_7_3/bin/../lib/gcc/arm-none-eabi/4.7.3/armv7e-m\libgcc.a(_dvmd_tls.o)
 .ARM.attributes
                0x00000ba4       0x2e c:/freescale/cw mcu v10.6.4/cross_tools/arm-none-eabi-gcc-4_7_3/bin/../lib/gcc/arm-none-eabi/4.7.3/armv7e-m\libgcc.a(_divdi3.o)
 .ARM.attributes
                0x00000bd2       0x2e c:/freescale/cw mcu v10.6.4/cross_tools/arm-none-eabi-gcc-4_7_3/bin/../lib/gcc/arm-none-eabi/4.7.3/armv7e-m\libgcc.a(_udivdi3.o)
 .ARM.attributes
                0x00000c00       0x33 C:/Freescale/CW MCU v10.6.4/MCU/ARM_GCC_Support/ewl/lib/armv7e-m\librt.a(gcc_ctor_dtor.o)
 .ARM.attributes
                0x00000c33       0x33 C:/Freescale/CW MCU v10.6.4/MCU/ARM_GCC_Support/ewl/lib/armv7e-m\librt.a(__arm_eabi_init.o)
 .ARM.attributes
                0x00000c66       0x33 C:/Freescale/CW MCU v10.6.4/MCU/ARM_GCC_Support/ewl/lib/armv7e-m\librt.a(ROMCopy.o)
OUTPUT(Clay_5G_Firmware.elf elf32-littlearm)

.debug_info     0x00000000     0xf8b5
 .debug_info    0x00000000      0x10c ./Generated_Code/Vectors.o
 .debug_info    0x0000010c      0x180 ./Generated_Code/Timer_1ms.o
 .debug_info    0x0000028c      0x6c5 ./Generated_Code/TU1.o
 .debug_info    0x00000951      0x255 ./Generated_Code/PE_LDD.o
 .debug_info    0x00000ba6      0x372 ./Generated_Code/LED_DRIVER_1_RESET.o
 .debug_info    0x00000f18      0x372 ./Generated_Code/LED_DRIVER_0_RESET.o
 .debug_info    0x0000128a      0x2ec ./Generated_Code/IMU_INT.o
 .debug_info    0x00001576      0x372 ./Generated_Code/IMU_FSYNC.o
 .debug_info    0x000018e8      0x372 ./Generated_Code/IMU_CS.o
 .debug_info    0x00001c5a      0x902 ./Generated_Code/I2C0.o
 .debug_info    0x0000255c      0xa81 ./Generated_Code/FLASH1.o
 .debug_info    0x00002fdd      0xa1e ./Generated_Code/ESP8266_Serial.o
 .debug_info    0x000039fb      0x372 ./Generated_Code/ESP8266_RST.o
 .debug_info    0x00003d6d      0x372 ./Generated_Code/ESP8266_GPIO2.o
 .debug_info    0x000040df      0x372 ./Generated_Code/ESP8266_GPIO0.o
 .debug_info    0x00004451      0x372 ./Generated_Code/ESP8266_CHIP_EN.o
 .debug_info    0x000047c3      0xac6 ./Generated_Code/Cpu.o
 .debug_info    0x00005289      0x12a ./Project_Settings/Startup_Code/__arm_start.o
 .debug_info    0x000053b3       0x54 ./Project_Settings/Startup_Code/__arm_end.o
 .debug_info    0x00005407      0x3e7 ./Sources/Drivers/program_flash.o
 .debug_info    0x000057ee      0x94e ./Sources/Drivers/MPU9250.o
 .debug_info    0x0000613c     0x1626 ./Sources/Drivers/ESP8266.o
 .debug_info    0x00007762      0x47a ./Sources/Utilities/UUID.o
 .debug_info    0x00007bdc      0x21b ./Sources/Utilities/Ring_Buffer.o
 .debug_info    0x00007df7      0x456 ./Sources/main.o
 .debug_info    0x0000824d      0x4c3 ./Sources/Events_ESP8266.o
 .debug_info    0x00008710      0x51c ./Sources/Events.o
 .debug_info    0x00008c2c      0x715 ./Sources/Clock.o
 .debug_info    0x00009341      0x7f9 ./Sources/Bootloader.o
 .debug_info    0x00009b3a      0x47d ./Sources/Application.o
 .debug_info    0x00009fb7      0x3ef C:/Freescale/CW MCU v10.6.4/MCU/ARM_GCC_Support/ewl/lib/armv7e-m\libc99.a(sprintf.o)
 .debug_info    0x0000a3a6      0x111 C:/Freescale/CW MCU v10.6.4/MCU/ARM_GCC_Support/ewl/lib/armv7e-m\libc99.a(exit.o)
 .debug_info    0x0000a4b7      0x720 C:/Freescale/CW MCU v10.6.4/MCU/ARM_GCC_Support/ewl/lib/armv7e-m\libc99.a(atoi.o)
 .debug_info    0x0000abd7      0x6de C:/Freescale/CW MCU v10.6.4/MCU/ARM_GCC_Support/ewl/lib/armv7e-m\libc99.a(__strtoul.o)
 .debug_info    0x0000b2b5      0x108 C:/Freescale/CW MCU v10.6.4/MCU/ARM_GCC_Support/ewl/lib/armv7e-m\libc99.a(strchr.o)
 .debug_info    0x0000b3bd       0xec C:/Freescale/CW MCU v10.6.4/MCU/ARM_GCC_Support/ewl/lib/armv7e-m\libc99.a(memset.o)
 .debug_info    0x0000b4a9      0x108 C:/Freescale/CW MCU v10.6.4/MCU/ARM_GCC_Support/ewl/lib/armv7e-m\libc99.a(strncpy.o)
 .debug_info    0x0000b5b1      0x15e C:/Freescale/CW MCU v10.6.4/MCU/ARM_GCC_Support/ewl/lib/armv7e-m\libc99.a(strstr.o)
 .debug_info    0x0000b70f      0x141 C:/Freescale/CW MCU v10.6.4/MCU/ARM_GCC_Support/ewl/lib/armv7e-m\libc99.a(strncmp.o)
 .debug_info    0x0000b850      0x135 C:/Freescale/CW MCU v10.6.4/MCU/ARM_GCC_Support/ewl/lib/armv7e-m\libc99.a(__filll_mem.o)
 .debug_info    0x0000b985      0x10f C:/Freescale/CW MCU v10.6.4/MCU/ARM_GCC_Support/ewl/lib/armv7e-m\libc99.a(memcpy.o)
 .debug_info    0x0000ba94      0x108 C:/Freescale/CW MCU v10.6.4/MCU/ARM_GCC_Support/ewl/lib/armv7e-m\libc99.a(strcpy.o)
 .debug_info    0x0000bb9c       0xeb C:/Freescale/CW MCU v10.6.4/MCU/ARM_GCC_Support/ewl/lib/armv7e-m\libc99.a(strlen.o)
 .debug_info    0x0000bc87      0x306 C:/Freescale/CW MCU v10.6.4/MCU/ARM_GCC_Support/ewl/lib/armv7e-m\libc99.a(ctype_aeabi.o)
 .debug_info    0x0000bf8d       0x9d C:/Freescale/CW MCU v10.6.4/MCU/ARM_GCC_Support/ewl/lib/armv7e-m\libc99.a(errno.o)
 .debug_info    0x0000c02a      0x4cb C:/Freescale/CW MCU v10.6.4/MCU/ARM_GCC_Support/ewl/lib/armv7e-m\libc99.a(vsnprintf.o)
 .debug_info    0x0000c4f5      0x252 C:/Freescale/CW MCU v10.6.4/MCU/ARM_GCC_Support/ewl/lib/armv7e-m\libc99.a(vsscanf.o)
 .debug_info    0x0000c747     0x10ca C:/Freescale/CW MCU v10.6.4/MCU/ARM_GCC_Support/ewl/lib/armv7e-m\libc99.a(__wctomb.o)
 .debug_info    0x0000d811      0xe00 C:/Freescale/CW MCU v10.6.4/MCU/ARM_GCC_Support/ewl/lib/armv7e-m\libc99.a(__printformat.o)
 .debug_info    0x0000e611      0x247 C:/Freescale/CW MCU v10.6.4/MCU/ARM_GCC_Support/ewl/lib/armv7e-m\libc99.a(secure_error.o)
 .debug_info    0x0000e858      0x120 C:/Freescale/CW MCU v10.6.4/MCU/ARM_GCC_Support/ewl/lib/armv7e-m\libc99.a(memchr.o)
 .debug_info    0x0000e978      0x514 C:/Freescale/CW MCU v10.6.4/MCU/ARM_GCC_Support/ewl/lib/armv7e-m\libm.a(ansi_fp.o)
 .debug_info    0x0000ee8c      0x303 C:/Freescale/CW MCU v10.6.4/MCU/ARM_GCC_Support/ewl/lib/armv7e-m\libm.a(math_api.o)
 .debug_info    0x0000f18f      0x1a1 C:/Freescale/CW MCU v10.6.4/MCU/ARM_GCC_Support/ewl/lib/armv7e-m\libm.a(s_frexp.o)
 .debug_info    0x0000f330      0x136 C:/Freescale/CW MCU v10.6.4/MCU/ARM_GCC_Support/ewl/lib/armv7e-m\librt.a(gcc_ctor_dtor.o)
 .debug_info    0x0000f466      0x2b5 C:/Freescale/CW MCU v10.6.4/MCU/ARM_GCC_Support/ewl/lib/armv7e-m\librt.a(__arm_eabi_init.o)
 .debug_info    0x0000f71b      0x19a C:/Freescale/CW MCU v10.6.4/MCU/ARM_GCC_Support/ewl/lib/armv7e-m\librt.a(ROMCopy.o)

.debug_abbrev   0x00000000     0x3f34
 .debug_abbrev  0x00000000       0xa3 ./Generated_Code/Vectors.o
 .debug_abbrev  0x000000a3       0xd2 ./Generated_Code/Timer_1ms.o
 .debug_abbrev  0x00000175      0x141 ./Generated_Code/TU1.o
 .debug_abbrev  0x000002b6      0x102 ./Generated_Code/PE_LDD.o
 .debug_abbrev  0x000003b8      0x12b ./Generated_Code/LED_DRIVER_1_RESET.o
 .debug_abbrev  0x000004e3      0x12b ./Generated_Code/LED_DRIVER_0_RESET.o
 .debug_abbrev  0x0000060e      0x105 ./Generated_Code/IMU_INT.o
 .debug_abbrev  0x00000713      0x12b ./Generated_Code/IMU_FSYNC.o
 .debug_abbrev  0x0000083e      0x12b ./Generated_Code/IMU_CS.o
 .debug_abbrev  0x00000969      0x173 ./Generated_Code/I2C0.o
 .debug_abbrev  0x00000adc      0x1f1 ./Generated_Code/FLASH1.o
 .debug_abbrev  0x00000ccd      0x1bd ./Generated_Code/ESP8266_Serial.o
 .debug_abbrev  0x00000e8a      0x12b ./Generated_Code/ESP8266_RST.o
 .debug_abbrev  0x00000fb5      0x12b ./Generated_Code/ESP8266_GPIO2.o
 .debug_abbrev  0x000010e0      0x12b ./Generated_Code/ESP8266_GPIO0.o
 .debug_abbrev  0x0000120b      0x12b ./Generated_Code/ESP8266_CHIP_EN.o
 .debug_abbrev  0x00001336      0x15d ./Generated_Code/Cpu.o
 .debug_abbrev  0x00001493       0x92 ./Project_Settings/Startup_Code/__arm_start.o
 .debug_abbrev  0x00001525       0x4c ./Project_Settings/Startup_Code/__arm_end.o
 .debug_abbrev  0x00001571      0x133 ./Sources/Drivers/program_flash.o
 .debug_abbrev  0x000016a4      0x17a ./Sources/Drivers/MPU9250.o
 .debug_abbrev  0x0000181e      0x2b5 ./Sources/Drivers/ESP8266.o
 .debug_abbrev  0x00001ad3      0x147 ./Sources/Utilities/UUID.o
 .debug_abbrev  0x00001c1a       0xf8 ./Sources/Utilities/Ring_Buffer.o
 .debug_abbrev  0x00001d12       0xdf ./Sources/main.o
 .debug_abbrev  0x00001df1       0xfd ./Sources/Events_ESP8266.o
 .debug_abbrev  0x00001eee      0x114 ./Sources/Events.o
 .debug_abbrev  0x00002002      0x188 ./Sources/Clock.o
 .debug_abbrev  0x0000218a      0x1b5 ./Sources/Bootloader.o
 .debug_abbrev  0x0000233f       0xfd ./Sources/Application.o
 .debug_abbrev  0x0000243c      0x12d C:/Freescale/CW MCU v10.6.4/MCU/ARM_GCC_Support/ewl/lib/armv7e-m\libc99.a(sprintf.o)
 .debug_abbrev  0x00002569       0x91 C:/Freescale/CW MCU v10.6.4/MCU/ARM_GCC_Support/ewl/lib/armv7e-m\libc99.a(exit.o)
 .debug_abbrev  0x000025fa      0x1b7 C:/Freescale/CW MCU v10.6.4/MCU/ARM_GCC_Support/ewl/lib/armv7e-m\libc99.a(atoi.o)
 .debug_abbrev  0x000027b1      0x1a1 C:/Freescale/CW MCU v10.6.4/MCU/ARM_GCC_Support/ewl/lib/armv7e-m\libc99.a(__strtoul.o)
 .debug_abbrev  0x00002952       0x89 C:/Freescale/CW MCU v10.6.4/MCU/ARM_GCC_Support/ewl/lib/armv7e-m\libc99.a(strchr.o)
 .debug_abbrev  0x000029db       0x62 C:/Freescale/CW MCU v10.6.4/MCU/ARM_GCC_Support/ewl/lib/armv7e-m\libc99.a(memset.o)
 .debug_abbrev  0x00002a3d       0x89 C:/Freescale/CW MCU v10.6.4/MCU/ARM_GCC_Support/ewl/lib/armv7e-m\libc99.a(strncpy.o)
 .debug_abbrev  0x00002ac6       0xa1 C:/Freescale/CW MCU v10.6.4/MCU/ARM_GCC_Support/ewl/lib/armv7e-m\libc99.a(strstr.o)
 .debug_abbrev  0x00002b67       0x98 C:/Freescale/CW MCU v10.6.4/MCU/ARM_GCC_Support/ewl/lib/armv7e-m\libc99.a(strncmp.o)
 .debug_abbrev  0x00002bff       0x87 C:/Freescale/CW MCU v10.6.4/MCU/ARM_GCC_Support/ewl/lib/armv7e-m\libc99.a(__filll_mem.o)
 .debug_abbrev  0x00002c86       0x95 C:/Freescale/CW MCU v10.6.4/MCU/ARM_GCC_Support/ewl/lib/armv7e-m\libc99.a(memcpy.o)
 .debug_abbrev  0x00002d1b       0x78 C:/Freescale/CW MCU v10.6.4/MCU/ARM_GCC_Support/ewl/lib/armv7e-m\libc99.a(strcpy.o)
 .debug_abbrev  0x00002d93       0x7a C:/Freescale/CW MCU v10.6.4/MCU/ARM_GCC_Support/ewl/lib/armv7e-m\libc99.a(strlen.o)
 .debug_abbrev  0x00002e0d       0x85 C:/Freescale/CW MCU v10.6.4/MCU/ARM_GCC_Support/ewl/lib/armv7e-m\libc99.a(ctype_aeabi.o)
 .debug_abbrev  0x00002e92       0x44 C:/Freescale/CW MCU v10.6.4/MCU/ARM_GCC_Support/ewl/lib/armv7e-m\libc99.a(errno.o)
 .debug_abbrev  0x00002ed6      0x150 C:/Freescale/CW MCU v10.6.4/MCU/ARM_GCC_Support/ewl/lib/armv7e-m\libc99.a(vsnprintf.o)
 .debug_abbrev  0x00003026      0x15f C:/Freescale/CW MCU v10.6.4/MCU/ARM_GCC_Support/ewl/lib/armv7e-m\libc99.a(vsscanf.o)
 .debug_abbrev  0x00003185      0x29d C:/Freescale/CW MCU v10.6.4/MCU/ARM_GCC_Support/ewl/lib/armv7e-m\libc99.a(__wctomb.o)
 .debug_abbrev  0x00003422      0x29d C:/Freescale/CW MCU v10.6.4/MCU/ARM_GCC_Support/ewl/lib/armv7e-m\libc99.a(__printformat.o)
 .debug_abbrev  0x000036bf      0x131 C:/Freescale/CW MCU v10.6.4/MCU/ARM_GCC_Support/ewl/lib/armv7e-m\libc99.a(secure_error.o)
 .debug_abbrev  0x000037f0       0x95 C:/Freescale/CW MCU v10.6.4/MCU/ARM_GCC_Support/ewl/lib/armv7e-m\libc99.a(memchr.o)
 .debug_abbrev  0x00003885      0x15d C:/Freescale/CW MCU v10.6.4/MCU/ARM_GCC_Support/ewl/lib/armv7e-m\libm.a(ansi_fp.o)
 .debug_abbrev  0x000039e2       0xe8 C:/Freescale/CW MCU v10.6.4/MCU/ARM_GCC_Support/ewl/lib/armv7e-m\libm.a(math_api.o)
 .debug_abbrev  0x00003aca       0xce C:/Freescale/CW MCU v10.6.4/MCU/ARM_GCC_Support/ewl/lib/armv7e-m\libm.a(s_frexp.o)
 .debug_abbrev  0x00003b98       0x99 C:/Freescale/CW MCU v10.6.4/MCU/ARM_GCC_Support/ewl/lib/armv7e-m\librt.a(gcc_ctor_dtor.o)
 .debug_abbrev  0x00003c31      0x1cc C:/Freescale/CW MCU v10.6.4/MCU/ARM_GCC_Support/ewl/lib/armv7e-m\librt.a(__arm_eabi_init.o)
 .debug_abbrev  0x00003dfd      0x137 C:/Freescale/CW MCU v10.6.4/MCU/ARM_GCC_Support/ewl/lib/armv7e-m\librt.a(ROMCopy.o)

.debug_aranges  0x00000000      0xe28
 .debug_aranges
                0x00000000       0x18 ./Generated_Code/Vectors.o
 .debug_aranges
                0x00000018       0x28 ./Generated_Code/Timer_1ms.o
 .debug_aranges
                0x00000040       0x28 ./Generated_Code/TU1.o
 .debug_aranges
                0x00000068       0x30 ./Generated_Code/PE_LDD.o
 .debug_aranges
                0x00000098       0x40 ./Generated_Code/LED_DRIVER_1_RESET.o
 .debug_aranges
                0x000000d8       0x40 ./Generated_Code/LED_DRIVER_0_RESET.o
 .debug_aranges
                0x00000118       0x28 ./Generated_Code/IMU_INT.o
 .debug_aranges
                0x00000140       0x40 ./Generated_Code/IMU_FSYNC.o
 .debug_aranges
                0x00000180       0x40 ./Generated_Code/IMU_CS.o
 .debug_aranges
                0x000001c0       0x40 ./Generated_Code/I2C0.o
 .debug_aranges
                0x00000200       0x50 ./Generated_Code/FLASH1.o
 .debug_aranges
                0x00000250       0x50 ./Generated_Code/ESP8266_Serial.o
 .debug_aranges
                0x000002a0       0x40 ./Generated_Code/ESP8266_RST.o
 .debug_aranges
                0x000002e0       0x40 ./Generated_Code/ESP8266_GPIO2.o
 .debug_aranges
                0x00000320       0x40 ./Generated_Code/ESP8266_GPIO0.o
 .debug_aranges
                0x00000360       0x40 ./Generated_Code/ESP8266_CHIP_EN.o
 .debug_aranges
                0x000003a0       0x40 ./Generated_Code/Cpu.o
 .debug_aranges
                0x000003e0       0x30 ./Project_Settings/Startup_Code/__arm_start.o
 .debug_aranges
                0x00000410       0x20 ./Project_Settings/Startup_Code/__arm_end.o
 .debug_aranges
                0x00000430       0x40 ./Sources/Drivers/program_flash.o
 .debug_aranges
                0x00000470       0x90 ./Sources/Drivers/MPU9250.o
 .debug_aranges
                0x00000500      0x158 ./Sources/Drivers/ESP8266.o
 .debug_aranges
                0x00000658       0x38 ./Sources/Utilities/UUID.o
 .debug_aranges
                0x00000690       0x48 ./Sources/Utilities/Ring_Buffer.o
 .debug_aranges
                0x000006d8       0x20 ./Sources/main.o
 .debug_aranges
                0x000006f8       0x28 ./Sources/Events_ESP8266.o
 .debug_aranges
                0x00000720       0x40 ./Sources/Events.o
 .debug_aranges
                0x00000760       0x48 ./Sources/Clock.o
 .debug_aranges
                0x000007a8       0x58 ./Sources/Bootloader.o
 .debug_aranges
                0x00000800       0x20 ./Sources/Application.o
 .debug_aranges
                0x00000820       0x28 C:/Freescale/CW MCU v10.6.4/MCU/ARM_GCC_Support/ewl/lib/armv7e-m\libc99.a(sprintf.o)
 .debug_aranges
                0x00000848       0x28 C:/Freescale/CW MCU v10.6.4/MCU/ARM_GCC_Support/ewl/lib/armv7e-m\libc99.a(exit.o)
 .debug_aranges
                0x00000870       0x68 C:/Freescale/CW MCU v10.6.4/MCU/ARM_GCC_Support/ewl/lib/armv7e-m\libc99.a(atoi.o)
 .debug_aranges
                0x000008d8       0x58 C:/Freescale/CW MCU v10.6.4/MCU/ARM_GCC_Support/ewl/lib/armv7e-m\libc99.a(__strtoul.o)
 .debug_aranges
                0x00000930       0x20 C:/Freescale/CW MCU v10.6.4/MCU/ARM_GCC_Support/ewl/lib/armv7e-m\libc99.a(strchr.o)
 .debug_aranges
                0x00000950       0x20 C:/Freescale/CW MCU v10.6.4/MCU/ARM_GCC_Support/ewl/lib/armv7e-m\libc99.a(memset.o)
 .debug_aranges
                0x00000970       0x20 C:/Freescale/CW MCU v10.6.4/MCU/ARM_GCC_Support/ewl/lib/armv7e-m\libc99.a(strncpy.o)
 .debug_aranges
                0x00000990       0x20 C:/Freescale/CW MCU v10.6.4/MCU/ARM_GCC_Support/ewl/lib/armv7e-m\libc99.a(strstr.o)
 .debug_aranges
                0x000009b0       0x20 C:/Freescale/CW MCU v10.6.4/MCU/ARM_GCC_Support/ewl/lib/armv7e-m\libc99.a(strncmp.o)
 .debug_aranges
                0x000009d0       0x20 C:/Freescale/CW MCU v10.6.4/MCU/ARM_GCC_Support/ewl/lib/armv7e-m\libc99.a(__filll_mem.o)
 .debug_aranges
                0x000009f0       0x20 C:/Freescale/CW MCU v10.6.4/MCU/ARM_GCC_Support/ewl/lib/armv7e-m\libc99.a(memcpy.o)
 .debug_aranges
                0x00000a10       0x20 C:/Freescale/CW MCU v10.6.4/MCU/ARM_GCC_Support/ewl/lib/armv7e-m\libc99.a(strcpy.o)
 .debug_aranges
                0x00000a30       0x20 C:/Freescale/CW MCU v10.6.4/MCU/ARM_GCC_Support/ewl/lib/armv7e-m\libc99.a(strlen.o)
 .debug_aranges
                0x00000a50       0x88 C:/Freescale/CW MCU v10.6.4/MCU/ARM_GCC_Support/ewl/lib/armv7e-m\libc99.a(ctype_aeabi.o)
 .debug_aranges
                0x00000ad8       0x18 C:/Freescale/CW MCU v10.6.4/MCU/ARM_GCC_Support/ewl/lib/armv7e-m\libc99.a(errno.o)
 .debug_aranges
                0x00000af0       0x30 C:/Freescale/CW MCU v10.6.4/MCU/ARM_GCC_Support/ewl/lib/armv7e-m\libc99.a(vsnprintf.o)
 .debug_aranges
                0x00000b20       0x28 C:/Freescale/CW MCU v10.6.4/MCU/ARM_GCC_Support/ewl/lib/armv7e-m\libc99.a(vsscanf.o)
 .debug_aranges
                0x00000b48       0xd8 C:/Freescale/CW MCU v10.6.4/MCU/ARM_GCC_Support/ewl/lib/armv7e-m\libc99.a(__wctomb.o)
 .debug_aranges
                0x00000c20       0x48 C:/Freescale/CW MCU v10.6.4/MCU/ARM_GCC_Support/ewl/lib/armv7e-m\libc99.a(__printformat.o)
 .debug_aranges
                0x00000c68       0x40 C:/Freescale/CW MCU v10.6.4/MCU/ARM_GCC_Support/ewl/lib/armv7e-m\libc99.a(secure_error.o)
 .debug_aranges
                0x00000ca8       0x20 C:/Freescale/CW MCU v10.6.4/MCU/ARM_GCC_Support/ewl/lib/armv7e-m\libc99.a(memchr.o)
 .debug_aranges
                0x00000cc8       0x30 C:/Freescale/CW MCU v10.6.4/MCU/ARM_GCC_Support/ewl/lib/armv7e-m\libm.a(ansi_fp.o)
 .debug_aranges
                0x00000cf8       0x60 C:/Freescale/CW MCU v10.6.4/MCU/ARM_GCC_Support/ewl/lib/armv7e-m\libm.a(math_api.o)
 .debug_aranges
                0x00000d58       0x20 C:/Freescale/CW MCU v10.6.4/MCU/ARM_GCC_Support/ewl/lib/armv7e-m\libm.a(s_frexp.o)
 .debug_aranges
                0x00000d78       0x28 C:/Freescale/CW MCU v10.6.4/MCU/ARM_GCC_Support/ewl/lib/armv7e-m\librt.a(gcc_ctor_dtor.o)
 .debug_aranges
                0x00000da0       0x58 C:/Freescale/CW MCU v10.6.4/MCU/ARM_GCC_Support/ewl/lib/armv7e-m\librt.a(__arm_eabi_init.o)
 .debug_aranges
                0x00000df8       0x30 C:/Freescale/CW MCU v10.6.4/MCU/ARM_GCC_Support/ewl/lib/armv7e-m\librt.a(ROMCopy.o)

.debug_macinfo  0x00000000   0xb5f076
 .debug_macinfo
                0x00000000    0x6d51a ./Generated_Code/Vectors.o
 .debug_macinfo
                0x0006d51a    0x6d4dc ./Generated_Code/Timer_1ms.o
 .debug_macinfo
                0x000da9f6    0x62a57 ./Generated_Code/TU1.o
 .debug_macinfo
                0x0013d44d    0x6d480 ./Generated_Code/PE_LDD.o
 .debug_macinfo
                0x001aa8cd    0x5a34f ./Generated_Code/LED_DRIVER_1_RESET.o
 .debug_macinfo
                0x00204c1c    0x5a351 ./Generated_Code/LED_DRIVER_0_RESET.o
 .debug_macinfo
                0x0025ef6d    0x5a26a ./Generated_Code/IMU_INT.o
 .debug_macinfo
                0x002b91d7    0x5a2e5 ./Generated_Code/IMU_FSYNC.o
 .debug_macinfo
                0x003134bc    0x5a2bf ./Generated_Code/IMU_CS.o
 .debug_macinfo
                0x0036d77b    0x73e46 ./Generated_Code/I2C0.o
 .debug_macinfo
                0x003e15c1    0x6d618 ./Generated_Code/FLASH1.o
 .debug_macinfo
                0x0044ebd9    0x7b3d8 ./Generated_Code/ESP8266_Serial.o
 .debug_macinfo
                0x004c9fb1    0x5a2fb ./Generated_Code/ESP8266_RST.o
 .debug_macinfo
                0x005242ac    0x5a319 ./Generated_Code/ESP8266_GPIO2.o
 .debug_macinfo
                0x0057e5c5    0x5a319 ./Generated_Code/ESP8266_GPIO0.o
 .debug_macinfo
                0x005d88de    0x5a32b ./Generated_Code/ESP8266_CHIP_EN.o
 .debug_macinfo
                0x00632c09    0x6d51a ./Generated_Code/Cpu.o
 .debug_macinfo
                0x006a0123     0x4451 ./Project_Settings/Startup_Code/__arm_start.o
 .debug_macinfo
                0x006a4574     0x39f8 ./Project_Settings/Startup_Code/__arm_end.o
 .debug_macinfo
                0x006a7f6c    0x61311 ./Sources/Drivers/program_flash.o
 .debug_macinfo
                0x0070927d    0x728c7 ./Sources/Drivers/MPU9250.o
 .debug_macinfo
                0x0077bb44    0x6fe00 ./Sources/Drivers/ESP8266.o
 .debug_macinfo
                0x007eb944    0x6d4b2 ./Sources/Utilities/UUID.o
 .debug_macinfo
                0x00858df6    0x5937f ./Sources/Utilities/Ring_Buffer.o
 .debug_macinfo
                0x008b2175    0x729b5 ./Sources/main.o
 .debug_macinfo
                0x00924b2a    0x729b5 ./Sources/Events_ESP8266.o
 .debug_macinfo
                0x009974df    0x72a4c ./Sources/Events.o
 .debug_macinfo
                0x00a09f2b    0x728be ./Sources/Clock.o
 .debug_macinfo
                0x00a7c7e9    0x6ff70 ./Sources/Bootloader.o
 .debug_macinfo
                0x00aec759    0x7291d ./Sources/Application.o

.debug_line     0x00000000     0xc1cc
 .debug_line    0x00000000      0x69c ./Generated_Code/Vectors.o
 .debug_line    0x0000069c      0x51b ./Generated_Code/Timer_1ms.o
 .debug_line    0x00000bb7      0x2f6 ./Generated_Code/TU1.o
 .debug_line    0x00000ead      0x47f ./Generated_Code/PE_LDD.o
 .debug_line    0x0000132c      0x31b ./Generated_Code/LED_DRIVER_1_RESET.o
 .debug_line    0x00001647      0x31b ./Generated_Code/LED_DRIVER_0_RESET.o
 .debug_line    0x00001962      0x2cc ./Generated_Code/IMU_INT.o
 .debug_line    0x00001c2e      0x309 ./Generated_Code/IMU_FSYNC.o
 .debug_line    0x00001f37      0x303 ./Generated_Code/IMU_CS.o
 .debug_line    0x0000223a      0x619 ./Generated_Code/I2C0.o
 .debug_line    0x00002853      0x627 ./Generated_Code/FLASH1.o
 .debug_line    0x00002e7a      0x63c ./Generated_Code/ESP8266_Serial.o
 .debug_line    0x000034b6      0x30d ./Generated_Code/ESP8266_RST.o
 .debug_line    0x000037c3      0x311 ./Generated_Code/ESP8266_GPIO2.o
 .debug_line    0x00003ad4      0x311 ./Generated_Code/ESP8266_GPIO0.o
 .debug_line    0x00003de5      0x315 ./Generated_Code/ESP8266_CHIP_EN.o
 .debug_line    0x000040fa      0x725 ./Generated_Code/Cpu.o
 .debug_line    0x0000481f      0x2c6 ./Project_Settings/Startup_Code/__arm_start.o
 .debug_line    0x00004ae5      0x26d ./Project_Settings/Startup_Code/__arm_end.o
 .debug_line    0x00004d52      0x3e9 ./Sources/Drivers/program_flash.o
 .debug_line    0x0000513b      0x8eb ./Sources/Drivers/MPU9250.o
 .debug_line    0x00005a26      0xcf3 ./Sources/Drivers/ESP8266.o
 .debug_line    0x00006719      0x523 ./Sources/Utilities/UUID.o
 .debug_line    0x00006c3c      0x323 ./Sources/Utilities/Ring_Buffer.o
 .debug_line    0x00006f5f      0x849 ./Sources/main.o
 .debug_line    0x000077a8      0x864 ./Sources/Events_ESP8266.o
 .debug_line    0x0000800c      0x89f ./Sources/Events.o
 .debug_line    0x000088ab      0x84c ./Sources/Clock.o
 .debug_line    0x000090f7      0x863 ./Sources/Bootloader.o
 .debug_line    0x0000995a      0x835 ./Sources/Application.o
 .debug_line    0x0000a18f       0xda C:/Freescale/CW MCU v10.6.4/MCU/ARM_GCC_Support/ewl/lib/armv7e-m\libc99.a(sprintf.o)
 .debug_line    0x0000a269       0xa5 C:/Freescale/CW MCU v10.6.4/MCU/ARM_GCC_Support/ewl/lib/armv7e-m\libc99.a(exit.o)
 .debug_line    0x0000a30e      0x1a9 C:/Freescale/CW MCU v10.6.4/MCU/ARM_GCC_Support/ewl/lib/armv7e-m\libc99.a(atoi.o)
 .debug_line    0x0000a4b7      0x1eb C:/Freescale/CW MCU v10.6.4/MCU/ARM_GCC_Support/ewl/lib/armv7e-m\libc99.a(__strtoul.o)
 .debug_line    0x0000a6a2       0x7d C:/Freescale/CW MCU v10.6.4/MCU/ARM_GCC_Support/ewl/lib/armv7e-m\libc99.a(strchr.o)
 .debug_line    0x0000a71f       0x8f C:/Freescale/CW MCU v10.6.4/MCU/ARM_GCC_Support/ewl/lib/armv7e-m\libc99.a(memset.o)
 .debug_line    0x0000a7ae       0x9f C:/Freescale/CW MCU v10.6.4/MCU/ARM_GCC_Support/ewl/lib/armv7e-m\libc99.a(strncpy.o)
 .debug_line    0x0000a84d       0x94 C:/Freescale/CW MCU v10.6.4/MCU/ARM_GCC_Support/ewl/lib/armv7e-m\libc99.a(strstr.o)
 .debug_line    0x0000a8e1       0x8e C:/Freescale/CW MCU v10.6.4/MCU/ARM_GCC_Support/ewl/lib/armv7e-m\libc99.a(strncmp.o)
 .debug_line    0x0000a96f       0xcd C:/Freescale/CW MCU v10.6.4/MCU/ARM_GCC_Support/ewl/lib/armv7e-m\libc99.a(__filll_mem.o)
 .debug_line    0x0000aa3c       0x8b C:/Freescale/CW MCU v10.6.4/MCU/ARM_GCC_Support/ewl/lib/armv7e-m\libc99.a(memcpy.o)
 .debug_line    0x0000aac7       0x7d C:/Freescale/CW MCU v10.6.4/MCU/ARM_GCC_Support/ewl/lib/armv7e-m\libc99.a(strcpy.o)
 .debug_line    0x0000ab44       0x83 C:/Freescale/CW MCU v10.6.4/MCU/ARM_GCC_Support/ewl/lib/armv7e-m\libc99.a(strlen.o)
 .debug_line    0x0000abc7      0x1a9 C:/Freescale/CW MCU v10.6.4/MCU/ARM_GCC_Support/ewl/lib/armv7e-m\libc99.a(ctype_aeabi.o)
 .debug_line    0x0000ad70       0x4d C:/Freescale/CW MCU v10.6.4/MCU/ARM_GCC_Support/ewl/lib/armv7e-m\libc99.a(errno.o)
 .debug_line    0x0000adbd      0x10b C:/Freescale/CW MCU v10.6.4/MCU/ARM_GCC_Support/ewl/lib/armv7e-m\libc99.a(vsnprintf.o)
 .debug_line    0x0000aec8       0xc3 C:/Freescale/CW MCU v10.6.4/MCU/ARM_GCC_Support/ewl/lib/armv7e-m\libc99.a(vsscanf.o)
 .debug_line    0x0000af8b      0x4f6 C:/Freescale/CW MCU v10.6.4/MCU/ARM_GCC_Support/ewl/lib/armv7e-m\libc99.a(__wctomb.o)
 .debug_line    0x0000b481      0x5a4 C:/Freescale/CW MCU v10.6.4/MCU/ARM_GCC_Support/ewl/lib/armv7e-m\libc99.a(__printformat.o)
 .debug_line    0x0000ba25       0xd2 C:/Freescale/CW MCU v10.6.4/MCU/ARM_GCC_Support/ewl/lib/armv7e-m\libc99.a(secure_error.o)
 .debug_line    0x0000baf7       0x9f C:/Freescale/CW MCU v10.6.4/MCU/ARM_GCC_Support/ewl/lib/armv7e-m\libc99.a(memchr.o)
 .debug_line    0x0000bb96      0x1ee C:/Freescale/CW MCU v10.6.4/MCU/ARM_GCC_Support/ewl/lib/armv7e-m\libm.a(ansi_fp.o)
 .debug_line    0x0000bd84      0x16c C:/Freescale/CW MCU v10.6.4/MCU/ARM_GCC_Support/ewl/lib/armv7e-m\libm.a(math_api.o)
 .debug_line    0x0000bef0       0xbb C:/Freescale/CW MCU v10.6.4/MCU/ARM_GCC_Support/ewl/lib/armv7e-m\libm.a(s_frexp.o)
 .debug_line    0x0000bfab       0x67 C:/Freescale/CW MCU v10.6.4/MCU/ARM_GCC_Support/ewl/lib/armv7e-m\librt.a(gcc_ctor_dtor.o)
 .debug_line    0x0000c012      0x111 C:/Freescale/CW MCU v10.6.4/MCU/ARM_GCC_Support/ewl/lib/armv7e-m\librt.a(__arm_eabi_init.o)
 .debug_line    0x0000c123       0xa9 C:/Freescale/CW MCU v10.6.4/MCU/ARM_GCC_Support/ewl/lib/armv7e-m\librt.a(ROMCopy.o)

.debug_str      0x00000000     0x3ae2
 .debug_str     0x00000000      0x159 ./Generated_Code/Vectors.o
                                0x192 (size before relaxing)
 .debug_str     0x00000159       0xe8 ./Generated_Code/Timer_1ms.o
                                0x21c (size before relaxing)
 .debug_str     0x00000241      0x25c ./Generated_Code/TU1.o
                                0x413 (size before relaxing)
 .debug_str     0x0000049d      0x172 ./Generated_Code/PE_LDD.o
                                0x2f5 (size before relaxing)
 .debug_str     0x0000060f      0x165 ./Generated_Code/LED_DRIVER_1_RESET.o
                                0x343 (size before relaxing)
 .debug_str     0x00000774       0xe8 ./Generated_Code/LED_DRIVER_0_RESET.o
                                0x343 (size before relaxing)
 .debug_str     0x0000085c       0x63 ./Generated_Code/IMU_INT.o
                                0x2be (size before relaxing)
 .debug_str     0x000008bf       0xa0 ./Generated_Code/IMU_FSYNC.o
                                0x2fb (size before relaxing)
 .debug_str     0x0000095f       0x88 ./Generated_Code/IMU_CS.o
                                0x2e3 (size before relaxing)
 .debug_str     0x000009e7      0x216 ./Generated_Code/I2C0.o
                                0x55c (size before relaxing)
 .debug_str     0x00000bfd      0x55f ./Generated_Code/FLASH1.o
                                0x856 (size before relaxing)
 .debug_str     0x0000115c      0x233 ./Generated_Code/ESP8266_Serial.o
                                0x5a9 (size before relaxing)
 .debug_str     0x0000138f       0xb0 ./Generated_Code/ESP8266_RST.o
                                0x30b (size before relaxing)
 .debug_str     0x0000143f       0xc0 ./Generated_Code/ESP8266_GPIO2.o
                                0x31b (size before relaxing)
 .debug_str     0x000014ff       0xc0 ./Generated_Code/ESP8266_GPIO0.o
                                0x31b (size before relaxing)
 .debug_str     0x000015bf       0xd0 ./Generated_Code/ESP8266_CHIP_EN.o
                                0x32b (size before relaxing)
 .debug_str     0x0000168f      0x221 ./Generated_Code/Cpu.o
                                0x504 (size before relaxing)
 .debug_str     0x000018b0       0x85 ./Project_Settings/Startup_Code/__arm_start.o
                                0x1b3 (size before relaxing)
 .debug_str     0x00001935       0x3a ./Project_Settings/Startup_Code/__arm_end.o
                                 0xea (size before relaxing)
 .debug_str     0x0000196f       0xcb ./Sources/Drivers/program_flash.o
                                0x322 (size before relaxing)
 .debug_str     0x00001a3a      0x42b ./Sources/Drivers/MPU9250.o
                                0x68a (size before relaxing)
 .debug_str     0x00001e65      0x724 ./Sources/Drivers/ESP8266.o
                                0xb06 (size before relaxing)
 .debug_str     0x00002589       0xb6 ./Sources/Utilities/UUID.o
                                0x2db (size before relaxing)
 .debug_str     0x0000263f       0xed ./Sources/Utilities/Ring_Buffer.o
                                0x259 (size before relaxing)
 .debug_str     0x0000272c       0x17 ./Sources/main.o
                                0x393 (size before relaxing)
 .debug_str     0x00002743       0x56 ./Sources/Events_ESP8266.o
                                0x3f6 (size before relaxing)
 .debug_str     0x00002799       0x84 ./Sources/Events.o
                                0x439 (size before relaxing)
 .debug_str     0x0000281d       0xe8 ./Sources/Clock.o
                                0x4f9 (size before relaxing)
 .debug_str     0x00002905      0x139 ./Sources/Bootloader.o
                                0x596 (size before relaxing)
 .debug_str     0x00002a3e       0x19 ./Sources/Application.o
                                0x3a1 (size before relaxing)
 .debug_str     0x00002a57      0x1b8 C:/Freescale/CW MCU v10.6.4/MCU/ARM_GCC_Support/ewl/lib/armv7e-m\libc99.a(sprintf.o)
                                0x315 (size before relaxing)
 .debug_str     0x00002c0f       0x34 C:/Freescale/CW MCU v10.6.4/MCU/ARM_GCC_Support/ewl/lib/armv7e-m\libc99.a(exit.o)
                                0x15d (size before relaxing)
 .debug_str     0x00002c43       0xe0 C:/Freescale/CW MCU v10.6.4/MCU/ARM_GCC_Support/ewl/lib/armv7e-m\libc99.a(atoi.o)
                                0x3ec (size before relaxing)
 .debug_str     0x00002d23       0xb2 C:/Freescale/CW MCU v10.6.4/MCU/ARM_GCC_Support/ewl/lib/armv7e-m\libc99.a(__strtoul.o)
                                0x438 (size before relaxing)
 .debug_str     0x00002dd5       0x1c C:/Freescale/CW MCU v10.6.4/MCU/ARM_GCC_Support/ewl/lib/armv7e-m\libc99.a(strchr.o)
                                0x137 (size before relaxing)
 .debug_str     0x00002df1       0x1c C:/Freescale/CW MCU v10.6.4/MCU/ARM_GCC_Support/ewl/lib/armv7e-m\libc99.a(memset.o)
                                0x140 (size before relaxing)
 .debug_str     0x00002e0d       0x1e C:/Freescale/CW MCU v10.6.4/MCU/ARM_GCC_Support/ewl/lib/armv7e-m\libc99.a(strncpy.o)
                                0x13a (size before relaxing)
 .debug_str     0x00002e2b       0x23 C:/Freescale/CW MCU v10.6.4/MCU/ARM_GCC_Support/ewl/lib/armv7e-m\libc99.a(strstr.o)
                                0x140 (size before relaxing)
 .debug_str     0x00002e4e       0x28 C:/Freescale/CW MCU v10.6.4/MCU/ARM_GCC_Support/ewl/lib/armv7e-m\libc99.a(strncmp.o)
                                0x152 (size before relaxing)
 .debug_str     0x00002e76       0x25 C:/Freescale/CW MCU v10.6.4/MCU/ARM_GCC_Support/ewl/lib/armv7e-m\libc99.a(__filll_mem.o)
                                0x152 (size before relaxing)
 .debug_str     0x00002e9b       0x15 C:/Freescale/CW MCU v10.6.4/MCU/ARM_GCC_Support/ewl/lib/armv7e-m\libc99.a(memcpy.o)
                                0x138 (size before relaxing)
 .debug_str     0x00002eb0       0x1c C:/Freescale/CW MCU v10.6.4/MCU/ARM_GCC_Support/ewl/lib/armv7e-m\libc99.a(strcpy.o)
                                0x142 (size before relaxing)
 .debug_str     0x00002ecc       0x1c C:/Freescale/CW MCU v10.6.4/MCU/ARM_GCC_Support/ewl/lib/armv7e-m\libc99.a(strlen.o)
                                0x140 (size before relaxing)
 .debug_str     0x00002ee8       0x9d C:/Freescale/CW MCU v10.6.4/MCU/ARM_GCC_Support/ewl/lib/armv7e-m\libc99.a(ctype_aeabi.o)
                                0x1bc (size before relaxing)
 .debug_str     0x00002f85       0x12 C:/Freescale/CW MCU v10.6.4/MCU/ARM_GCC_Support/ewl/lib/armv7e-m\libc99.a(errno.o)
                                0x12c (size before relaxing)
 .debug_str     0x00002f97       0x7c C:/Freescale/CW MCU v10.6.4/MCU/ARM_GCC_Support/ewl/lib/armv7e-m\libc99.a(vsnprintf.o)
                                0x377 (size before relaxing)
 .debug_str     0x00003013       0x3c C:/Freescale/CW MCU v10.6.4/MCU/ARM_GCC_Support/ewl/lib/armv7e-m\libc99.a(vsscanf.o)
                                0x1e5 (size before relaxing)
 .debug_str     0x0000304f      0x213 C:/Freescale/CW MCU v10.6.4/MCU/ARM_GCC_Support/ewl/lib/armv7e-m\libc99.a(__wctomb.o)
                                0x52d (size before relaxing)
 .debug_str     0x00003262      0x35b C:/Freescale/CW MCU v10.6.4/MCU/ARM_GCC_Support/ewl/lib/armv7e-m\libc99.a(__printformat.o)
                                0x72f (size before relaxing)
 .debug_str     0x000035bd       0xc8 C:/Freescale/CW MCU v10.6.4/MCU/ARM_GCC_Support/ewl/lib/armv7e-m\libc99.a(secure_error.o)
                                0x1f3 (size before relaxing)
 .debug_str     0x00003685       0x1c C:/Freescale/CW MCU v10.6.4/MCU/ARM_GCC_Support/ewl/lib/armv7e-m\libc99.a(memchr.o)
                                0x148 (size before relaxing)
 .debug_str     0x000036a1       0x98 C:/Freescale/CW MCU v10.6.4/MCU/ARM_GCC_Support/ewl/lib/armv7e-m\libm.a(ansi_fp.o)
                                0x219 (size before relaxing)
 .debug_str     0x00003739       0xe5 C:/Freescale/CW MCU v10.6.4/MCU/ARM_GCC_Support/ewl/lib/armv7e-m\libm.a(math_api.o)
                                0x228 (size before relaxing)
 .debug_str     0x0000381e       0x24 C:/Freescale/CW MCU v10.6.4/MCU/ARM_GCC_Support/ewl/lib/armv7e-m\libm.a(s_frexp.o)
                                0x15d (size before relaxing)
 .debug_str     0x00003842      0x126 C:/Freescale/CW MCU v10.6.4/MCU/ARM_GCC_Support/ewl/lib/armv7e-m\librt.a(gcc_ctor_dtor.o)
                                0x181 (size before relaxing)
 .debug_str     0x00003968       0xe4 C:/Freescale/CW MCU v10.6.4/MCU/ARM_GCC_Support/ewl/lib/armv7e-m\librt.a(__arm_eabi_init.o)
                                0x1b5 (size before relaxing)
 .debug_str     0x00003a4c       0x96 C:/Freescale/CW MCU v10.6.4/MCU/ARM_GCC_Support/ewl/lib/armv7e-m\librt.a(ROMCopy.o)
                                0x13c (size before relaxing)

.comment        0x00000000       0x79
 .comment       0x00000000       0x79 ./Generated_Code/Vectors.o
                                 0x7a (size before relaxing)
 .comment       0x00000000       0x7a ./Generated_Code/Timer_1ms.o
 .comment       0x00000000       0x7a ./Generated_Code/TU1.o
 .comment       0x00000000       0x7a ./Generated_Code/PE_LDD.o
 .comment       0x00000000       0x7a ./Generated_Code/LED_DRIVER_1_RESET.o
 .comment       0x00000000       0x7a ./Generated_Code/LED_DRIVER_0_RESET.o
 .comment       0x00000000       0x7a ./Generated_Code/IMU_INT.o
 .comment       0x00000000       0x7a ./Generated_Code/IMU_FSYNC.o
 .comment       0x00000000       0x7a ./Generated_Code/IMU_CS.o
 .comment       0x00000000       0x7a ./Generated_Code/I2C0.o
 .comment       0x00000000       0x7a ./Generated_Code/FLASH1.o
 .comment       0x00000000       0x7a ./Generated_Code/ESP8266_Serial.o
 .comment       0x00000000       0x7a ./Generated_Code/ESP8266_RST.o
 .comment       0x00000000       0x7a ./Generated_Code/ESP8266_GPIO2.o
 .comment       0x00000000       0x7a ./Generated_Code/ESP8266_GPIO0.o
 .comment       0x00000000       0x7a ./Generated_Code/ESP8266_CHIP_EN.o
 .comment       0x00000000       0x7a ./Generated_Code/Cpu.o
 .comment       0x00000000       0x7a ./Project_Settings/Startup_Code/__arm_start.o
 .comment       0x00000000       0x7a ./Project_Settings/Startup_Code/__arm_end.o
 .comment       0x00000000       0x7a ./Sources/Drivers/program_flash.o
 .comment       0x00000000       0x7a ./Sources/Drivers/MPU9250.o
 .comment       0x00000000       0x7a ./Sources/Drivers/ESP8266.o
 .comment       0x00000000       0x7a ./Sources/Utilities/UUID.o
 .comment       0x00000000       0x7a ./Sources/Utilities/Ring_Buffer.o
 .comment       0x00000000       0x7a ./Sources/main.o
 .comment       0x00000000       0x7a ./Sources/Events_ESP8266.o
 .comment       0x00000000       0x7a ./Sources/Events.o
 .comment       0x00000000       0x7a ./Sources/Clock.o
 .comment       0x00000000       0x7a ./Sources/Bootloader.o
 .comment       0x00000000       0x7a ./Sources/Application.o
 .comment       0x00000000       0x7a C:/Freescale/CW MCU v10.6.4/MCU/ARM_GCC_Support/ewl/lib/armv7e-m\libc99.a(sprintf.o)
 .comment       0x00000000       0x7a C:/Freescale/CW MCU v10.6.4/MCU/ARM_GCC_Support/ewl/lib/armv7e-m\libc99.a(exit.o)
 .comment       0x00000000       0x7a C:/Freescale/CW MCU v10.6.4/MCU/ARM_GCC_Support/ewl/lib/armv7e-m\libc99.a(atoi.o)
 .comment       0x00000000       0x7a C:/Freescale/CW MCU v10.6.4/MCU/ARM_GCC_Support/ewl/lib/armv7e-m\libc99.a(__strtoul.o)
 .comment       0x00000000       0x7a C:/Freescale/CW MCU v10.6.4/MCU/ARM_GCC_Support/ewl/lib/armv7e-m\libc99.a(strchr.o)
 .comment       0x00000000       0x7a C:/Freescale/CW MCU v10.6.4/MCU/ARM_GCC_Support/ewl/lib/armv7e-m\libc99.a(memset.o)
 .comment       0x00000000       0x7a C:/Freescale/CW MCU v10.6.4/MCU/ARM_GCC_Support/ewl/lib/armv7e-m\libc99.a(strncpy.o)
 .comment       0x00000000       0x7a C:/Freescale/CW MCU v10.6.4/MCU/ARM_GCC_Support/ewl/lib/armv7e-m\libc99.a(strstr.o)
 .comment       0x00000000       0x7a C:/Freescale/CW MCU v10.6.4/MCU/ARM_GCC_Support/ewl/lib/armv7e-m\libc99.a(strncmp.o)
 .comment       0x00000000       0x7a C:/Freescale/CW MCU v10.6.4/MCU/ARM_GCC_Support/ewl/lib/armv7e-m\libc99.a(__filll_mem.o)
 .comment       0x00000000       0x7a C:/Freescale/CW MCU v10.6.4/MCU/ARM_GCC_Support/ewl/lib/armv7e-m\libc99.a(memcpy.o)
 .comment       0x00000000       0x7a C:/Freescale/CW MCU v10.6.4/MCU/ARM_GCC_Support/ewl/lib/armv7e-m\libc99.a(strcpy.o)
 .comment       0x00000000       0x7a C:/Freescale/CW MCU v10.6.4/MCU/ARM_GCC_Support/ewl/lib/armv7e-m\libc99.a(strlen.o)
 .comment       0x00000000       0x7a C:/Freescale/CW MCU v10.6.4/MCU/ARM_GCC_Support/ewl/lib/armv7e-m\libc99.a(ctype_aeabi.o)
 .comment       0x00000000       0x7a C:/Freescale/CW MCU v10.6.4/MCU/ARM_GCC_Support/ewl/lib/armv7e-m\libc99.a(errno.o)
 .comment       0x00000000       0x7a C:/Freescale/CW MCU v10.6.4/MCU/ARM_GCC_Support/ewl/lib/armv7e-m\libc99.a(vsnprintf.o)
 .comment       0x00000000       0x7a C:/Freescale/CW MCU v10.6.4/MCU/ARM_GCC_Support/ewl/lib/armv7e-m\libc99.a(vsscanf.o)
 .comment       0x00000000       0x7a C:/Freescale/CW MCU v10.6.4/MCU/ARM_GCC_Support/ewl/lib/armv7e-m\libc99.a(__wctomb.o)
 .comment       0x00000000       0x7a C:/Freescale/CW MCU v10.6.4/MCU/ARM_GCC_Support/ewl/lib/armv7e-m\libc99.a(__printformat.o)
 .comment       0x00000000       0x7a C:/Freescale/CW MCU v10.6.4/MCU/ARM_GCC_Support/ewl/lib/armv7e-m\libc99.a(secure_error.o)
 .comment       0x00000000       0x7a C:/Freescale/CW MCU v10.6.4/MCU/ARM_GCC_Support/ewl/lib/armv7e-m\libc99.a(memchr.o)
 .comment       0x00000000       0x7a C:/Freescale/CW MCU v10.6.4/MCU/ARM_GCC_Support/ewl/lib/armv7e-m\libm.a(ansi_fp.o)
 .comment       0x00000000       0x7a C:/Freescale/CW MCU v10.6.4/MCU/ARM_GCC_Support/ewl/lib/armv7e-m\libm.a(math_api.o)
 .comment       0x00000000       0x7a C:/Freescale/CW MCU v10.6.4/MCU/ARM_GCC_Support/ewl/lib/armv7e-m\libm.a(s_frexp.o)
 .comment       0x00000000       0x7a C:/Freescale/CW MCU v10.6.4/MCU/ARM_GCC_Support/ewl/lib/armv7e-m\librt.a(gcc_ctor_dtor.o)
 .comment       0x00000000       0x7a C:/Freescale/CW MCU v10.6.4/MCU/ARM_GCC_Support/ewl/lib/armv7e-m\librt.a(__arm_eabi_init.o)
 .comment       0x00000000       0x7a C:/Freescale/CW MCU v10.6.4/MCU/ARM_GCC_Support/ewl/lib/armv7e-m\librt.a(ROMCopy.o)

.debug_loc      0x00000000     0x693a
 .debug_loc     0x00000000       0x70 ./Generated_Code/Timer_1ms.o
 .debug_loc     0x00000070       0x70 ./Generated_Code/TU1.o
 .debug_loc     0x000000e0       0x9c ./Generated_Code/PE_LDD.o
 .debug_loc     0x0000017c      0x118 ./Generated_Code/LED_DRIVER_1_RESET.o
 .debug_loc     0x00000294      0x118 ./Generated_Code/LED_DRIVER_0_RESET.o
 .debug_loc     0x000003ac       0x70 ./Generated_Code/IMU_INT.o
 .debug_loc     0x0000041c      0x118 ./Generated_Code/IMU_FSYNC.o
 .debug_loc     0x00000534      0x118 ./Generated_Code/IMU_CS.o
 .debug_loc     0x0000064c      0x118 ./Generated_Code/I2C0.o
 .debug_loc     0x00000764      0x18a ./Generated_Code/FLASH1.o
 .debug_loc     0x000008ee      0x188 ./Generated_Code/ESP8266_Serial.o
 .debug_loc     0x00000a76      0x118 ./Generated_Code/ESP8266_RST.o
 .debug_loc     0x00000b8e      0x118 ./Generated_Code/ESP8266_GPIO2.o
 .debug_loc     0x00000ca6      0x118 ./Generated_Code/ESP8266_GPIO0.o
 .debug_loc     0x00000dbe      0x118 ./Generated_Code/ESP8266_CHIP_EN.o
 .debug_loc     0x00000ed6       0xe8 ./Generated_Code/Cpu.o
 .debug_loc     0x00000fbe       0x2c ./Project_Settings/Startup_Code/__arm_start.o
 .debug_loc     0x00000fea       0x38 ./Project_Settings/Startup_Code/__arm_end.o
 .debug_loc     0x00001022      0x10c ./Sources/Drivers/program_flash.o
 .debug_loc     0x0000112e      0x33c ./Sources/Drivers/MPU9250.o
 .debug_loc     0x0000146a      0x88a ./Sources/Drivers/ESP8266.o
 .debug_loc     0x00001cf4       0xd5 ./Sources/Utilities/UUID.o
 .debug_loc     0x00001dc9      0x120 ./Sources/Utilities/Ring_Buffer.o
 .debug_loc     0x00001ee9       0x2c ./Sources/main.o
 .debug_loc     0x00001f15       0x70 ./Sources/Events_ESP8266.o
 .debug_loc     0x00001f85      0x10c ./Sources/Events.o
 .debug_loc     0x00002091      0x120 ./Sources/Clock.o
 .debug_loc     0x000021b1      0x19e ./Sources/Bootloader.o
 .debug_loc     0x0000234f       0x38 ./Sources/Application.o
 .debug_loc     0x00002387       0x3f C:/Freescale/CW MCU v10.6.4/MCU/ARM_GCC_Support/ewl/lib/armv7e-m\libc99.a(sprintf.o)
 .debug_loc     0x000023c6       0x51 C:/Freescale/CW MCU v10.6.4/MCU/ARM_GCC_Support/ewl/lib/armv7e-m\libc99.a(exit.o)
 .debug_loc     0x00002417      0x25a C:/Freescale/CW MCU v10.6.4/MCU/ARM_GCC_Support/ewl/lib/armv7e-m\libc99.a(atoi.o)
 .debug_loc     0x00002671      0x3ef C:/Freescale/CW MCU v10.6.4/MCU/ARM_GCC_Support/ewl/lib/armv7e-m\libc99.a(__strtoul.o)
 .debug_loc     0x00002a60       0x7c C:/Freescale/CW MCU v10.6.4/MCU/ARM_GCC_Support/ewl/lib/armv7e-m\libc99.a(strchr.o)
 .debug_loc     0x00002adc       0x64 C:/Freescale/CW MCU v10.6.4/MCU/ARM_GCC_Support/ewl/lib/armv7e-m\libc99.a(memset.o)
 .debug_loc     0x00002b40       0x82 C:/Freescale/CW MCU v10.6.4/MCU/ARM_GCC_Support/ewl/lib/armv7e-m\libc99.a(strncpy.o)
 .debug_loc     0x00002bc2       0xca C:/Freescale/CW MCU v10.6.4/MCU/ARM_GCC_Support/ewl/lib/armv7e-m\libc99.a(strstr.o)
 .debug_loc     0x00002c8c       0xed C:/Freescale/CW MCU v10.6.4/MCU/ARM_GCC_Support/ewl/lib/armv7e-m\libc99.a(strncmp.o)
 .debug_loc     0x00002d79      0x12c C:/Freescale/CW MCU v10.6.4/MCU/ARM_GCC_Support/ewl/lib/armv7e-m\libc99.a(__filll_mem.o)
 .debug_loc     0x00002ea5       0x59 C:/Freescale/CW MCU v10.6.4/MCU/ARM_GCC_Support/ewl/lib/armv7e-m\libc99.a(memcpy.o)
 .debug_loc     0x00002efe       0x26 C:/Freescale/CW MCU v10.6.4/MCU/ARM_GCC_Support/ewl/lib/armv7e-m\libc99.a(strlen.o)
 .debug_loc     0x00002f24      0x18e C:/Freescale/CW MCU v10.6.4/MCU/ARM_GCC_Support/ewl/lib/armv7e-m\libc99.a(ctype_aeabi.o)
 .debug_loc     0x000030b2      0x105 C:/Freescale/CW MCU v10.6.4/MCU/ARM_GCC_Support/ewl/lib/armv7e-m\libc99.a(vsnprintf.o)
 .debug_loc     0x000031b7      0x162 C:/Freescale/CW MCU v10.6.4/MCU/ARM_GCC_Support/ewl/lib/armv7e-m\libc99.a(vsscanf.o)
 .debug_loc     0x00003319     0x12da C:/Freescale/CW MCU v10.6.4/MCU/ARM_GCC_Support/ewl/lib/armv7e-m\libc99.a(__wctomb.o)
 .debug_loc     0x000045f3     0x177d C:/Freescale/CW MCU v10.6.4/MCU/ARM_GCC_Support/ewl/lib/armv7e-m\libc99.a(__printformat.o)
 .debug_loc     0x00005d70       0xd4 C:/Freescale/CW MCU v10.6.4/MCU/ARM_GCC_Support/ewl/lib/armv7e-m\libc99.a(secure_error.o)
 .debug_loc     0x00005e44       0x62 C:/Freescale/CW MCU v10.6.4/MCU/ARM_GCC_Support/ewl/lib/armv7e-m\libc99.a(memchr.o)
 .debug_loc     0x00005ea6      0x4c2 C:/Freescale/CW MCU v10.6.4/MCU/ARM_GCC_Support/ewl/lib/armv7e-m\libm.a(ansi_fp.o)
 .debug_loc     0x00006368      0x282 C:/Freescale/CW MCU v10.6.4/MCU/ARM_GCC_Support/ewl/lib/armv7e-m\libm.a(math_api.o)
 .debug_loc     0x000065ea       0xb6 C:/Freescale/CW MCU v10.6.4/MCU/ARM_GCC_Support/ewl/lib/armv7e-m\libm.a(s_frexp.o)
 .debug_loc     0x000066a0       0x9d C:/Freescale/CW MCU v10.6.4/MCU/ARM_GCC_Support/ewl/lib/armv7e-m\librt.a(gcc_ctor_dtor.o)
 .debug_loc     0x0000673d      0x144 C:/Freescale/CW MCU v10.6.4/MCU/ARM_GCC_Support/ewl/lib/armv7e-m\librt.a(__arm_eabi_init.o)
 .debug_loc     0x00006881       0xb9 C:/Freescale/CW MCU v10.6.4/MCU/ARM_GCC_Support/ewl/lib/armv7e-m\librt.a(ROMCopy.o)

.debug_frame    0x00000000     0x21f8
 .debug_frame   0x00000000       0x50 ./Generated_Code/Timer_1ms.o
 .debug_frame   0x00000050       0x50 ./Generated_Code/TU1.o
 .debug_frame   0x000000a0       0x64 ./Generated_Code/PE_LDD.o
 .debug_frame   0x00000104       0x9c ./Generated_Code/LED_DRIVER_1_RESET.o
 .debug_frame   0x000001a0       0x9c ./Generated_Code/LED_DRIVER_0_RESET.o
 .debug_frame   0x0000023c       0x48 ./Generated_Code/IMU_INT.o
 .debug_frame   0x00000284       0x9c ./Generated_Code/IMU_FSYNC.o
 .debug_frame   0x00000320       0x9c ./Generated_Code/IMU_CS.o
 .debug_frame   0x000003bc       0xa8 ./Generated_Code/I2C0.o
 .debug_frame   0x00000464       0xec ./Generated_Code/FLASH1.o
 .debug_frame   0x00000550       0xe8 ./Generated_Code/ESP8266_Serial.o
 .debug_frame   0x00000638       0x9c ./Generated_Code/ESP8266_RST.o
 .debug_frame   0x000006d4       0x9c ./Generated_Code/ESP8266_GPIO2.o
 .debug_frame   0x00000770       0x9c ./Generated_Code/ESP8266_GPIO0.o
 .debug_frame   0x0000080c       0x9c ./Generated_Code/ESP8266_CHIP_EN.o
 .debug_frame   0x000008a8       0xa4 ./Generated_Code/Cpu.o