Archive member included because of file (symbol)

C:/Freescale/CW MCU v10.6.4/MCU/ARM_GCC_Support/ewl/lib/armv7e-m\libc.a(puts.o)
                              ./Sources/Drivers/ESP8266.o (puts)
C:/Freescale/CW MCU v10.6.4/MCU/ARM_GCC_Support/ewl/lib/armv7e-m\libc.a(__putchar.o)
                              C:/Freescale/CW MCU v10.6.4/MCU/ARM_GCC_Support/ewl/lib/armv7e-m\libc.a(puts.o) (__put_char)
C:/Freescale/CW MCU v10.6.4/MCU/ARM_GCC_Support/ewl/lib/armv7e-m\libc.a(__buffer_io.o)
                              C:/Freescale/CW MCU v10.6.4/MCU/ARM_GCC_Support/ewl/lib/armv7e-m\libc.a(__putchar.o) (__prep_buffer)
C:/Freescale/CW MCU v10.6.4/MCU/ARM_GCC_Support/ewl/lib/armv7e-m\libc.a(sprintf.o)
                              ./Sources/Drivers/ESP8266.o (sprintf)
C:/Freescale/CW MCU v10.6.4/MCU/ARM_GCC_Support/ewl/lib/armv7e-m\libc.a(printf.o)
                              ./Sources/Drivers/ESP8266.o (printf)
C:/Freescale/CW MCU v10.6.4/MCU/ARM_GCC_Support/ewl/lib/armv7e-m\libc.a(exit.o)
                              ./Project_Settings/Startup_Code/__arm_start.o (exit)
C:/Freescale/CW MCU v10.6.4/MCU/ARM_GCC_Support/ewl/lib/armv7e-m\libc.a(strchr.o)
                              ./Sources/Drivers/ESP8266.o (strchr)
C:/Freescale/CW MCU v10.6.4/MCU/ARM_GCC_Support/ewl/lib/armv7e-m\libc.a(memset.o)
                              ./Project_Settings/Startup_Code/__arm_start.o (memset)
C:/Freescale/CW MCU v10.6.4/MCU/ARM_GCC_Support/ewl/lib/armv7e-m\libc.a(strncpy.o)
                              ./Sources/Drivers/ESP8266.o (strncpy)
C:/Freescale/CW MCU v10.6.4/MCU/ARM_GCC_Support/ewl/lib/armv7e-m\libc.a(strstr.o)
                              ./Sources/Drivers/ESP8266.o (strstr)
C:/Freescale/CW MCU v10.6.4/MCU/ARM_GCC_Support/ewl/lib/armv7e-m\libc.a(strncmp.o)
                              ./Sources/Drivers/ESP8266.o (strncmp)
C:/Freescale/CW MCU v10.6.4/MCU/ARM_GCC_Support/ewl/lib/armv7e-m\libc.a(__filll_mem.o)
                              C:/Freescale/CW MCU v10.6.4/MCU/ARM_GCC_Support/ewl/lib/armv7e-m\libc.a(memset.o) (__fill_mem)
C:/Freescale/CW MCU v10.6.4/MCU/ARM_GCC_Support/ewl/lib/armv7e-m\libc.a(strlen.o)
                              ./Sources/Drivers/ESP8266.o (strlen)
C:/Freescale/CW MCU v10.6.4/MCU/ARM_GCC_Support/ewl/lib/armv7e-m\libc.a(printformat_.o)
                              (__pformatter_)
C:/Freescale/CW MCU v10.6.4/MCU/ARM_GCC_Support/ewl/lib/armv7e-m\libc.a(scanformat_.o)
                              (__sformatter)
C:/Freescale/CW MCU v10.6.4/MCU/ARM_GCC_Support/ewl/lib/armv7e-m\libc.a(ctype_aeabi.o)
                              C:/Freescale/CW MCU v10.6.4/MCU/ARM_GCC_Support/ewl/lib/armv7e-m\libc.a(scanformat_.o) (isspace)
C:/Freescale/CW MCU v10.6.4/MCU/ARM_GCC_Support/ewl/lib/armv7e-m\libc.a(vsnprintf.o)
                              C:/Freescale/CW MCU v10.6.4/MCU/ARM_GCC_Support/ewl/lib/armv7e-m\libc.a(sprintf.o) (vsnprintf)
C:/Freescale/CW MCU v10.6.4/MCU/ARM_GCC_Support/ewl/lib/armv7e-m\libc.a(fwrite.o)
                              C:/Freescale/CW MCU v10.6.4/MCU/ARM_GCC_Support/ewl/lib/armv7e-m\libc.a(printf.o) (__FileWrite)
C:/Freescale/CW MCU v10.6.4/MCU/ARM_GCC_Support/ewl/lib/armv7e-m\libc.a(ansi_files.o)
                              C:/Freescale/CW MCU v10.6.4/MCU/ARM_GCC_Support/ewl/lib/armv7e-m\libc.a(puts.o) (__files)
C:/Freescale/CW MCU v10.6.4/MCU/ARM_GCC_Support/ewl/lib/armv7e-m\libc.a(fflush.o)
                              C:/Freescale/CW MCU v10.6.4/MCU/ARM_GCC_Support/ewl/lib/armv7e-m\libc.a(ansi_files.o) (fflush)
C:/Freescale/CW MCU v10.6.4/MCU/ARM_GCC_Support/ewl/lib/armv7e-m\libc.a(__strtoul.o)
                              C:/Freescale/CW MCU v10.6.4/MCU/ARM_GCC_Support/ewl/lib/armv7e-m\libc.a(scanformat_.o) (__strtoul)
C:/Freescale/CW MCU v10.6.4/MCU/ARM_GCC_Support/ewl/lib/armv7e-m\libc.a(memcpy.o)
                              C:/Freescale/CW MCU v10.6.4/MCU/ARM_GCC_Support/ewl/lib/armv7e-m\libc.a(vsnprintf.o) (memcpy)
C:/Freescale/CW MCU v10.6.4/MCU/ARM_GCC_Support/ewl/lib/armv7e-m\libc.a(__memrchr.o)
                              C:/Freescale/CW MCU v10.6.4/MCU/ARM_GCC_Support/ewl/lib/armv7e-m\libc.a(fwrite.o) (__memrchr)
C:/Freescale/CW MCU v10.6.4/MCU/ARM_GCC_Support/ewl/lib/armv7e-m\libc.a(memchr.o)
                              C:/Freescale/CW MCU v10.6.4/MCU/ARM_GCC_Support/ewl/lib/armv7e-m\libc.a(printformat_.o) (memchr)
C:/Freescale/CW MCU v10.6.4/MCU/ARM_GCC_Support/ewl/lib/armv7e-m\librt.a(gcc_ctor_dtor.o)
                              ./Project_Settings/Startup_Code/__arm_start.o (__init_cpp)
C:/Freescale/CW MCU v10.6.4/MCU/ARM_GCC_Support/ewl/lib/armv7e-m\librt.a(__arm_eabi_init.o)
                              C:/Freescale/CW MCU v10.6.4/MCU/ARM_GCC_Support/ewl/lib/armv7e-m\libc.a(exit.o) (__destroy_global_chain)
C:/Freescale/CW MCU v10.6.4/MCU/ARM_GCC_Support/ewl/lib/armv7e-m\librt.a(ROMCopy.o)
[...]
Memory Configuration

Name             Origin             Length             Attributes
m_interrupts     0x00000000         0x000001bc         xr
m_text           0x00000410         0x0003fbf0         xr
m_data           0x1fff8000         0x00008000         rw
m_data_20000000  0x20000000         0x00008000         rw
m_cfmprotrom     0x00000400         0x00000010         xr
*default*        0x00000000         0xffffffff

Linker script and memory map

LOAD ./Generated_Code/Vectors.o
LOAD ./Generated_Code/Timer_1ms.o
LOAD ./Generated_Code/TU1.o
LOAD ./Generated_Code/PE_LDD.o
LOAD ./Generated_Code/LED_DRIVER_1_RESET.o
LOAD ./Generated_Code/LED_DRIVER_0_RESET.o
LOAD ./Generated_Code/I2C0.o
LOAD ./Generated_Code/ESP8266_Serial.o
LOAD ./Generated_Code/ESP8266_RST.o
LOAD ./Generated_Code/ESP8266_GPIO2.o
LOAD ./Generated_Code/ESP8266_GPIO0.o
LOAD ./Generated_Code/ESP8266_CHIP_EN.o
LOAD ./Generated_Code/Cpu.o
LOAD ./Project_Settings/Startup_Code/__arm_start.o
LOAD ./Project_Settings/Startup_Code/__arm_end.o
LOAD ./Sources/Drivers/PCA9552.o
LOAD ./Sources/Drivers/ESP8266.o
LOAD ./Sources/Utilities/Ring_Buffer.o
LOAD ./Sources/main.o
LOAD ./Sources/Events.o
LOAD ./Sources/Clock.o
LOAD ./Sources/Application.o
                0x0000376c                __pformatter = __pformatter_
                [0x00003b64]                __sformatter = __sformatter
START GROUP
LOAD C:/Freescale/CW MCU v10.6.4/MCU/ARM_GCC_Support/ewl/lib/armv7e-m\libc.a
LOAD C:/Freescale/CW MCU v10.6.4/MCU/ARM_GCC_Support/ewl/lib/armv7e-m\libm.a
LOAD c:/freescale/cw mcu v10.6.4/cross_tools/arm-none-eabi-gcc-4_7_3/bin/../lib/gcc/arm-none-eabi/4.7.3/armv7e-m\libgcc.a
LOAD C:/Freescale/CW MCU v10.6.4/MCU/ARM_GCC_Support/ewl/lib/armv7e-m\librt.a
LOAD C:/Freescale/CW MCU v10.6.4/MCU/ARM_GCC_Support/ewl/lib/armv7e-m\libhosted.a
END GROUP
                0x20000000                _estack = 0x20000000
                0x20000000                __SP_INIT = _estack
                0x00000000                __heap_size = 0x0
                0x00000400                __stack_size = 0x400

.interrupts     0x00000000      0x1bc
                0x00000000                __vector_table = .
                0x00000000                . = ALIGN (0x4)
 *(.vectortable)
 .vectortable   0x00000000      0x1bc ./Generated_Code/Vectors.o
                0x00000000                __vect_table
                0x000001bc                . = ALIGN (0x4)

.cfmprotect     0x00000400       0x10
                0x00000400                . = ALIGN (0x4)
 *(.cfmconfig)
 .cfmconfig     0x00000400       0x10 ./Generated_Code/Cpu.o
                0x00000400                _cfm
                0x00000410                . = ALIGN (0x4)

.text           0x00000410     0x4cc4
                0x00000410                . = ALIGN (0x4)
 *(.text)
 *(.text*)
 .text.Timer_1ms_Init
                0x00000410       0x64 ./Generated_Code/Timer_1ms.o
                0x00000410                Timer_1ms_Init
 .text.TU1_OnCounterRestart
                0x00000474       0x28 ./Generated_Code/Timer_1ms.o
                0x00000474                TU1_OnCounterRestart
 .text.TU1_Init
                0x0000049c      0x198 ./Generated_Code/TU1.o
                0x0000049c                TU1_Init
 .text.TU1_Interrupt
                0x00000634       0x80 ./Generated_Code/TU1.o
                0x00000634                TU1_Interrupt
 .text.LED_DRIVER_1_RESET_Init
                0x000006b4       0x84 ./Generated_Code/LED_DRIVER_1_RESET.o
                0x000006b4                LED_DRIVER_1_RESET_Init
 .text.LED_DRIVER_1_RESET_PutVal
                0x00000738       0x3c ./Generated_Code/LED_DRIVER_1_RESET.o
                0x00000738                LED_DRIVER_1_RESET_PutVal
 .text.LED_DRIVER_0_RESET_Init
                0x00000774       0x84 ./Generated_Code/LED_DRIVER_0_RESET.o
                0x00000774                LED_DRIVER_0_RESET_Init
 .text.LED_DRIVER_0_RESET_PutVal
                0x000007f8       0x3c ./Generated_Code/LED_DRIVER_0_RESET.o
                0x000007f8                LED_DRIVER_0_RESET_PutVal
 .text.I2C0_Interrupt
                0x00000834      0x368 ./Generated_Code/I2C0.o
                0x00000834                I2C0_Interrupt
 .text.I2C0_Init
                0x00000b9c      0x1c8 ./Generated_Code/I2C0.o
                0x00000b9c                I2C0_Init
 .text.I2C0_MasterSendBlock
                0x00000d64      0x1f8 ./Generated_Code/I2C0.o
                0x00000d64                I2C0_MasterSendBlock
 .text.I2C0_SelectSlaveDevice
                0x00000f5c      0x100 ./Generated_Code/I2C0.o
                0x00000f5c                I2C0_SelectSlaveDevice
 .text.ESP8266_Serial_Init
                0x0000105c      0x2b4 ./Generated_Code/ESP8266_Serial.o
                0x0000105c                ESP8266_Serial_Init
 .text.ESP8266_Serial_ReceiveBlock
                0x00001310       0xbc ./Generated_Code/ESP8266_Serial.o
                0x00001310                ESP8266_Serial_ReceiveBlock
 .text.ESP8266_Serial_SendBlock
                0x000013cc       0xfc ./Generated_Code/ESP8266_Serial.o
                0x000013cc                ESP8266_Serial_SendBlock
 .text.InterruptRx
                0x000014c8       0x64 ./Generated_Code/ESP8266_Serial.o
 .text.InterruptTx
                0x0000152c       0xa4 ./Generated_Code/ESP8266_Serial.o
 .text.ESP8266_Serial_Interrupt
                0x000015d0       0x74 ./Generated_Code/ESP8266_Serial.o
                0x000015d0                ESP8266_Serial_Interrupt
 .text.ESP8266_RST_Init
                0x00001644       0x84 ./Generated_Code/ESP8266_RST.o
                0x00001644                ESP8266_RST_Init
 .text.ESP8266_GPIO2_Init
                0x000016c8       0x84 ./Generated_Code/ESP8266_GPIO2.o
                0x000016c8                ESP8266_GPIO2_Init
 .text.ESP8266_GPIO0_Init
                0x0000174c       0x84 ./Generated_Code/ESP8266_GPIO0.o
                0x0000174c                ESP8266_GPIO0_Init
 .text.ESP8266_CHIP_EN_Init
                0x000017d0       0x84 ./Generated_Code/ESP8266_CHIP_EN.o
                0x000017d0                ESP8266_CHIP_EN_Init
 .text.Cpu_INT_NMIInterrupt
                0x00001854       0x1c ./Generated_Code/Cpu.o
                0x00001854                Cpu_INT_NMIInterrupt
 .text.Cpu_Interrupt
                0x00001870       0x18 ./Generated_Code/Cpu.o
                0x00001870                Cpu_Interrupt
 .text.__init_hardware
                0x00001888      0x1dc ./Generated_Code/Cpu.o
                0x00001888                __init_hardware
 .text.Cpu_SetBASEPRI
                0x00001a64       0x18 ./Generated_Code/Cpu.o
                0x00001a64                Cpu_SetBASEPRI
 .text.PE_low_level_init
                0x00001a7c      0x124 ./Generated_Code/Cpu.o
                0x00001a7c                PE_low_level_init
 .text.zero_fill_bss
                0x00001ba0       0x2c ./Project_Settings/Startup_Code/__arm_start.o
 .text.__thumb_startup
                0x00001bcc       0x34 ./Project_Settings/Startup_Code/__arm_start.o
                0x00001bcc                __thumb_startup
 .text._ExitProcess
                0x00001c00       0x10 ./Project_Settings/Startup_Code/__arm_end.o
                0x00001c00                _ExitProcess
 .text.init_led_drivers
                0x00001c10       0x8c ./Sources/Drivers/PCA9552.o
                0x00001c10                init_led_drivers
 .text.reset_driver
                0x00001c9c       0x6c ./Sources/Drivers/PCA9552.o
                0x00001c9c                reset_driver
 .text.set_led_output
                0x00001d08       0xb4 ./Sources/Drivers/PCA9552.o
                0x00001d08                set_led_output
 .text.set_led_output_mode
                0x00001dbc      0x1ac ./Sources/Drivers/PCA9552.o
 .text.Enable_ESP8266
                0x00001f68       0x74 ./Sources/Drivers/ESP8266.o
                0x00001f68                Enable_ESP8266
 .text.ESP8266_Send_Block
                0x00001fdc       0x48 ./Sources/Drivers/ESP8266.o
                0x00001fdc                ESP8266_Send_Block
 .text.ESP8266_Get_Incoming_Buffer_Size
                0x00002024       0x10 ./Sources/Drivers/ESP8266.o
                0x00002024                ESP8266_Get_Incoming_Buffer_Size
 .text.ESP8266_Get_Incoming_Character
                0x00002034       0x1c ./Sources/Drivers/ESP8266.o
                0x00002034                ESP8266_Get_Incoming_Character
 .text.ESP8266_Reset_TCP_Buffer
                0x00002050       0x18 ./Sources/Drivers/ESP8266.o
                0x00002050                ESP8266_Reset_TCP_Buffer
 .text.ESP8266_Search_Tail_For_Response
                0x00002068       0x58 ./Sources/Drivers/ESP8266.o
                0x00002068                ESP8266_Search_Tail_For_Response
 .text.ESP8266_Wait_For_Response
                0x000020c0      0x16c ./Sources/Drivers/ESP8266.o
                0x000020c0                ESP8266_Wait_For_Response
 .text.ESP8266_Receive_Incoming_Request
                0x0000222c      0x148 ./Sources/Drivers/ESP8266.o
                0x0000222c                ESP8266_Receive_Incoming_Request
 .text.ESP8266_Send_Command_AT
                0x00002374       0x40 ./Sources/Drivers/ESP8266.o
                0x00002374                ESP8266_Send_Command_AT
 .text.ESP8266_Send_Command_AT_RST
                0x000023b4       0x54 ./Sources/Drivers/ESP8266.o
                0x000023b4                ESP8266_Send_Command_AT_RST
 .text.ESP8266_Send_Command_AT_CWMODE
                0x00002408       0x74 ./Sources/Drivers/ESP8266.o
                0x00002408                ESP8266_Send_Command_AT_CWMODE
 .text.ESP8266_Send_Command_AT_CWJAP
                0x0000247c       0x80 ./Sources/Drivers/ESP8266.o
                0x0000247c                ESP8266_Send_Command_AT_CWJAP
 .text.ESP8266_Send_Command_AT_CIFSR
                0x000024fc      0x124 ./Sources/Drivers/ESP8266.o
                0x000024fc                ESP8266_Send_Command_AT_CIFSR
 .text.ESP8266_Send_Command_AT_CIPMUX
                0x00002620       0x74 ./Sources/Drivers/ESP8266.o
                0x00002620                ESP8266_Send_Command_AT_CIPMUX
 .text.ESP8266_Send_Command_AT_CIPSERVER
                0x00002694       0x78 ./Sources/Drivers/ESP8266.o
                0x00002694                ESP8266_Send_Command_AT_CIPSERVER
 .text.Start_HTTP_Server
                0x0000270c      0x2d0 ./Sources/Drivers/ESP8266.o
                0x0000270c                Start_HTTP_Server
 .text.Ring_Buffer_Put
                0x000029dc      0x10c ./Sources/Utilities/Ring_Buffer.o
                0x000029dc                Ring_Buffer_Put
 .text.Ring_Buffer_Get
                0x00002ae8      0x108 ./Sources/Utilities/Ring_Buffer.o
                0x00002ae8                Ring_Buffer_Get
 .text.Ring_Buffer_NofElements
                0x00002bf0       0x18 ./Sources/Utilities/Ring_Buffer.o
                0x00002bf0                Ring_Buffer_NofElements
 .text.Ring_Buffer_Init
                0x00002c08       0x34 ./Sources/Utilities/Ring_Buffer.o
                0x00002c08                Ring_Buffer_Init
 .text.main     0x00002c3c       0x10 ./Sources/main.o
                0x00002c3c                main
 .text.Cpu_OnNMIINT
                0x00002c4c        0xc ./Sources/Events.o
                0x00002c4c                Cpu_OnNMIINT
 .text.Timer_1ms_OnInterrupt
                0x00002c58       0x14 ./Sources/Events.o
                0x00002c58                Timer_1ms_OnInterrupt
 .text.ESP8266_Serial_OnBlockReceived
                0x00002c6c       0x58 ./Sources/Events.o
                0x00002c6c                ESP8266_Serial_OnBlockReceived
 .text.ESP8266_Serial_OnBlockSent
                0x00002cc4       0x20 ./Sources/Events.o
                0x00002cc4                ESP8266_Serial_OnBlockSent
 .text.I2C0_OnMasterBlockSent
                0x00002ce4       0x14 ./Sources/Events.o
                0x00002ce4                I2C0_OnMasterBlockSent
 .text.I2C0_OnMasterBlockReceived
                0x00002cf8       0x14 ./Sources/Events.o
                0x00002cf8                I2C0_OnMasterBlockReceived
 .text.Enable_Clock
                0x00002d0c       0x10 ./Sources/Clock.o
                0x00002d0c                Enable_Clock
 .text.Start_Clock
                0x00002d1c       0x44 ./Sources/Clock.o
                0x00002d1c                Start_Clock
 .text.Tick     0x00002d60       0x9c ./Sources/Clock.o
                0x00002d60                Tick
 .text.Wait     0x00002dfc       0x34 ./Sources/Clock.o
                0x00002dfc                Wait
 .text.Millis   0x00002e30       0x18 ./Sources/Clock.o
                0x00002e30                Millis
 .text.Application
                0x00002e48      0x4b4 ./Sources/Application.o
                0x00002e48                Application
 .text.puts     0x000032fc       0x50 C:/Freescale/CW MCU v10.6.4/MCU/ARM_GCC_Support/ewl/lib/armv7e-m\libc.a(puts.o)
                0x000032fc                puts
 .text.__put_char
                0x0000334c       0x8c C:/Freescale/CW MCU v10.6.4/MCU/ARM_GCC_Support/ewl/lib/armv7e-m\libc.a(__putchar.o)
                0x0000334c                __put_char
 .text.__prep_buffer
                0x000033d8       0x16 C:/Freescale/CW MCU v10.6.4/MCU/ARM_GCC_Support/ewl/lib/armv7e-m\libc.a(__buffer_io.o)
                0x000033d8                __prep_buffer
 .text.__flush_buffer
                0x000033ee       0x36 C:/Freescale/CW MCU v10.6.4/MCU/ARM_GCC_Support/ewl/lib/armv7e-m\libc.a(__buffer_io.o)
                0x000033ee                __flush_buffer
 .text.sprintf  0x00003424       0x1c C:/Freescale/CW MCU v10.6.4/MCU/ARM_GCC_Support/ewl/lib/armv7e-m\libc.a(sprintf.o)
                0x00003424                sprintf
 .text.printf   0x00003440       0x2c C:/Freescale/CW MCU v10.6.4/MCU/ARM_GCC_Support/ewl/lib/armv7e-m\libc.a(printf.o)
                0x00003440                printf
 .text.exit     0x0000346c       0x38 C:/Freescale/CW MCU v10.6.4/MCU/ARM_GCC_Support/ewl/lib/armv7e-m\libc.a(exit.o)
                0x0000346c                exit
 .text.strchr   0x000034a4       0x1a C:/Freescale/CW MCU v10.6.4/MCU/ARM_GCC_Support/ewl/lib/armv7e-m\libc.a(strchr.o)
                0x000034a4                strchr
 .text.memset   0x000034be        0xc C:/Freescale/CW MCU v10.6.4/MCU/ARM_GCC_Support/ewl/lib/armv7e-m\libc.a(memset.o)
                0x000034be                memset
 .text.strncpy  0x000034ca       0x30 C:/Freescale/CW MCU v10.6.4/MCU/ARM_GCC_Support/ewl/lib/armv7e-m\libc.a(strncpy.o)
                0x000034ca                strncpy
 .text.strstr   0x000034fa       0x32 C:/Freescale/CW MCU v10.6.4/MCU/ARM_GCC_Support/ewl/lib/armv7e-m\libc.a(strstr.o)
                0x000034fa                strstr
 .text.strncmp  0x0000352c       0x22 C:/Freescale/CW MCU v10.6.4/MCU/ARM_GCC_Support/ewl/lib/armv7e-m\libc.a(strncmp.o)
                0x0000352c                strncmp
 .text.__fill_mem
                0x0000354e       0x76 C:/Freescale/CW MCU v10.6.4/MCU/ARM_GCC_Support/ewl/lib/armv7e-m\libc.a(__filll_mem.o)
                0x0000354e                __fill_mem
 .text.strlen   0x000035c4       0x10 C:/Freescale/CW MCU v10.6.4/MCU/ARM_GCC_Support/ewl/lib/armv7e-m\libc.a(strlen.o)
                0x000035c4                strlen
 .text.long2str.isra.0
                0x000035d4      0x196 C:/Freescale/CW MCU v10.6.4/MCU/ARM_GCC_Support/ewl/lib/armv7e-m\libc.a(printformat_.o)
 *fill*         0x0000376a        0x2 00
 .text.__pformatter_
                0x0000376c      0x3f8 C:/Freescale/CW MCU v10.6.4/MCU/ARM_GCC_Support/ewl/lib/armv7e-m\libc.a(printformat_.o)
                0x0000376c                __pformatter_
 .text.__sformatter
                0x00003b64      0x6f4 C:/Freescale/CW MCU v10.6.4/MCU/ARM_GCC_Support/ewl/lib/armv7e-m\libc.a(scanformat_.o)
                0x00003b64                __sformatter
 .text.isalpha  0x00004258       0x1c C:/Freescale/CW MCU v10.6.4/MCU/ARM_GCC_Support/ewl/lib/armv7e-m\libc.a(ctype_aeabi.o)
                0x00004258                isalpha
 .text.isspace  0x00004274       0x1c C:/Freescale/CW MCU v10.6.4/MCU/ARM_GCC_Support/ewl/lib/armv7e-m\libc.a(ctype_aeabi.o)
                0x00004274                isspace
 .text.toupper  0x00004290        0xc C:/Freescale/CW MCU v10.6.4/MCU/ARM_GCC_Support/ewl/lib/armv7e-m\libc.a(ctype_aeabi.o)
                0x00004290                toupper
 .text.__StringWrite
                0x0000429c       0x2a C:/Freescale/CW MCU v10.6.4/MCU/ARM_GCC_Support/ewl/lib/armv7e-m\libc.a(vsnprintf.o)
                0x0000429c                __StringWrite
 *fill*         0x000042c6        0x2 00
 .text.vsnprintf
                0x000042c8       0x34 C:/Freescale/CW MCU v10.6.4/MCU/ARM_GCC_Support/ewl/lib/armv7e-m\libc.a(vsnprintf.o)
                0x000042c8                vsnprintf
 .text.__fwrite
                0x000042fc      0x158 C:/Freescale/CW MCU v10.6.4/MCU/ARM_GCC_Support/ewl/lib/armv7e-m\libc.a(fwrite.o)
                0x000042fc                __fwrite
 .text.__FileWrite
                0x00004454       0x1a C:/Freescale/CW MCU v10.6.4/MCU/ARM_GCC_Support/ewl/lib/armv7e-m\libc.a(fwrite.o)
                0x00004454                __FileWrite
 *fill*         0x0000446e        0x2 00
 .text.__strtoul
                0x00004470      0x214 C:/Freescale/CW MCU v10.6.4/MCU/ARM_GCC_Support/ewl/lib/armv7e-m\libc.a(__strtoul.o)
                0x00004470                __strtoul
 .text.memcpy   0x00004684       0x12 C:/Freescale/CW MCU v10.6.4/MCU/ARM_GCC_Support/ewl/lib/armv7e-m\libc.a(memcpy.o)
                0x00004684                memcpy
 .text.__memrchr
                0x00004696       0x1c C:/Freescale/CW MCU v10.6.4/MCU/ARM_GCC_Support/ewl/lib/armv7e-m\libc.a(__memrchr.o)
                0x00004696                __memrchr
 .text.memchr   0x000046b2       0x18 C:/Freescale/CW MCU v10.6.4/MCU/ARM_GCC_Support/ewl/lib/armv7e-m\libc.a(memchr.o)
                0x000046b2                memchr
 *fill*         0x000046ca        0x2 00
 .text.__init_cpp
                0x000046cc       0x4c C:/Freescale/CW MCU v10.6.4/MCU/ARM_GCC_Support/ewl/lib/armv7e-m\librt.a(gcc_ctor_dtor.o)
                0x000046cc                __init_cpp
 .text.__fini_cpp
                0x00004718       0x34 C:/Freescale/CW MCU v10.6.4/MCU/ARM_GCC_Support/ewl/lib/armv7e-m\librt.a(gcc_ctor_dtor.o)
                0x00004718                __fini_cpp
 .text.__destroy_global_chain
                0x0000474c       0x18 C:/Freescale/CW MCU v10.6.4/MCU/ARM_GCC_Support/ewl/lib/armv7e-m\librt.a(__arm_eabi_init.o)
                0x0000474c                __destroy_global_chain
 .text.__init_registers
                0x00004764       0x24 C:/Freescale/CW MCU v10.6.4/MCU/ARM_GCC_Support/ewl/lib/armv7e-m\librt.a(__arm_eabi_init.o)
                0x00004764                __init_registers
 .text.__init_user
                0x00004788        0x4 C:/Freescale/CW MCU v10.6.4/MCU/ARM_GCC_Support/ewl/lib/armv7e-m\librt.a(__arm_eabi_init.o)
                0x00004788                __init_user
 .text.__copy_rom_section
                0x0000478c       0x44 C:/Freescale/CW MCU v10.6.4/MCU/ARM_GCC_Support/ewl/lib/armv7e-m\librt.a(ROMCopy.o)
                0x0000478c                __copy_rom_section
 .text.__copy_rom_sections_to_ram
                0x000047d0       0x30 C:/Freescale/CW MCU v10.6.4/MCU/ARM_GCC_Support/ewl/lib/armv7e-m\librt.a(ROMCopy.o)
                0x000047d0                __copy_rom_sections_to_ram
 .text.sys_writec
                0x00004800        0xe C:/Freescale/CW MCU v10.6.4/MCU/ARM_GCC_Support/ewl/lib/armv7e-m\libhosted.a(semihosted_console_io.o)
                0x00004800                sys_writec
 .text.sys_readc
                0x0000480e       0x10 C:/Freescale/CW MCU v10.6.4/MCU/ARM_GCC_Support/ewl/lib/armv7e-m\libhosted.a(semihosted_console_io.o)
                0x0000480e                sys_readc
 *fill*         0x0000481e        0x2 00
 .text.sys_exit
                0x00004820       0x20 C:/Freescale/CW MCU v10.6.4/MCU/ARM_GCC_Support/ewl/lib/armv7e-m\libhosted.a(semihosted_console_io.o)
                0x00004820                sys_exit
 .text.__read_console
                0x00004840       0x1a C:/Freescale/CW MCU v10.6.4/MCU/ARM_GCC_Support/ewl/lib/armv7e-m\libhosted.a(semihosted_console_io.o)
                0x00004840                __read_console
 .text.__write_console
                0x0000485a       0x1a C:/Freescale/CW MCU v10.6.4/MCU/ARM_GCC_Support/ewl/lib/armv7e-m\libhosted.a(semihosted_console_io.o)
                0x0000485a                __write_console
 .text.__close_console
                0x00004874        0x4 C:/Freescale/CW MCU v10.6.4/MCU/ARM_GCC_Support/ewl/lib/armv7e-m\libhosted.a(semihosted_console_io.o)
                0x00004874                __close_console
 .text.sys_open
                0x00004878        0xe C:/Freescale/CW MCU v10.6.4/MCU/ARM_GCC_Support/ewl/lib/armv7e-m\libhosted.a(semihosted_file_io.o)
                0x00004878                sys_open
 *fill*         0x00004886        0x2 00
 .text.__open_file
                0x00004888       0x68 C:/Freescale/CW MCU v10.6.4/MCU/ARM_GCC_Support/ewl/lib/armv7e-m\libhosted.a(semihosted_file_io.o)
                0x00004888                __open_file
 .text.open     0x000048f0       0x7a C:/Freescale/CW MCU v10.6.4/MCU/ARM_GCC_Support/ewl/lib/armv7e-m\libhosted.a(semihosted_file_io.o)
                0x000048f0                open
 .text.sys_write
                0x0000496a        0xe C:/Freescale/CW MCU v10.6.4/MCU/ARM_GCC_Support/ewl/lib/armv7e-m\libhosted.a(semihosted_file_io.o)
                0x0000496a                sys_write
 .text.__write_file
                0x00004978       0x1c C:/Freescale/CW MCU v10.6.4/MCU/ARM_GCC_Support/ewl/lib/armv7e-m\libhosted.a(semihosted_file_io.o)
                0x00004978                __write_file
 .text.sys_read
                0x00004994        0xe C:/Freescale/CW MCU v10.6.4/MCU/ARM_GCC_Support/ewl/lib/armv7e-m\libhosted.a(semihosted_file_io.o)
                0x00004994                sys_read
 .text.__read_file
                0x000049a2       0x34 C:/Freescale/CW MCU v10.6.4/MCU/ARM_GCC_Support/ewl/lib/armv7e-m\libhosted.a(semihosted_file_io.o)
                0x000049a2                __read_file
 *fill*         0x000049d6        0x2 00
 .text.__init_semihost
                0x000049d8       0x20 C:/Freescale/CW MCU v10.6.4/MCU/ARM_GCC_Support/ewl/lib/armv7e-m\libhosted.a(semihosted_file_io.o)
                0x000049d8                __init_semihost
 *(.rodata)
 .rodata        0x000049f8      0x414 ./Sources/Drivers/ESP8266.o
 .rodata        0x00004e0c       0x20 ./Sources/Events.o
 .rodata        0x00004e2c      0x190 ./Sources/Application.o
 *(.rodata*)
 .rodata.str1.1
                0x00000000        0x0 C:/Freescale/CW MCU v10.6.4/MCU/ARM_GCC_Support/ewl/lib/armv7e-m\libc.a(printformat_.o)
                                  0x1 (size before relaxing)
 .rodata.CSWTCH.20
                0x00004fbc        0x5 C:/Freescale/CW MCU v10.6.4/MCU/ARM_GCC_Support/ewl/lib/armv7e-m\libc.a(printformat_.o)
 .rodata.CSWTCH.21
                0x00004fc1        0x5 C:/Freescale/CW MCU v10.6.4/MCU/ARM_GCC_Support/ewl/lib/armv7e-m\libc.a(printformat_.o)
 .rodata.__aeabi_ctype_table_C
                0x00004fc6      0x101 C:/Freescale/CW MCU v10.6.4/MCU/ARM_GCC_Support/ewl/lib/armv7e-m\libc.a(ctype_aeabi.o)
                0x00004fc6                __aeabi_ctype_table_C
 .rodata.str1.1
                0x000050c7        0x4 C:/Freescale/CW MCU v10.6.4/MCU/ARM_GCC_Support/ewl/lib/armv7e-m\libhosted.a(semihosted_file_io.o)
 .rodata.CSWTCH.26
                0x000050cb        0x2 C:/Freescale/CW MCU v10.6.4/MCU/ARM_GCC_Support/ewl/lib/armv7e-m\libhosted.a(semihosted_file_io.o)
 .rodata.CSWTCH.28
                0x000050cd        0x5 C:/Freescale/CW MCU v10.6.4/MCU/ARM_GCC_Support/ewl/lib/armv7e-m\libhosted.a(semihosted_file_io.o)
 *(.glue_7)
 .glue_7        0x00000000        0x0 linker stubs
 *(.glue_7t)
 .glue_7t       0x00000000        0x0 linker stubs
 *(.eh_frame)
 *(.init)
 *(.fini)
                0x000050d4                . = ALIGN (0x4)
 *fill*         0x000050d2        0x2 00
                0x000050d4                _etext = .

.vfp11_veneer   0x000050d4        0x0
 .vfp11_veneer  0x00000000        0x0 linker stubs

.v4_bx          0x000050d4        0x0
 .v4_bx         0x00000000        0x0 linker stubs

.iplt           0x000050d4        0x0
 .iplt          0x00000000        0x0 ./Generated_Code/Vectors.o

.rel.dyn        0x000050d4        0x0
 .rel.iplt      0x00000000        0x0 ./Generated_Code/Vectors.o

.ARM.extab
 *(.ARM.extab* .gnu.linkonce.armextab.*)

.ARM            0x000050d4        0x0
                0x000050d4                __exidx_start = .
 *(.ARM.exidx*)
                0x000050d4                __exidx_end = .

.ctors          0x000050d4        0x0
                0x000050d4                __CTOR_LIST__ = .
 *crtbegin.o(.ctors)
 *(EXCLUDE_FILE(*crtend.o) .ctors)
 *(SORT(.ctors.*))
 *(.ctors)
                0x000050d4                __CTOR_END__ = .

.dtors          0x000050d4        0x0
                0x000050d4                __DTOR_LIST__ = .
 *crtbegin.o(.dtors)
 *(EXCLUDE_FILE(*crtend.o) .dtors)
 *(SORT(.dtors.*))
 *(.dtors)
                0x000050d4                __DTOR_END__ = .

.preinit_array  0x000050d4        0x0
                0x000050d4                PROVIDE (__preinit_array_start, .)
 *(.preinit_array*)
                0x000050d4                PROVIDE (__preinit_array_end, .)

.init_array     0x000050d4        0x0
                0x000050d4                PROVIDE (__init_array_start, .)
 *(SORT(.init_array.*))
 *(.init_array*)
                0x000050d4                PROVIDE (__init_array_end, .)

.fini_array     0x000050d4        0x0
                0x000050d4                PROVIDE (__fini_array_start, .)
 *(SORT(.fini_array.*))
 *(.fini_array*)
                0x000050d4                PROVIDE (__fini_array_end, .)
                0x000050d4                ___ROM_AT = .

.data           0x1fff8000       0xf8 load address 0x000050d4
                0x1fff8000                . = ALIGN (0x4)
                0x1fff8000                _sdata = .
 *(.data)
 *(.data*)
 .data.driver_info
                0x1fff8000        0xc ./Sources/Drivers/PCA9552.o
                0x1fff8000                driver_info
 .data.pwm_settings
                0x1fff800c        0x8 ./Sources/Drivers/PCA9552.o
 .data.channels
                0x1fff8014       0x18 ./Sources/Drivers/PCA9552.o
 .data.__files  0x1fff802c       0xcc C:/Freescale/CW MCU v10.6.4/MCU/ARM_GCC_Support/ewl/lib/armv7e-m\libc.a(ansi_files.o)
                0x1fff802c                __files
                0x1fff80f8                . = ALIGN (0x4)
                0x1fff80f8                _edata = .
                0x000000f8                ___data_size = (_edata - _sdata)
                0x000051cc                ___m_data_20000000_ROMStart = (___ROM_AT + SIZEOF (.data))

.igot.plt       0x1fff80f8        0x0 load address 0x000051cc
 .igot.plt      0x00000000        0x0 ./Generated_Code/Vectors.o

.m_data_20000000
                0x20000000        0x0 load address 0x000051cc
                0x20000000                . = ALIGN (0x4)
                0x20000000                ___m_data_20000000_RAMStart = .
 *(.m_data_20000000)
                0x20000000                ___m_data_20000000_RAMEnd = .
                0x20000000                . = ALIGN (0x4)
                0x00000000                ___m_data_20000000_ROMSize = (___m_data_20000000_RAMEnd - ___m_data_20000000_RAMStart)
                0x20000000                . = ALIGN (0x4)

.bss            0x1fff80f8     0x11e4 load address 0x000051cc
                0x1fff80f8                __START_BSS = .
                0x1fff80f8                PROVIDE (__bss_start__, __START_BSS)
 *(.bss)
 *(.bss*)
 .bss.DeviceDataPrv__DEFAULT_RTOS_ALLOC
                0x1fff80f8        0xc ./Generated_Code/Timer_1ms.o
 .bss.DeviceDataPrv__DEFAULT_RTOS_ALLOC
                0x1fff8104        0xc ./Generated_Code/TU1.o
 .bss.INT_FTM0__DEFAULT_RTOS_ISRPARAM
                0x1fff8110        0x4 ./Generated_Code/TU1.o
 .bss.PE_LDD_DeviceDataList
                0x1fff8114       0x28 ./Generated_Code/PE_LDD.o
                0x1fff8114                PE_LDD_DeviceDataList
 .bss.DeviceDataPrv__DEFAULT_RTOS_ALLOC
                0x1fff813c        0x4 ./Generated_Code/LED_DRIVER_1_RESET.o
 .bss.DeviceDataPrv__DEFAULT_RTOS_ALLOC
                0x1fff8140        0x4 ./Generated_Code/LED_DRIVER_0_RESET.o
 .bss.DeviceDataPrv__DEFAULT_RTOS_ALLOC
                0x1fff8144       0x18 ./Generated_Code/I2C0.o
 .bss.INT_I2C0__DEFAULT_RTOS_ISRPARAM
                0x1fff815c        0x4 ./Generated_Code/I2C0.o
 .bss.DeviceDataPrv__DEFAULT_RTOS_ALLOC
                0x1fff8160       0x18 ./Generated_Code/ESP8266_Serial.o
 .bss.INT_UART0_RX_TX__DEFAULT_RTOS_ISRPARAM
                0x1fff8178        0x4 ./Generated_Code/ESP8266_Serial.o
 .bss.INT_UART0_ERR__DEFAULT_RTOS_ISRPARAM
                0x1fff817c        0x4 ./Generated_Code/ESP8266_Serial.o
 .bss.DeviceDataPrv__DEFAULT_RTOS_ALLOC
                0x1fff8180        0x4 ./Generated_Code/ESP8266_RST.o
 .bss.DeviceDataPrv__DEFAULT_RTOS_ALLOC
                0x1fff8184        0x4 ./Generated_Code/ESP8266_GPIO2.o
 .bss.DeviceDataPrv__DEFAULT_RTOS_ALLOC
                0x1fff8188        0x4 ./Generated_Code/ESP8266_GPIO0.o
 .bss.DeviceDataPrv__DEFAULT_RTOS_ALLOC
                0x1fff818c        0x4 ./Generated_Code/ESP8266_CHIP_EN.o
 .bss.SR_lock   0x1fff8190        0x1 ./Generated_Code/Cpu.o
                0x1fff8190                SR_lock
 *fill*         0x1fff8191        0x3 00
 .bss.argv      0x1fff8194        0x4 ./Project_Settings/Startup_Code/__arm_start.o
 .bss.step      0x1fff8198        0x4 ./Sources/Drivers/ESP8266.o
                0x1fff8198                step
 .bss.Ring_Buffer_buffer
                0x1fff819c      0x800 ./Sources/Utilities/Ring_Buffer.o
 .bss.Ring_Buffer_inIdx
                0x1fff899c        0x2 ./Sources/Utilities/Ring_Buffer.o
 .bss.Ring_Buffer_outIdx
                0x1fff899e        0x2 ./Sources/Utilities/Ring_Buffer.o
 .bss.Ring_Buffer_inSize
                0x1fff89a0        0x2 ./Sources/Utilities/Ring_Buffer.o
 *fill*         0x1fff89a2        0x2 00
 .bss.__stdio_exit
                0x1fff89a4        0x4 C:/Freescale/CW MCU v10.6.4/MCU/ARM_GCC_Support/ewl/lib/armv7e-m\libc.a(exit.o)
                0x1fff89a4                __stdio_exit
 .bss.__console_exit
                0x1fff89a8        0x4 C:/Freescale/CW MCU v10.6.4/MCU/ARM_GCC_Support/ewl/lib/armv7e-m\libc.a(exit.o)
                0x1fff89a8                __console_exit
 .bss.__global_destructor_chain
                0x1fff89ac        0x4 C:/Freescale/CW MCU v10.6.4/MCU/ARM_GCC_Support/ewl/lib/armv7e-m\librt.a(__arm_eabi_init.o)
                0x1fff89ac                __global_destructor_chain
 .bss.__S_romp  0x1fff89b0        0xc C:/Freescale/CW MCU v10.6.4/MCU/ARM_GCC_Support/ewl/lib/armv7e-m\librt.a(ROMCopy.o)
 *(COMMON)
 COMMON         0x1fff89bc        0x1 ./Generated_Code/Cpu.o
                0x1fff89bc                SR_reg
 *fill*         0x1fff89bd        0x3 00
 COMMON         0x1fff89c0      0x854 ./Sources/Drivers/ESP8266.o
                0x1fff89c0                deviceData
                0x1fff89cc                esp8266_profile
                0x1fff8a10                httpResponseBuffer
                0x1fff9210                responseBufferSize
 COMMON         0x1fff9214        0x8 ./Sources/Clock.o
                0x1fff9214                tick_250msec
                0x1fff9215                tick_1msec
                0x1fff9216                tick_500msec
                0x1fff9218                power_on_time_msec
 COMMON         0x1fff921c       0xc0 C:/Freescale/CW MCU v10.6.4/MCU/ARM_GCC_Support/ewl/lib/armv7e-m\libc.a(ansi_files.o)
                0x1fff921c                stdout_buff
                0x1fff925c                stdin_buff
                0x1fff929c                stderr_buff
                0x1fff92dc                . = ALIGN (0x4)
                0x1fff92dc                __END_BSS = .
                0x1fff92dc                PROVIDE (__bss_end__, __END_BSS)
                0x000051cc                _romp_at = ((___ROM_AT + SIZEOF (.data)) + SIZEOF (.m_data_20000000))

.romp           0x1fff92dc       0x24 load address 0x000051cc
                0x000051cc                __S_romp = _romp_at
                0x1fff92dc        0x4 LONG 0x50d4 ___ROM_AT
                0x1fff92e0        0x4 LONG 0x1fff8000 _sdata
                0x1fff92e4        0x4 LONG 0xf8 ___data_size
                0x1fff92e8        0x4 LONG 0x51cc ___m_data_20000000_ROMStart
                0x1fff92ec        0x4 LONG 0x20000000 ___m_data_20000000_RAMStart
                0x1fff92f0        0x4 LONG 0x0 ___m_data_20000000_ROMSize
                0x1fff92f4        0x4 LONG 0x0
                0x1fff92f8        0x4 LONG 0x0
                0x1fff92fc        0x4 LONG 0x0

._user_heap_stack
                0x1fff9300      0x400 load address 0x000051f0
                0x1fff9300                . = ALIGN (0x4)
                0x1fff9300                PROVIDE (end, .)
                0x1fff9300                PROVIDE (_end, .)
                0x1fff9300                __heap_addr = .
                0x1fff9300                . = (. + __heap_size)
                0x1fff9700                . = (. + __stack_size)
 *fill*         0x1fff9300      0x400 00
                0x1fff9700                . = ALIGN (0x4)

.ARM.attributes
                0x00000000       0x33
 *(.ARM.attributes)
 .ARM.attributes
                0x00000000       0x33 ./Generated_Code/Vectors.o
 .ARM.attributes
                0x00000033       0x33 ./Generated_Code/Timer_1ms.o
 .ARM.attributes
                0x00000066       0x33 ./Generated_Code/TU1.o
 .ARM.attributes
                0x00000099       0x33 ./Generated_Code/PE_LDD.o
 .ARM.attributes
                0x000000cc       0x33 ./Generated_Code/LED_DRIVER_1_RESET.o
 .ARM.attributes
                0x000000ff       0x33 ./Generated_Code/LED_DRIVER_0_RESET.o
 .ARM.attributes
                0x00000132       0x33 ./Generated_Code/I2C0.o
 .ARM.attributes
                0x00000165       0x33 ./Generated_Code/ESP8266_Serial.o
 .ARM.attributes
                0x00000198       0x33 ./Generated_Code/ESP8266_RST.o
 .ARM.attributes
                0x000001cb       0x33 ./Generated_Code/ESP8266_GPIO2.o
 .ARM.attributes
                0x000001fe       0x33 ./Generated_Code/ESP8266_GPIO0.o
 .ARM.attributes
                0x00000231       0x33 ./Generated_Code/ESP8266_CHIP_EN.o
 .ARM.attributes
                0x00000264       0x33 ./Generated_Code/Cpu.o
 .ARM.attributes
                0x00000297       0x33 ./Project_Settings/Startup_Code/__arm_start.o
 .ARM.attributes
                0x000002ca       0x33 ./Project_Settings/Startup_Code/__arm_end.o
 .ARM.attributes
                0x000002fd       0x33 ./Sources/Drivers/PCA9552.o
 .ARM.attributes
                0x00000330       0x33 ./Sources/Drivers/ESP8266.o
 .ARM.attributes
                0x00000363       0x33 ./Sources/Utilities/Ring_Buffer.o
 .ARM.attributes
                0x00000396       0x33 ./Sources/main.o
 .ARM.attributes
                0x000003c9       0x33 ./Sources/Events.o
 .ARM.attributes
                0x000003fc       0x33 ./Sources/Clock.o
 .ARM.attributes
                0x0000042f       0x33 ./Sources/Application.o
 .ARM.attributes
                0x00000462       0x33 C:/Freescale/CW MCU v10.6.4/MCU/ARM_GCC_Support/ewl/lib/armv7e-m\libc.a(puts.o)
 .ARM.attributes
                0x00000495       0x33 C:/Freescale/CW MCU v10.6.4/MCU/ARM_GCC_Support/ewl/lib/armv7e-m\libc.a(__putchar.o)
 .ARM.attributes
                0x000004c8       0x33 C:/Freescale/CW MCU v10.6.4/MCU/ARM_GCC_Support/ewl/lib/armv7e-m\libc.a(__buffer_io.o)
 .ARM.attributes
                0x000004fb       0x33 C:/Freescale/CW MCU v10.6.4/MCU/ARM_GCC_Support/ewl/lib/armv7e-m\libc.a(sprintf.o)
 .ARM.attributes
                0x0000052e       0x33 C:/Freescale/CW MCU v10.6.4/MCU/ARM_GCC_Support/ewl/lib/armv7e-m\libc.a(printf.o)
 .ARM.attributes
                0x00000561       0x33 C:/Freescale/CW MCU v10.6.4/MCU/ARM_GCC_Support/ewl/lib/armv7e-m\libc.a(exit.o)
 .ARM.attributes
                0x00000594       0x33 C:/Freescale/CW MCU v10.6.4/MCU/ARM_GCC_Support/ewl/lib/armv7e-m\libc.a(strchr.o)
 .ARM.attributes
                0x000005c7       0x33 C:/Freescale/CW MCU v10.6.4/MCU/ARM_GCC_Support/ewl/lib/armv7e-m\libc.a(memset.o)
 .ARM.attributes
                0x000005fa       0x33 C:/Freescale/CW MCU v10.6.4/MCU/ARM_GCC_Support/ewl/lib/armv7e-m\libc.a(strncpy.o)
 .ARM.attributes
                0x0000062d       0x33 C:/Freescale/CW MCU v10.6.4/MCU/ARM_GCC_Support/ewl/lib/armv7e-m\libc.a(strstr.o)
 .ARM.attributes
                0x00000660       0x33 C:/Freescale/CW MCU v10.6.4/MCU/ARM_GCC_Support/ewl/lib/armv7e-m\libc.a(strncmp.o)
 .ARM.attributes
                0x00000693       0x33 C:/Freescale/CW MCU v10.6.4/MCU/ARM_GCC_Support/ewl/lib/armv7e-m\libc.a(__filll_mem.o)
 .ARM.attributes
                0x000006c6       0x33 C:/Freescale/CW MCU v10.6.4/MCU/ARM_GCC_Support/ewl/lib/armv7e-m\libc.a(strlen.o)
 .ARM.attributes
                0x000006f9       0x33 C:/Freescale/CW MCU v10.6.4/MCU/ARM_GCC_Support/ewl/lib/armv7e-m\libc.a(printformat_.o)
 .ARM.attributes
                0x0000072c       0x33 C:/Freescale/CW MCU v10.6.4/MCU/ARM_GCC_Support/ewl/lib/armv7e-m\libc.a(scanformat_.o)
 .ARM.attributes
                0x0000075f       0x33 C:/Freescale/CW MCU v10.6.4/MCU/ARM_GCC_Support/ewl/lib/armv7e-m\libc.a(ctype_aeabi.o)
 .ARM.attributes
                0x00000792       0x33 C:/Freescale/CW MCU v10.6.4/MCU/ARM_GCC_Support/ewl/lib/armv7e-m\libc.a(vsnprintf.o)
 .ARM.attributes
                0x000007c5       0x33 C:/Freescale/CW MCU v10.6.4/MCU/ARM_GCC_Support/ewl/lib/armv7e-m\libc.a(fwrite.o)
 .ARM.attributes
                0x000007f8       0x33 C:/Freescale/CW MCU v10.6.4/MCU/ARM_GCC_Support/ewl/lib/armv7e-m\libc.a(ansi_files.o)
 .ARM.attributes
                0x0000082b       0x33 C:/Freescale/CW MCU v10.6.4/MCU/ARM_GCC_Support/ewl/lib/armv7e-m\libc.a(__strtoul.o)
 .ARM.attributes
                0x0000085e       0x33 C:/Freescale/CW MCU v10.6.4/MCU/ARM_GCC_Support/ewl/lib/armv7e-m\libc.a(memcpy.o)
 .ARM.attributes
                0x00000891       0x33 C:/Freescale/CW MCU v10.6.4/MCU/ARM_GCC_Support/ewl/lib/armv7e-m\libc.a(__memrchr.o)
 .ARM.attributes
                0x000008c4       0x33 C:/Freescale/CW MCU v10.6.4/MCU/ARM_GCC_Support/ewl/lib/armv7e-m\libc.a(memchr.o)
 .ARM.attributes
                0x000008f7       0x33 C:/Freescale/CW MCU v10.6.4/MCU/ARM_GCC_Support/ewl/lib/armv7e-m\librt.a(gcc_ctor_dtor.o)
 .ARM.attributes
                0x0000092a       0x33 C:/Freescale/CW MCU v10.6.4/MCU/ARM_GCC_Support/ewl/lib/armv7e-m\librt.a(__arm_eabi_init.o)
 .ARM.attributes
                0x0000095d       0x33 C:/Freescale/CW MCU v10.6.4/MCU/ARM_GCC_Support/ewl/lib/armv7e-m\librt.a(ROMCopy.o)
 .ARM.attributes
                0x00000990       0x33 C:/Freescale/CW MCU v10.6.4/MCU/ARM_GCC_Support/ewl/lib/armv7e-m\libhosted.a(semihosted_console_io.o)
 .ARM.attributes
                0x000009c3       0x33 C:/Freescale/CW MCU v10.6.4/MCU/ARM_GCC_Support/ewl/lib/armv7e-m\libhosted.a(semihosted_file_io.o)
OUTPUT(Clay_5G_Firmware.elf elf32-littlearm)

.debug_info     0x00000000     0xa666
 .debug_info    0x00000000      0x105 ./Generated_Code/Vectors.o
 .debug_info    0x00000105      0x178 ./Generated_Code/Timer_1ms.o
 .debug_info    0x0000027d      0x6bd ./Generated_Code/TU1.o
 .debug_info    0x0000093a      0x24e ./Generated_Code/PE_LDD.o
 .debug_info    0x00000b88      0x36a ./Generated_Code/LED_DRIVER_1_RESET.o
 .debug_info    0x00000ef2      0x36a ./Generated_Code/LED_DRIVER_0_RESET.o
 .debug_info    0x0000125c      0x8fa ./Generated_Code/I2C0.o
 .debug_info    0x00001b56      0x9d9 ./Generated_Code/ESP8266_Serial.o
 .debug_info    0x0000252f      0x36a ./Generated_Code/ESP8266_RST.o
 .debug_info    0x00002899      0x36a ./Generated_Code/ESP8266_GPIO2.o
 .debug_info    0x00002c03      0x36a ./Generated_Code/ESP8266_GPIO0.o
 .debug_info    0x00002f6d      0x36a ./Generated_Code/ESP8266_CHIP_EN.o
 .debug_info    0x000032d7      0xabe ./Generated_Code/Cpu.o
 .debug_info    0x00003d95      0x12a ./Project_Settings/Startup_Code/__arm_start.o
 .debug_info    0x00003ebf       0x54 ./Project_Settings/Startup_Code/__arm_end.o
 .debug_info    0x00003f13      0x57e ./Sources/Drivers/PCA9552.o
 .debug_info    0x00004491      0x8cc ./Sources/Drivers/ESP8266.o
 .debug_info    0x00004d5d      0x1fc ./Sources/Utilities/Ring_Buffer.o
 .debug_info    0x00004f59      0x1da ./Sources/main.o
 .debug_info    0x00005133      0x2d4 ./Sources/Events.o
 .debug_info    0x00005407      0x172 ./Sources/Clock.o
 .debug_info    0x00005579      0x428 ./Sources/Application.o
 .debug_info    0x000059a1      0x38a C:/Freescale/CW MCU v10.6.4/MCU/ARM_GCC_Support/ewl/lib/armv7e-m\libc.a(puts.o)
 .debug_info    0x00005d2b      0x3fa C:/Freescale/CW MCU v10.6.4/MCU/ARM_GCC_Support/ewl/lib/armv7e-m\libc.a(__putchar.o)
 .debug_info    0x00006125      0x45d C:/Freescale/CW MCU v10.6.4/MCU/ARM_GCC_Support/ewl/lib/armv7e-m\libc.a(__buffer_io.o)
 .debug_info    0x00006582      0x11e C:/Freescale/CW MCU v10.6.4/MCU/ARM_GCC_Support/ewl/lib/armv7e-m\libc.a(sprintf.o)
 .debug_info    0x000066a0      0x399 C:/Freescale/CW MCU v10.6.4/MCU/ARM_GCC_Support/ewl/lib/armv7e-m\libc.a(printf.o)
 .debug_info    0x00006a39       0xe8 C:/Freescale/CW MCU v10.6.4/MCU/ARM_GCC_Support/ewl/lib/armv7e-m\libc.a(exit.o)
 .debug_info    0x00006b21      0x108 C:/Freescale/CW MCU v10.6.4/MCU/ARM_GCC_Support/ewl/lib/armv7e-m\libc.a(strchr.o)
 .debug_info    0x00006c29       0xec C:/Freescale/CW MCU v10.6.4/MCU/ARM_GCC_Support/ewl/lib/armv7e-m\libc.a(memset.o)
 .debug_info    0x00006d15      0x108 C:/Freescale/CW MCU v10.6.4/MCU/ARM_GCC_Support/ewl/lib/armv7e-m\libc.a(strncpy.o)
 .debug_info    0x00006e1d      0x15e C:/Freescale/CW MCU v10.6.4/MCU/ARM_GCC_Support/ewl/lib/armv7e-m\libc.a(strstr.o)
 .debug_info    0x00006f7b      0x141 C:/Freescale/CW MCU v10.6.4/MCU/ARM_GCC_Support/ewl/lib/armv7e-m\libc.a(strncmp.o)
 .debug_info    0x000070bc      0x135 C:/Freescale/CW MCU v10.6.4/MCU/ARM_GCC_Support/ewl/lib/armv7e-m\libc.a(__filll_mem.o)
 .debug_info    0x000071f1       0xeb C:/Freescale/CW MCU v10.6.4/MCU/ARM_GCC_Support/ewl/lib/armv7e-m\libc.a(strlen.o)
 .debug_info    0x000072dc      0x50e C:/Freescale/CW MCU v10.6.4/MCU/ARM_GCC_Support/ewl/lib/armv7e-m\libc.a(printformat_.o)
 .debug_info    0x000077ea      0x565 C:/Freescale/CW MCU v10.6.4/MCU/ARM_GCC_Support/ewl/lib/armv7e-m\libc.a(scanformat_.o)
 .debug_info    0x00007d4f      0x306 C:/Freescale/CW MCU v10.6.4/MCU/ARM_GCC_Support/ewl/lib/armv7e-m\libc.a(ctype_aeabi.o)
 .debug_info    0x00008055      0x205 C:/Freescale/CW MCU v10.6.4/MCU/ARM_GCC_Support/ewl/lib/armv7e-m\libc.a(vsnprintf.o)
 .debug_info    0x0000825a      0x60a C:/Freescale/CW MCU v10.6.4/MCU/ARM_GCC_Support/ewl/lib/armv7e-m\libc.a(fwrite.o)
 .debug_info    0x00008864      0x4c6 C:/Freescale/CW MCU v10.6.4/MCU/ARM_GCC_Support/ewl/lib/armv7e-m\libc.a(ansi_files.o)
 .debug_info    0x00008d2a      0x1d6 C:/Freescale/CW MCU v10.6.4/MCU/ARM_GCC_Support/ewl/lib/armv7e-m\libc.a(__strtoul.o)
 .debug_info    0x00008f00      0x10f C:/Freescale/CW MCU v10.6.4/MCU/ARM_GCC_Support/ewl/lib/armv7e-m\libc.a(memcpy.o)
 .debug_info    0x0000900f      0x116 C:/Freescale/CW MCU v10.6.4/MCU/ARM_GCC_Support/ewl/lib/armv7e-m\libc.a(__memrchr.o)
 .debug_info    0x00009125      0x120 C:/Freescale/CW MCU v10.6.4/MCU/ARM_GCC_Support/ewl/lib/armv7e-m\libc.a(memchr.o)
 .debug_info    0x00009245      0x136 C:/Freescale/CW MCU v10.6.4/MCU/ARM_GCC_Support/ewl/lib/armv7e-m\librt.a(gcc_ctor_dtor.o)
 .debug_info    0x0000937b      0x2b5 C:/Freescale/CW MCU v10.6.4/MCU/ARM_GCC_Support/ewl/lib/armv7e-m\librt.a(__arm_eabi_init.o)
 .debug_info    0x00009630      0x19a C:/Freescale/CW MCU v10.6.4/MCU/ARM_GCC_Support/ewl/lib/armv7e-m\librt.a(ROMCopy.o)
 .debug_info    0x000097ca      0x232 C:/Freescale/CW MCU v10.6.4/MCU/ARM_GCC_Support/ewl/lib/armv7e-m\libhosted.a(semihosted_console_io.o)
 .debug_info    0x000099fc      0xc6a C:/Freescale/CW MCU v10.6.4/MCU/ARM_GCC_Support/ewl/lib/armv7e-m\libhosted.a(semihosted_file_io.o)

.debug_abbrev   0x00000000     0x32fe
 .debug_abbrev  0x00000000       0xa3 ./Generated_Code/Vectors.o
 .debug_abbrev  0x000000a3       0xd2 ./Generated_Code/Timer_1ms.o
 .debug_abbrev  0x00000175      0x141 ./Generated_Code/TU1.o
 .debug_abbrev  0x000002b6      0x102 ./Generated_Code/PE_LDD.o
 .debug_abbrev  0x000003b8      0x12b ./Generated_Code/LED_DRIVER_1_RESET.o
 .debug_abbrev  0x000004e3      0x12b ./Generated_Code/LED_DRIVER_0_RESET.o
 .debug_abbrev  0x0000060e      0x162 ./Generated_Code/I2C0.o
 .debug_abbrev  0x00000770      0x1ac ./Generated_Code/ESP8266_Serial.o
 .debug_abbrev  0x0000091c      0x12b ./Generated_Code/ESP8266_RST.o
 .debug_abbrev  0x00000a47      0x12b ./Generated_Code/ESP8266_GPIO2.o
 .debug_abbrev  0x00000b72      0x12b ./Generated_Code/ESP8266_GPIO0.o
 .debug_abbrev  0x00000c9d      0x12b ./Generated_Code/ESP8266_CHIP_EN.o
 .debug_abbrev  0x00000dc8      0x148 ./Generated_Code/Cpu.o
 .debug_abbrev  0x00000f10       0x92 ./Project_Settings/Startup_Code/__arm_start.o
 .debug_abbrev  0x00000fa2       0x4c ./Project_Settings/Startup_Code/__arm_end.o
 .debug_abbrev  0x00000fee      0x1b3 ./Sources/Drivers/PCA9552.o
 .debug_abbrev  0x000011a1      0x22b ./Sources/Drivers/ESP8266.o
 .debug_abbrev  0x000013cc       0xe3 ./Sources/Utilities/Ring_Buffer.o
 .debug_abbrev  0x000014af       0xc1 ./Sources/main.o
 .debug_abbrev  0x00001570       0xf4 ./Sources/Events.o
 .debug_abbrev  0x00001664       0xce ./Sources/Clock.o
 .debug_abbrev  0x00001732      0x125 ./Sources/Application.o
 .debug_abbrev  0x00001857      0x10a C:/Freescale/CW MCU v10.6.4/MCU/ARM_GCC_Support/ewl/lib/armv7e-m\libc.a(puts.o)
 .debug_abbrev  0x00001961       0xf8 C:/Freescale/CW MCU v10.6.4/MCU/ARM_GCC_Support/ewl/lib/armv7e-m\libc.a(__putchar.o)
 .debug_abbrev  0x00001a59      0x142 C:/Freescale/CW MCU v10.6.4/MCU/ARM_GCC_Support/ewl/lib/armv7e-m\libc.a(__buffer_io.o)
 .debug_abbrev  0x00001b9b       0xb1 C:/Freescale/CW MCU v10.6.4/MCU/ARM_GCC_Support/ewl/lib/armv7e-m\libc.a(sprintf.o)
 .debug_abbrev  0x00001c4c      0x107 C:/Freescale/CW MCU v10.6.4/MCU/ARM_GCC_Support/ewl/lib/armv7e-m\libc.a(printf.o)
 .debug_abbrev  0x00001d53       0x7a C:/Freescale/CW MCU v10.6.4/MCU/ARM_GCC_Support/ewl/lib/armv7e-m\libc.a(exit.o)
 .debug_abbrev  0x00001dcd       0x89 C:/Freescale/CW MCU v10.6.4/MCU/ARM_GCC_Support/ewl/lib/armv7e-m\libc.a(strchr.o)
 .debug_abbrev  0x00001e56       0x62 C:/Freescale/CW MCU v10.6.4/MCU/ARM_GCC_Support/ewl/lib/armv7e-m\libc.a(memset.o)
 .debug_abbrev  0x00001eb8       0x89 C:/Freescale/CW MCU v10.6.4/MCU/ARM_GCC_Support/ewl/lib/armv7e-m\libc.a(strncpy.o)
 .debug_abbrev  0x00001f41       0xa1 C:/Freescale/CW MCU v10.6.4/MCU/ARM_GCC_Support/ewl/lib/armv7e-m\libc.a(strstr.o)
 .debug_abbrev  0x00001fe2       0x98 C:/Freescale/CW MCU v10.6.4/MCU/ARM_GCC_Support/ewl/lib/armv7e-m\libc.a(strncmp.o)
 .debug_abbrev  0x0000207a       0x87 C:/Freescale/CW MCU v10.6.4/MCU/ARM_GCC_Support/ewl/lib/armv7e-m\libc.a(__filll_mem.o)
 .debug_abbrev  0x00002101       0x7a C:/Freescale/CW MCU v10.6.4/MCU/ARM_GCC_Support/ewl/lib/armv7e-m\libc.a(strlen.o)
 .debug_abbrev  0x0000217b      0x200 C:/Freescale/CW MCU v10.6.4/MCU/ARM_GCC_Support/ewl/lib/armv7e-m\libc.a(printformat_.o)
 .debug_abbrev  0x0000237b      0x1f0 C:/Freescale/CW MCU v10.6.4/MCU/ARM_GCC_Support/ewl/lib/armv7e-m\libc.a(scanformat_.o)
 .debug_abbrev  0x0000256b       0x85 C:/Freescale/CW MCU v10.6.4/MCU/ARM_GCC_Support/ewl/lib/armv7e-m\libc.a(ctype_aeabi.o)
 .debug_abbrev  0x000025f0       0xf0 C:/Freescale/CW MCU v10.6.4/MCU/ARM_GCC_Support/ewl/lib/armv7e-m\libc.a(vsnprintf.o)
 .debug_abbrev  0x000026e0      0x15b C:/Freescale/CW MCU v10.6.4/MCU/ARM_GCC_Support/ewl/lib/armv7e-m\libc.a(fwrite.o)
 .debug_abbrev  0x0000283b       0xfa C:/Freescale/CW MCU v10.6.4/MCU/ARM_GCC_Support/ewl/lib/armv7e-m\libc.a(ansi_files.o)
 .debug_abbrev  0x00002935       0xc2 C:/Freescale/CW MCU v10.6.4/MCU/ARM_GCC_Support/ewl/lib/armv7e-m\libc.a(__strtoul.o)
 .debug_abbrev  0x000029f7       0x95 C:/Freescale/CW MCU v10.6.4/MCU/ARM_GCC_Support/ewl/lib/armv7e-m\libc.a(memcpy.o)
 .debug_abbrev  0x00002a8c       0x95 C:/Freescale/CW MCU v10.6.4/MCU/ARM_GCC_Support/ewl/lib/armv7e-m\libc.a(__memrchr.o)
 .debug_abbrev  0x00002b21       0x95 C:/Freescale/CW MCU v10.6.4/MCU/ARM_GCC_Support/ewl/lib/armv7e-m\libc.a(memchr.o)
 .debug_abbrev  0x00002bb6       0x99 C:/Freescale/CW MCU v10.6.4/MCU/ARM_GCC_Support/ewl/lib/armv7e-m\librt.a(gcc_ctor_dtor.o)
 .debug_abbrev  0x00002c4f      0x1cc C:/Freescale/CW MCU v10.6.4/MCU/ARM_GCC_Support/ewl/lib/armv7e-m\librt.a(__arm_eabi_init.o)
 .debug_abbrev  0x00002e1b      0x137 C:/Freescale/CW MCU v10.6.4/MCU/ARM_GCC_Support/ewl/lib/armv7e-m\librt.a(ROMCopy.o)
 .debug_abbrev  0x00002f52      0x137 C:/Freescale/CW MCU v10.6.4/MCU/ARM_GCC_Support/ewl/lib/armv7e-m\libhosted.a(semihosted_console_io.o)
 .debug_abbrev  0x00003089      0x275 C:/Freescale/CW MCU v10.6.4/MCU/ARM_GCC_Support/ewl/lib/armv7e-m\libhosted.a(semihosted_file_io.o)

.debug_aranges  0x00000000      0xa98
 .debug_aranges
                0x00000000       0x18 ./Generated_Code/Vectors.o
 .debug_aranges
                0x00000018       0x28 ./Generated_Code/Timer_1ms.o
 .debug_aranges
                0x00000040       0x28 ./Generated_Code/TU1.o
 .debug_aranges
                0x00000068       0x30 ./Generated_Code/PE_LDD.o
 .debug_aranges
                0x00000098       0x40 ./Generated_Code/LED_DRIVER_1_RESET.o
 .debug_aranges
                0x000000d8       0x40 ./Generated_Code/LED_DRIVER_0_RESET.o
 .debug_aranges
                0x00000118       0x40 ./Generated_Code/I2C0.o
 .debug_aranges
                0x00000158       0x48 ./Generated_Code/ESP8266_Serial.o
 .debug_aranges
                0x000001a0       0x40 ./Generated_Code/ESP8266_RST.o
 .debug_aranges
                0x000001e0       0x40 ./Generated_Code/ESP8266_GPIO2.o
 .debug_aranges
                0x00000220       0x40 ./Generated_Code/ESP8266_GPIO0.o
 .debug_aranges
                0x00000260       0x40 ./Generated_Code/ESP8266_CHIP_EN.o
 .debug_aranges
                0x000002a0       0x40 ./Generated_Code/Cpu.o
 .debug_aranges
                0x000002e0       0x30 ./Project_Settings/Startup_Code/__arm_start.o
 .debug_aranges
                0x00000310       0x20 ./Project_Settings/Startup_Code/__arm_end.o
 .debug_aranges
                0x00000330       0x38 ./Sources/Drivers/PCA9552.o
 .debug_aranges
                0x00000368       0xc8 ./Sources/Drivers/ESP8266.o
 .debug_aranges
                0x00000430       0x40 ./Sources/Utilities/Ring_Buffer.o
 .debug_aranges
                0x00000470       0x20 ./Sources/main.o
 .debug_aranges
                0x00000490       0x48 ./Sources/Events.o
 .debug_aranges
                0x000004d8       0x40 ./Sources/Clock.o
 .debug_aranges
                0x00000518       0x20 ./Sources/Application.o
 .debug_aranges
                0x00000538       0x20 C:/Freescale/CW MCU v10.6.4/MCU/ARM_GCC_Support/ewl/lib/armv7e-m\libc.a(puts.o)
 .debug_aranges
                0x00000558       0x20 C:/Freescale/CW MCU v10.6.4/MCU/ARM_GCC_Support/ewl/lib/armv7e-m\libc.a(__putchar.o)
 .debug_aranges
                0x00000578       0x30 C:/Freescale/CW MCU v10.6.4/MCU/ARM_GCC_Support/ewl/lib/armv7e-m\libc.a(__buffer_io.o)
 .debug_aranges
                0x000005a8       0x20 C:/Freescale/CW MCU v10.6.4/MCU/ARM_GCC_Support/ewl/lib/armv7e-m\libc.a(sprintf.o)
 .debug_aranges
                0x000005c8       0x20 C:/Freescale/CW MCU v10.6.4/MCU/ARM_GCC_Support/ewl/lib/armv7e-m\libc.a(printf.o)
 .debug_aranges
                0x000005e8       0x20 C:/Freescale/CW MCU v10.6.4/MCU/ARM_GCC_Support/ewl/lib/armv7e-m\libc.a(exit.o)
 .debug_aranges
                0x00000608       0x20 C:/Freescale/CW MCU v10.6.4/MCU/ARM_GCC_Support/ewl/lib/armv7e-m\libc.a(strchr.o)
 .debug_aranges
                0x00000628       0x20 C:/Freescale/CW MCU v10.6.4/MCU/ARM_GCC_Support/ewl/lib/armv7e-m\libc.a(memset.o)
 .debug_aranges
                0x00000648       0x20 C:/Freescale/CW MCU v10.6.4/MCU/ARM_GCC_Support/ewl/lib/armv7e-m\libc.a(strncpy.o)
 .debug_aranges
                0x00000668       0x20 C:/Freescale/CW MCU v10.6.4/MCU/ARM_GCC_Support/ewl/lib/armv7e-m\libc.a(strstr.o)
 .debug_aranges
                0x00000688       0x20 C:/Freescale/CW MCU v10.6.4/MCU/ARM_GCC_Support/ewl/lib/armv7e-m\libc.a(strncmp.o)
 .debug_aranges
                0x000006a8       0x20 C:/Freescale/CW MCU v10.6.4/MCU/ARM_GCC_Support/ewl/lib/armv7e-m\libc.a(__filll_mem.o)
 .debug_aranges
                0x000006c8       0x20 C:/Freescale/CW MCU v10.6.4/MCU/ARM_GCC_Support/ewl/lib/armv7e-m\libc.a(strlen.o)
 .debug_aranges
                0x000006e8       0x28 C:/Freescale/CW MCU v10.6.4/MCU/ARM_GCC_Support/ewl/lib/armv7e-m\libc.a(printformat_.o)
 .debug_aranges
                0x00000710       0x20 C:/Freescale/CW MCU v10.6.4/MCU/ARM_GCC_Support/ewl/lib/armv7e-m\libc.a(scanformat_.o)
 .debug_aranges
                0x00000730       0x88 C:/Freescale/CW MCU v10.6.4/MCU/ARM_GCC_Support/ewl/lib/armv7e-m\libc.a(ctype_aeabi.o)
 .debug_aranges
                0x000007b8       0x28 C:/Freescale/CW MCU v10.6.4/MCU/ARM_GCC_Support/ewl/lib/armv7e-m\libc.a(vsnprintf.o)
 .debug_aranges
                0x000007e0       0x30 C:/Freescale/CW MCU v10.6.4/MCU/ARM_GCC_Support/ewl/lib/armv7e-m\libc.a(fwrite.o)
 .debug_aranges
                0x00000810       0x28 C:/Freescale/CW MCU v10.6.4/MCU/ARM_GCC_Support/ewl/lib/armv7e-m\libc.a(ansi_files.o)
 .debug_aranges
                0x00000838       0x20 C:/Freescale/CW MCU v10.6.4/MCU/ARM_GCC_Support/ewl/lib/armv7e-m\libc.a(__strtoul.o)
 .debug_aranges
                0x00000858       0x20 C:/Freescale/CW MCU v10.6.4/MCU/ARM_GCC_Support/ewl/lib/armv7e-m\libc.a(memcpy.o)
 .debug_aranges
                0x00000878       0x20 C:/Freescale/CW MCU v10.6.4/MCU/ARM_GCC_Support/ewl/lib/armv7e-m\libc.a(__memrchr.o)
 .debug_aranges
                0x00000898       0x20 C:/Freescale/CW MCU v10.6.4/MCU/ARM_GCC_Support/ewl/lib/armv7e-m\libc.a(memchr.o)
 .debug_aranges
                0x000008b8       0x28 C:/Freescale/CW MCU v10.6.4/MCU/ARM_GCC_Support/ewl/lib/armv7e-m\librt.a(gcc_ctor_dtor.o)
 .debug_aranges
                0x000008e0       0x58 C:/Freescale/CW MCU v10.6.4/MCU/ARM_GCC_Support/ewl/lib/armv7e-m\librt.a(__arm_eabi_init.o)
 .debug_aranges
                0x00000938       0x30 C:/Freescale/CW MCU v10.6.4/MCU/ARM_GCC_Support/ewl/lib/armv7e-m\librt.a(ROMCopy.o)
 .debug_aranges
                0x00000968       0x50 C:/Freescale/CW MCU v10.6.4/MCU/ARM_GCC_Support/ewl/lib/armv7e-m\libhosted.a(semihosted_console_io.o)
 .debug_aranges
                0x000009b8       0xe0 C:/Freescale/CW MCU v10.6.4/MCU/ARM_GCC_Support/ewl/lib/armv7e-m\libhosted.a(semihosted_file_io.o)

.debug_macinfo  0x00000000   0x746e6e
 .debug_macinfo
                0x00000000    0x63ad9 ./Generated_Code/Vectors.o
 .debug_macinfo
                0x00063ad9    0x63afd ./Generated_Code/Timer_1ms.o
 .debug_macinfo
                0x000c75d6    0x622e2 ./Generated_Code/TU1.o
 .debug_macinfo
                0x001298b8    0x63aa1 ./Generated_Code/PE_LDD.o
 .debug_macinfo
                0x0018d359    0x59bda ./Generated_Code/LED_DRIVER_1_RESET.o
 .debug_macinfo
                0x001e6f33    0x59bdc ./Generated_Code/LED_DRIVER_0_RESET.o
 .debug_macinfo
                0x00240b0f    0x6a467 ./Generated_Code/I2C0.o
 .debug_macinfo
                0x002aaf76    0x719f1 ./Generated_Code/ESP8266_Serial.o
 .debug_macinfo
                0x0031c967    0x59b86 ./Generated_Code/ESP8266_RST.o
 .debug_macinfo
                0x003764ed    0x59ba4 ./Generated_Code/ESP8266_GPIO2.o
 .debug_macinfo
                0x003d0091    0x59ba4 ./Generated_Code/ESP8266_GPIO0.o
 .debug_macinfo
                0x00429c35    0x59bb6 ./Generated_Code/ESP8266_CHIP_EN.o
 .debug_macinfo
                0x004837eb    0x63ad9 ./Generated_Code/Cpu.o
 .debug_macinfo
                0x004e72c4     0x3f50 ./Project_Settings/Startup_Code/__arm_start.o
 .debug_macinfo
                0x004eb214     0x3539 ./Project_Settings/Startup_Code/__arm_end.o
 .debug_macinfo
                0x004ee74d    0x6314a ./Sources/Drivers/PCA9552.o
 .debug_macinfo
                0x00551897    0x6437f ./Sources/Drivers/ESP8266.o
 .debug_macinfo
                0x005b5c16    0x58c0a ./Sources/Utilities/Ring_Buffer.o
 .debug_macinfo
                0x0060e820    0x644e0 ./Sources/main.o
 .debug_macinfo
                0x00672d00    0x644e0 ./Sources/Events.o
 .debug_macinfo
                0x006d71e0     0xb7e7 ./Sources/Clock.o
 .debug_macinfo
                0x006e29c7    0x644a7 ./Sources/Application.o

.debug_line     0x00000000     0x71d1
 .debug_line    0x00000000      0x4ae ./Generated_Code/Vectors.o
 .debug_line    0x000004ae      0x404 ./Generated_Code/Timer_1ms.o
 .debug_line    0x000008b2      0x2d3 ./Generated_Code/TU1.o
 .debug_line    0x00000b85      0x37e ./Generated_Code/PE_LDD.o
 .debug_line    0x00000f03      0x2f8 ./Generated_Code/LED_DRIVER_1_RESET.o
 .debug_line    0x000011fb      0x2f8 ./Generated_Code/LED_DRIVER_0_RESET.o
 .debug_line    0x000014f3      0x502 ./Generated_Code/I2C0.o
 .debug_line    0x000019f5      0x50a ./Generated_Code/ESP8266_Serial.o
 .debug_line    0x00001eff      0x2ea ./Generated_Code/ESP8266_RST.o
 .debug_line    0x000021e9      0x2ee ./Generated_Code/ESP8266_GPIO2.o
 .debug_line    0x000024d7      0x2ee ./Generated_Code/ESP8266_GPIO0.o
 .debug_line    0x000027c5      0x2f2 ./Generated_Code/ESP8266_CHIP_EN.o
 .debug_line    0x00002ab7      0x534 ./Generated_Code/Cpu.o
 .debug_line    0x00002feb      0x2af ./Project_Settings/Startup_Code/__arm_start.o
 .debug_line    0x0000329a      0x26e ./Project_Settings/Startup_Code/__arm_end.o
 .debug_line    0x00003508      0x3af ./Sources/Drivers/PCA9552.o
 .debug_line    0x000038b7      0x771 ./Sources/Drivers/ESP8266.o
 .debug_line    0x00004028      0x2ea ./Sources/Utilities/Ring_Buffer.o
 .debug_line    0x00004312      0x539 ./Sources/main.o
 .debug_line    0x0000484b      0x594 ./Sources/Events.o
 .debug_line    0x00004ddf      0x225 ./Sources/Clock.o
 .debug_line    0x00005004      0x596 ./Sources/Application.o
 .debug_line    0x0000559a       0x9c C:/Freescale/CW MCU v10.6.4/MCU/ARM_GCC_Support/ewl/lib/armv7e-m\libc.a(puts.o)
 .debug_line    0x00005636       0xc2 C:/Freescale/CW MCU v10.6.4/MCU/ARM_GCC_Support/ewl/lib/armv7e-m\libc.a(__putchar.o)
 .debug_line    0x000056f8       0xfa C:/Freescale/CW MCU v10.6.4/MCU/ARM_GCC_Support/ewl/lib/armv7e-m\libc.a(__buffer_io.o)
 .debug_line    0x000057f2       0x94 C:/Freescale/CW MCU v10.6.4/MCU/ARM_GCC_Support/ewl/lib/armv7e-m\libc.a(sprintf.o)
 .debug_line    0x00005886       0xb6 C:/Freescale/CW MCU v10.6.4/MCU/ARM_GCC_Support/ewl/lib/armv7e-m\libc.a(printf.o)
 .debug_line    0x0000593c       0x94 C:/Freescale/CW MCU v10.6.4/MCU/ARM_GCC_Support/ewl/lib/armv7e-m\libc.a(exit.o)
 .debug_line    0x000059d0       0x7d C:/Freescale/CW MCU v10.6.4/MCU/ARM_GCC_Support/ewl/lib/armv7e-m\libc.a(strchr.o)
 .debug_line    0x00005a4d       0x8f C:/Freescale/CW MCU v10.6.4/MCU/ARM_GCC_Support/ewl/lib/armv7e-m\libc.a(memset.o)
 .debug_line    0x00005adc       0x9f C:/Freescale/CW MCU v10.6.4/MCU/ARM_GCC_Support/ewl/lib/armv7e-m\libc.a(strncpy.o)
 .debug_line    0x00005b7b       0x94 C:/Freescale/CW MCU v10.6.4/MCU/ARM_GCC_Support/ewl/lib/armv7e-m\libc.a(strstr.o)
 .debug_line    0x00005c0f       0x8e C:/Freescale/CW MCU v10.6.4/MCU/ARM_GCC_Support/ewl/lib/armv7e-m\libc.a(strncmp.o)
 .debug_line    0x00005c9d       0xcd C:/Freescale/CW MCU v10.6.4/MCU/ARM_GCC_Support/ewl/lib/armv7e-m\libc.a(__filll_mem.o)
 .debug_line    0x00005d6a       0x83 C:/Freescale/CW MCU v10.6.4/MCU/ARM_GCC_Support/ewl/lib/armv7e-m\libc.a(strlen.o)
 .debug_line    0x00005ded      0x2b4 C:/Freescale/CW MCU v10.6.4/MCU/ARM_GCC_Support/ewl/lib/armv7e-m\libc.a(printformat_.o)
 .debug_line    0x000060a1      0x2df C:/Freescale/CW MCU v10.6.4/MCU/ARM_GCC_Support/ewl/lib/armv7e-m\libc.a(scanformat_.o)
 .debug_line    0x00006380      0x1a9 C:/Freescale/CW MCU v10.6.4/MCU/ARM_GCC_Support/ewl/lib/armv7e-m\libc.a(ctype_aeabi.o)
 .debug_line    0x00006529       0xd1 C:/Freescale/CW MCU v10.6.4/MCU/ARM_GCC_Support/ewl/lib/armv7e-m\libc.a(vsnprintf.o)
 .debug_line    0x000065fa      0x155 C:/Freescale/CW MCU v10.6.4/MCU/ARM_GCC_Support/ewl/lib/armv7e-m\libc.a(fwrite.o)
 .debug_line    0x0000674f       0xc0 C:/Freescale/CW MCU v10.6.4/MCU/ARM_GCC_Support/ewl/lib/armv7e-m\libc.a(ansi_files.o)
 .debug_line    0x0000680f      0x11b C:/Freescale/CW MCU v10.6.4/MCU/ARM_GCC_Support/ewl/lib/armv7e-m\libc.a(__strtoul.o)
 .debug_line    0x0000692a       0x8b C:/Freescale/CW MCU v10.6.4/MCU/ARM_GCC_Support/ewl/lib/armv7e-m\libc.a(memcpy.o)
 .debug_line    0x000069b5       0x99 C:/Freescale/CW MCU v10.6.4/MCU/ARM_GCC_Support/ewl/lib/armv7e-m\libc.a(__memrchr.o)
 .debug_line    0x00006a4e       0x9f C:/Freescale/CW MCU v10.6.4/MCU/ARM_GCC_Support/ewl/lib/armv7e-m\libc.a(memchr.o)
 .debug_line    0x00006aed       0x67 C:/Freescale/CW MCU v10.6.4/MCU/ARM_GCC_Support/ewl/lib/armv7e-m\librt.a(gcc_ctor_dtor.o)
 .debug_line    0x00006b54      0x111 C:/Freescale/CW MCU v10.6.4/MCU/ARM_GCC_Support/ewl/lib/armv7e-m\librt.a(__arm_eabi_init.o)
 .debug_line    0x00006c65       0xa9 C:/Freescale/CW MCU v10.6.4/MCU/ARM_GCC_Support/ewl/lib/armv7e-m\librt.a(ROMCopy.o)
 .debug_line    0x00006d0e      0x14c C:/Freescale/CW MCU v10.6.4/MCU/ARM_GCC_Support/ewl/lib/armv7e-m\libhosted.a(semihosted_console_io.o)
 .debug_line    0x00006e5a      0x377 C:/Freescale/CW MCU v10.6.4/MCU/ARM_GCC_Support/ewl/lib/armv7e-m\libhosted.a(semihosted_file_io.o)

.debug_str      0x00000000     0x2e3d
 .debug_str     0x00000000      0x14e ./Generated_Code/Vectors.o
                                0x17a (size before relaxing)
 .debug_str     0x0000014e       0xe8 ./Generated_Code/Timer_1ms.o
                                0x204 (size before relaxing)
 .debug_str     0x00000236      0x25c ./Generated_Code/TU1.o
                                0x3fb (size before relaxing)
 .debug_str     0x00000492      0x16b ./Generated_Code/PE_LDD.o
                                0x2dd (size before relaxing)
 .debug_str     0x000005fd      0x165 ./Generated_Code/LED_DRIVER_1_RESET.o
                                0x32b (size before relaxing)
 .debug_str     0x00000762       0xe8 ./Generated_Code/LED_DRIVER_0_RESET.o
                                0x32b (size before relaxing)
 .debug_str     0x0000084a      0x21d ./Generated_Code/I2C0.o
                                0x544 (size before relaxing)
 .debug_str     0x00000a67      0x211 ./Generated_Code/ESP8266_Serial.o
                                0x56f (size before relaxing)
 .debug_str     0x00000c78       0xb0 ./Generated_Code/ESP8266_RST.o
                                0x2f3 (size before relaxing)
 .debug_str     0x00000d28       0xc0 ./Generated_Code/ESP8266_GPIO2.o
                                0x303 (size before relaxing)
 .debug_str     0x00000de8       0xc0 ./Generated_Code/ESP8266_GPIO0.o
                                0x303 (size before relaxing)
 .debug_str     0x00000ea8       0xd0 ./Generated_Code/ESP8266_CHIP_EN.o
                                0x313 (size before relaxing)
 .debug_str     0x00000f78      0x221 ./Generated_Code/Cpu.o
                                0x4ec (size before relaxing)
 .debug_str     0x00001199       0x85 ./Project_Settings/Startup_Code/__arm_start.o
                                0x1a8 (size before relaxing)
 .debug_str     0x0000121e       0x41 ./Project_Settings/Startup_Code/__arm_end.o
                                 0xdf (size before relaxing)
 .debug_str     0x0000125f      0x28d ./Sources/Drivers/PCA9552.o
                                0x491 (size before relaxing)
 .debug_str     0x000014ec      0x455 ./Sources/Drivers/ESP8266.o
                                0x5d8 (size before relaxing)
 .debug_str     0x00001941       0xd8 ./Sources/Utilities/Ring_Buffer.o
                                0x22c (size before relaxing)
 .debug_str     0x00001a19       0x17 ./Sources/main.o
                                0x213 (size before relaxing)
 .debug_str     0x00001a30       0xa3 ./Sources/Events.o
                                0x2c3 (size before relaxing)
 .debug_str     0x00001ad3       0x69 ./Sources/Clock.o
                                0x1c4 (size before relaxing)
 .debug_str     0x00001b3c       0x61 ./Sources/Application.o
                                0x3a7 (size before relaxing)
 .debug_str     0x00001b9d      0x18f C:/Freescale/CW MCU v10.6.4/MCU/ARM_GCC_Support/ewl/lib/armv7e-m\libc.a(puts.o)
                                0x2cc (size before relaxing)
 .debug_str     0x00001d2c       0xf3 C:/Freescale/CW MCU v10.6.4/MCU/ARM_GCC_Support/ewl/lib/armv7e-m\libc.a(__putchar.o)
                                0x39e (size before relaxing)
 .debug_str     0x00001e1f       0xc3 C:/Freescale/CW MCU v10.6.4/MCU/ARM_GCC_Support/ewl/lib/armv7e-m\libc.a(__buffer_io.o)
                                0x373 (size before relaxing)
 .debug_str     0x00001ee2       0x30 C:/Freescale/CW MCU v10.6.4/MCU/ARM_GCC_Support/ewl/lib/armv7e-m\libc.a(sprintf.o)
                                0x163 (size before relaxing)
 .debug_str     0x00001f12       0x13 C:/Freescale/CW MCU v10.6.4/MCU/ARM_GCC_Support/ewl/lib/armv7e-m\libc.a(printf.o)
                                0x2e9 (size before relaxing)
 .debug_str     0x00001f25       0x2e C:/Freescale/CW MCU v10.6.4/MCU/ARM_GCC_Support/ewl/lib/armv7e-m\libc.a(exit.o)
                                0x157 (size before relaxing)
 .debug_str     0x00001f53       0x1c C:/Freescale/CW MCU v10.6.4/MCU/ARM_GCC_Support/ewl/lib/armv7e-m\libc.a(strchr.o)
                                0x137 (size before relaxing)
 .debug_str     0x00001f6f       0x1c C:/Freescale/CW MCU v10.6.4/MCU/ARM_GCC_Support/ewl/lib/armv7e-m\libc.a(memset.o)
                                0x140 (size before relaxing)
 .debug_str     0x00001f8b       0x1e C:/Freescale/CW MCU v10.6.4/MCU/ARM_GCC_Support/ewl/lib/armv7e-m\libc.a(strncpy.o)
                                0x13a (size before relaxing)
 .debug_str     0x00001fa9       0x23 C:/Freescale/CW MCU v10.6.4/MCU/ARM_GCC_Support/ewl/lib/armv7e-m\libc.a(strstr.o)
                                0x140 (size before relaxing)
 .debug_str     0x00001fcc       0x28 C:/Freescale/CW MCU v10.6.4/MCU/ARM_GCC_Support/ewl/lib/armv7e-m\libc.a(strncmp.o)
                                0x152 (size before relaxing)
 .debug_str     0x00001ff4       0x25 C:/Freescale/CW MCU v10.6.4/MCU/ARM_GCC_Support/ewl/lib/armv7e-m\libc.a(__filll_mem.o)
                                0x152 (size before relaxing)
 .debug_str     0x00002019       0x1c C:/Freescale/CW MCU v10.6.4/MCU/ARM_GCC_Support/ewl/lib/armv7e-m\libc.a(strlen.o)
                                0x140 (size before relaxing)
 .debug_str     0x00002035      0x218 C:/Freescale/CW MCU v10.6.4/MCU/ARM_GCC_Support/ewl/lib/armv7e-m\libc.a(printformat_.o)
                                0x3b3 (size before relaxing)
 .debug_str     0x0000224d      0x17b C:/Freescale/CW MCU v10.6.4/MCU/ARM_GCC_Support/ewl/lib/armv7e-m\libc.a(scanformat_.o)
                                0x3f9 (size before relaxing)
 .debug_str     0x000023c8       0x9d C:/Freescale/CW MCU v10.6.4/MCU/ARM_GCC_Support/ewl/lib/armv7e-m\libc.a(ctype_aeabi.o)
                                0x1bc (size before relaxing)
 .debug_str     0x00002465       0x7c C:/Freescale/CW MCU v10.6.4/MCU/ARM_GCC_Support/ewl/lib/armv7e-m\libc.a(vsnprintf.o)
                                0x1cc (size before relaxing)
 .debug_str     0x000024e1      0x14b C:/Freescale/CW MCU v10.6.4/MCU/ARM_GCC_Support/ewl/lib/armv7e-m\libc.a(fwrite.o)
                                0x53b (size before relaxing)
 .debug_str     0x0000262c       0xc6 C:/Freescale/CW MCU v10.6.4/MCU/ARM_GCC_Support/ewl/lib/armv7e-m\libc.a(ansi_files.o)
                                0x442 (size before relaxing)
 .debug_str     0x000026f2       0x61 C:/Freescale/CW MCU v10.6.4/MCU/ARM_GCC_Support/ewl/lib/armv7e-m\libc.a(__strtoul.o)
                                0x1fb (size before relaxing)
 .debug_str     0x00002753       0x1c C:/Freescale/CW MCU v10.6.4/MCU/ARM_GCC_Support/ewl/lib/armv7e-m\libc.a(memcpy.o)
                                0x138 (size before relaxing)
 .debug_str     0x0000276f       0x22 C:/Freescale/CW MCU v10.6.4/MCU/ARM_GCC_Support/ewl/lib/armv7e-m\libc.a(__memrchr.o)
                                0x145 (size before relaxing)
 .debug_str     0x00002791       0x1c C:/Freescale/CW MCU v10.6.4/MCU/ARM_GCC_Support/ewl/lib/armv7e-m\libc.a(memchr.o)
                                0x148 (size before relaxing)
 .debug_str     0x000027ad      0x126 C:/Freescale/CW MCU v10.6.4/MCU/ARM_GCC_Support/ewl/lib/armv7e-m\librt.a(gcc_ctor_dtor.o)
                                0x181 (size before relaxing)
 .debug_str     0x000028d3       0xee C:/Freescale/CW MCU v10.6.4/MCU/ARM_GCC_Support/ewl/lib/armv7e-m\librt.a(__arm_eabi_init.o)
                                0x1b5 (size before relaxing)
 .debug_str     0x000029c1       0x96 C:/Freescale/CW MCU v10.6.4/MCU/ARM_GCC_Support/ewl/lib/armv7e-m\librt.a(ROMCopy.o)
                                0x13c (size before relaxing)
 .debug_str     0x00002a57       0x9b C:/Freescale/CW MCU v10.6.4/MCU/ARM_GCC_Support/ewl/lib/armv7e-m\libhosted.a(semihosted_console_io.o)
                                0x1ac (size before relaxing)
 .debug_str     0x00002af2      0x34b C:/Freescale/CW MCU v10.6.4/MCU/ARM_GCC_Support/ewl/lib/armv7e-m\libhosted.a(semihosted_file_io.o)
                                0x5f2 (size before relaxing)

.comment        0x00000000       0x79
 .comment       0x00000000       0x79 ./Generated_Code/Vectors.o
                                 0x7a (size before relaxing)
 .comment       0x00000000       0x7a ./Generated_Code/Timer_1ms.o
 .comment       0x00000000       0x7a ./Generated_Code/TU1.o
 .comment       0x00000000       0x7a ./Generated_Code/PE_LDD.o
 .comment       0x00000000       0x7a ./Generated_Code/LED_DRIVER_1_RESET.o
 .comment       0x00000000       0x7a ./Generated_Code/LED_DRIVER_0_RESET.o
 .comment       0x00000000       0x7a ./Generated_Code/I2C0.o
 .comment       0x00000000       0x7a ./Generated_Code/ESP8266_Serial.o
 .comment       0x00000000       0x7a ./Generated_Code/ESP8266_RST.o
 .comment       0x00000000       0x7a ./Generated_Code/ESP8266_GPIO2.o
 .comment       0x00000000       0x7a ./Generated_Code/ESP8266_GPIO0.o
 .comment       0x00000000       0x7a ./Generated_Code/ESP8266_CHIP_EN.o
 .comment       0x00000000       0x7a ./Generated_Code/Cpu.o
 .comment       0x00000000       0x7a ./Project_Settings/Startup_Code/__arm_start.o
 .comment       0x00000000       0x7a ./Project_Settings/Startup_Code/__arm_end.o
 .comment       0x00000000       0x7a ./Sources/Drivers/PCA9552.o
 .comment       0x00000000       0x7a ./Sources/Drivers/ESP8266.o
 .comment       0x00000000       0x7a ./Sources/Utilities/Ring_Buffer.o
 .comment       0x00000000       0x7a ./Sources/main.o
 .comment       0x00000000       0x7a ./Sources/Events.o
 .comment       0x00000000       0x7a ./Sources/Clock.o
 .comment       0x00000000       0x7a ./Sources/Application.o
 .comment       0x00000000       0x7a C:/Freescale/CW MCU v10.6.4/MCU/ARM_GCC_Support/ewl/lib/armv7e-m\libc.a(puts.o)
 .comment       0x00000000       0x7a C:/Freescale/CW MCU v10.6.4/MCU/ARM_GCC_Support/ewl/lib/armv7e-m\libc.a(__putchar.o)
 .comment       0x00000000       0x7a C:/Freescale/CW MCU v10.6.4/MCU/ARM_GCC_Support/ewl/lib/armv7e-m\libc.a(__buffer_io.o)
 .comment       0x00000000       0x7a C:/Freescale/CW MCU v10.6.4/MCU/ARM_GCC_Support/ewl/lib/armv7e-m\libc.a(sprintf.o)
 .comment       0x00000000       0x7a C:/Freescale/CW MCU v10.6.4/MCU/ARM_GCC_Support/ewl/lib/armv7e-m\libc.a(printf.o)
 .comment       0x00000000       0x7a C:/Freescale/CW MCU v10.6.4/MCU/ARM_GCC_Support/ewl/lib/armv7e-m\libc.a(exit.o)
 .comment       0x00000000       0x7a C:/Freescale/CW MCU v10.6.4/MCU/ARM_GCC_Support/ewl/lib/armv7e-m\libc.a(strchr.o)
 .comment       0x00000000       0x7a C:/Freescale/CW MCU v10.6.4/MCU/ARM_GCC_Support/ewl/lib/armv7e-m\libc.a(memset.o)
 .comment       0x00000000       0x7a C:/Freescale/CW MCU v10.6.4/MCU/ARM_GCC_Support/ewl/lib/armv7e-m\libc.a(strncpy.o)
 .comment       0x00000000       0x7a C:/Freescale/CW MCU v10.6.4/MCU/ARM_GCC_Support/ewl/lib/armv7e-m\libc.a(strstr.o)
 .comment       0x00000000       0x7a C:/Freescale/CW MCU v10.6.4/MCU/ARM_GCC_Support/ewl/lib/armv7e-m\libc.a(strncmp.o)
 .comment       0x00000000       0x7a C:/Freescale/CW MCU v10.6.4/MCU/ARM_GCC_Support/ewl/lib/armv7e-m\libc.a(__filll_mem.o)
 .comment       0x00000000       0x7a C:/Freescale/CW MCU v10.6.4/MCU/ARM_GCC_Support/ewl/lib/armv7e-m\libc.a(strlen.o)
 .comment       0x00000000       0x7a C:/Freescale/CW MCU v10.6.4/MCU/ARM_GCC_Support/ewl/lib/armv7e-m\libc.a(printformat_.o)
 .comment       0x00000000       0x7a C:/Freescale/CW MCU v10.6.4/MCU/ARM_GCC_Support/ewl/lib/armv7e-m\libc.a(scanformat_.o)
 .comment       0x00000000       0x7a C:/Freescale/CW MCU v10.6.4/MCU/ARM_GCC_Support/ewl/lib/armv7e-m\libc.a(ctype_aeabi.o)
 .comment       0x00000000       0x7a C:/Freescale/CW MCU v10.6.4/MCU/ARM_GCC_Support/ewl/lib/armv7e-m\libc.a(vsnprintf.o)
 .comment       0x00000000       0x7a C:/Freescale/CW MCU v10.6.4/MCU/ARM_GCC_Support/ewl/lib/armv7e-m\libc.a(fwrite.o)
 .comment       0x00000000       0x7a C:/Freescale/CW MCU v10.6.4/MCU/ARM_GCC_Support/ewl/lib/armv7e-m\libc.a(ansi_files.o)
 .comment       0x00000000       0x7a C:/Freescale/CW MCU v10.6.4/MCU/ARM_GCC_Support/ewl/lib/armv7e-m\libc.a(__strtoul.o)
 .comment       0x00000000       0x7a C:/Freescale/CW MCU v10.6.4/MCU/ARM_GCC_Support/ewl/lib/armv7e-m\libc.a(memcpy.o)
 .comment       0x00000000       0x7a C:/Freescale/CW MCU v10.6.4/MCU/ARM_GCC_Support/ewl/lib/armv7e-m\libc.a(__memrchr.o)
 .comment       0x00000000       0x7a C:/Freescale/CW MCU v10.6.4/MCU/ARM_GCC_Support/ewl/lib/armv7e-m\libc.a(memchr.o)
 .comment       0x00000000       0x7a C:/Freescale/CW MCU v10.6.4/MCU/ARM_GCC_Support/ewl/lib/armv7e-m\librt.a(gcc_ctor_dtor.o)
 .comment       0x00000000       0x7a C:/Freescale/CW MCU v10.6.4/MCU/ARM_GCC_Support/ewl/lib/armv7e-m\librt.a(__arm_eabi_init.o)
 .comment       0x00000000       0x7a C:/Freescale/CW MCU v10.6.4/MCU/ARM_GCC_Support/ewl/lib/armv7e-m\librt.a(ROMCopy.o)
 .comment       0x00000000       0x7a C:/Freescale/CW MCU v10.6.4/MCU/ARM_GCC_Support/ewl/lib/armv7e-m\libhosted.a(semihosted_console_io.o)
 .comment       0x00000000       0x7a C:/Freescale/CW MCU v10.6.4/MCU/ARM_GCC_Support/ewl/lib/armv7e-m\libhosted.a(semihosted_file_io.o)

.debug_loc      0x00000000     0x46a6
 .debug_loc     0x00000000       0x70 ./Generated_Code/Timer_1ms.o
 .debug_loc     0x00000070       0x70 ./Generated_Code/TU1.o
 .debug_loc     0x000000e0       0x9c ./Generated_Code/PE_LDD.o
 .debug_loc     0x0000017c      0x118 ./Generated_Code/LED_DRIVER_1_RESET.o
 .debug_loc     0x00000294      0x118 ./Generated_Code/LED_DRIVER_0_RESET.o
 .debug_loc     0x000003ac      0x118 ./Generated_Code/I2C0.o
 .debug_loc     0x000004c4      0x150 ./Generated_Code/ESP8266_Serial.o
 .debug_loc     0x00000614      0x118 ./Generated_Code/ESP8266_RST.o
 .debug_loc     0x0000072c      0x118 ./Generated_Code/ESP8266_GPIO2.o
 .debug_loc     0x00000844      0x118 ./Generated_Code/ESP8266_GPIO0.o
 .debug_loc     0x0000095c      0x118 ./Generated_Code/ESP8266_CHIP_EN.o
 .debug_loc     0x00000a74       0xe8 ./Generated_Code/Cpu.o
 .debug_loc     0x00000b5c       0x2c ./Project_Settings/Startup_Code/__arm_start.o
 .debug_loc     0x00000b88       0x38 ./Project_Settings/Startup_Code/__arm_end.o
 .debug_loc     0x00000bc0       0xe0 ./Sources/Drivers/PCA9552.o
 .debug_loc     0x00000ca0      0x49e ./Sources/Drivers/ESP8266.o
 .debug_loc     0x0000113e       0xf4 ./Sources/Utilities/Ring_Buffer.o
 .debug_loc     0x00001232       0x2c ./Sources/main.o
 .debug_loc     0x0000125e      0x144 ./Sources/Events.o
 .debug_loc     0x000013a2       0xe8 ./Sources/Clock.o
 .debug_loc     0x0000148a       0x3a ./Sources/Application.o
 .debug_loc     0x000014c4       0x67 C:/Freescale/CW MCU v10.6.4/MCU/ARM_GCC_Support/ewl/lib/armv7e-m\libc.a(puts.o)
 .debug_loc     0x0000152b       0x87 C:/Freescale/CW MCU v10.6.4/MCU/ARM_GCC_Support/ewl/lib/armv7e-m\libc.a(__putchar.o)
 .debug_loc     0x000015b2      0x144 C:/Freescale/CW MCU v10.6.4/MCU/ARM_GCC_Support/ewl/lib/armv7e-m\libc.a(__buffer_io.o)
 .debug_loc     0x000016f6       0x3f C:/Freescale/CW MCU v10.6.4/MCU/ARM_GCC_Support/ewl/lib/armv7e-m\libc.a(sprintf.o)
 .debug_loc     0x00001735       0x2c C:/Freescale/CW MCU v10.6.4/MCU/ARM_GCC_Support/ewl/lib/armv7e-m\libc.a(printf.o)
 .debug_loc     0x00001761       0x3e C:/Freescale/CW MCU v10.6.4/MCU/ARM_GCC_Support/ewl/lib/armv7e-m\libc.a(exit.o)
 .debug_loc     0x0000179f       0x7c C:/Freescale/CW MCU v10.6.4/MCU/ARM_GCC_Support/ewl/lib/armv7e-m\libc.a(strchr.o)
 .debug_loc     0x0000181b       0x64 C:/Freescale/CW MCU v10.6.4/MCU/ARM_GCC_Support/ewl/lib/armv7e-m\libc.a(memset.o)
 .debug_loc     0x0000187f       0x82 C:/Freescale/CW MCU v10.6.4/MCU/ARM_GCC_Support/ewl/lib/armv7e-m\libc.a(strncpy.o)
 .debug_loc     0x00001901       0xca C:/Freescale/CW MCU v10.6.4/MCU/ARM_GCC_Support/ewl/lib/armv7e-m\libc.a(strstr.o)
 .debug_loc     0x000019cb       0xed C:/Freescale/CW MCU v10.6.4/MCU/ARM_GCC_Support/ewl/lib/armv7e-m\libc.a(strncmp.o)
 .debug_loc     0x00001ab8      0x12c C:/Freescale/CW MCU v10.6.4/MCU/ARM_GCC_Support/ewl/lib/armv7e-m\libc.a(__filll_mem.o)
 .debug_loc     0x00001be4       0x26 C:/Freescale/CW MCU v10.6.4/MCU/ARM_GCC_Support/ewl/lib/armv7e-m\libc.a(strlen.o)
 .debug_loc     0x00001c0a      0xbdc C:/Freescale/CW MCU v10.6.4/MCU/ARM_GCC_Support/ewl/lib/armv7e-m\libc.a(printformat_.o)
 .debug_loc     0x000027e6      0x8b6 C:/Freescale/CW MCU v10.6.4/MCU/ARM_GCC_Support/ewl/lib/armv7e-m\libc.a(scanformat_.o)
 .debug_loc     0x0000309c      0x18e C:/Freescale/CW MCU v10.6.4/MCU/ARM_GCC_Support/ewl/lib/armv7e-m\libc.a(ctype_aeabi.o)
 .debug_loc     0x0000322a      0x105 C:/Freescale/CW MCU v10.6.4/MCU/ARM_GCC_Support/ewl/lib/armv7e-m\libc.a(vsnprintf.o)
 .debug_loc     0x0000332f      0x2e9 C:/Freescale/CW MCU v10.6.4/MCU/ARM_GCC_Support/ewl/lib/armv7e-m\libc.a(fwrite.o)
 .debug_loc     0x00003618       0xb2 C:/Freescale/CW MCU v10.6.4/MCU/ARM_GCC_Support/ewl/lib/armv7e-m\libc.a(ansi_files.o)
 .debug_loc     0x000036ca      0x2bb C:/Freescale/CW MCU v10.6.4/MCU/ARM_GCC_Support/ewl/lib/armv7e-m\libc.a(__strtoul.o)
 .debug_loc     0x00003985       0x59 C:/Freescale/CW MCU v10.6.4/MCU/ARM_GCC_Support/ewl/lib/armv7e-m\libc.a(memcpy.o)
 .debug_loc     0x000039de       0x82 C:/Freescale/CW MCU v10.6.4/MCU/ARM_GCC_Support/ewl/lib/armv7e-m\libc.a(__memrchr.o)
 .debug_loc     0x00003a60       0x62 C:/Freescale/CW MCU v10.6.4/MCU/ARM_GCC_Support/ewl/lib/armv7e-m\libc.a(memchr.o)
 .debug_loc     0x00003ac2       0x9d C:/Freescale/CW MCU v10.6.4/MCU/ARM_GCC_Support/ewl/lib/armv7e-m\librt.a(gcc_ctor_dtor.o)
 .debug_loc     0x00003b5f      0x144 C:/Freescale/CW MCU v10.6.4/MCU/ARM_GCC_Support/ewl/lib/armv7e-m\librt.a(__arm_eabi_init.o)
 .debug_loc     0x00003ca3       0xb9 C:/Freescale/CW MCU v10.6.4/MCU/ARM_GCC_Support/ewl/lib/armv7e-m\librt.a(ROMCopy.o)
 .debug_loc     0x00003d5c      0x165 C:/Freescale/CW MCU v10.6.4/MCU/ARM_GCC_Support/ewl/lib/armv7e-m\libhosted.a(semihosted_console_io.o)
 .debug_loc     0x00003ec1      0x7e5 C:/Freescale/CW MCU v10.6.4/MCU/ARM_GCC_Support/ewl/lib/armv7e-m\libhosted.a(semihosted_file_io.o)

.debug_frame    0x00000000     0x1684
 .debug_frame   0x00000000       0x50 ./Generated_Code/Timer_1ms.o
 .debug_frame   0x00000050       0x50 ./Generated_Code/TU1.o
 .debug_frame   0x000000a0       0x64 ./Generated_Code/PE_LDD.o
 .debug_frame   0x00000104       0x9c ./Generated_Code/LED_DRIVER_1_RESET.o
 .debug_frame   0x000001a0       0x9c ./Generated_Code/LED_DRIVER_0_RESET.o
 .debug_frame   0x0000023c       0xa8 ./Generated_Code/I2C0.o
 .debug_frame   0x000002e4       0xcc ./Generated_Code/ESP8266_Serial.o
 .debug_frame   0x000003b0       0x9c ./Generated_Code/ESP8266_RST.o
 .debug_frame   0x0000044c       0x9c ./Generated_Code/ESP8266_GPIO2.o
 .debug_frame   0x000004e8       0x9c ./Generated_Code/ESP8266_GPIO0.o
 .debug_frame   0x00000584       0x9c ./Generated_Code/ESP8266_CHIP_EN.o
 .debug_frame   0x00000620       0xa4 ./Generated_Code/Cpu.o
 .debug_frame   0x000006c4       0x4c ./Project_Settings/Startup_Code/__arm_start.o
 .debug_frame   0x00000710       0x30 ./Project_Settings/Startup_Code/__arm_end.o
 .debug_frame   0x00000740       0x8c ./Sources/Drivers/PCA9552.o
 .debug_frame   0x000007cc      0x2b4 ./Sources/Drivers/ESP8266.o
 .debug_frame   0x00000a80       0x90 ./Sources/Utilities/Ring_Buffer.o
 .debug_frame   0x00000b10       0x2c ./Sources/main.o
 .debug_frame   0x00000b3c       0xbc ./Sources/Events.o
 .debug_frame   0x00000bf8       0x90 ./Sources/Clock.o
 .debug_frame   0x00000c88       0x30 ./Sources/Application.o
 .debug_frame   0x00000cb8       0x28 C:/Freescale/CW MCU v10.6.4/MCU/ARM_GCC_Support/ewl/lib/armv7e-m\libc.a(puts.o)
 .debug_frame   0x00000ce0       0x2c C:/Freescale/CW MCU v10.6.4/MCU/ARM_GCC_Support/ewl/lib/armv7e-m\libc.a(__putchar.o)
 .debug_frame   0x00000d0c       0x58 C:/Freescale/CW MCU v10.6.4/MCU/ARM_GCC_Support/ewl/lib/armv7e-m\libc.a(__buffer_io.o)
 .debug_frame   0x00000d64       0x34 C:/Freescale/CW MCU v10.6.4/MCU/ARM_GCC_Support/ewl/lib/armv7e-m\libc.a(sprintf.o)
 .debug_frame   0x00000d98       0x3c C:/Freescale/CW MCU v10.6.4/MCU/ARM_GCC_Support/ewl/lib/armv7e-m\libc.a(printf.o)
 .debug_frame   0x00000dd4       0x28 C:/Freescale/CW MCU v10.6.4/MCU/ARM_GCC_Support/ewl/lib/armv7e-m\libc.a(exit.o)
 .debug_frame   0x00000dfc       0x20 C:/Freescale/CW MCU v10.6.4/MCU/ARM_GCC_Support/ewl/lib/armv7e-m\libc.a(strchr.o)
 .debug_frame   0x00000e1c       0x28 C:/Freescale/CW MCU v10.6.4/MCU/ARM_GCC_Support/ewl/lib/armv7e-m\libc.a(memset.o)
 .debug_frame   0x00000e44       0x2c C:/Freescale/CW MCU v10.6.4/MCU/ARM_GCC_Support/ewl/lib/armv7e-m\libc.a(strncpy.o)
 .debug_frame   0x00000e70       0x30 C:/Freescale/CW MCU v10.6.4/MCU/ARM_GCC_Support/ewl/lib/armv7e-m\libc.a(strstr.o)
 .debug_frame   0x00000ea0       0x2c C:/Freescale/CW MCU v10.6.4/MCU/ARM_GCC_Support/ewl/lib/armv7e-m\libc.a(strncmp.o)
 .debug_frame   0x00000ecc       0x2c C:/Freescale/CW MCU v10.6.4/MCU/ARM_GCC_Support/ewl/lib/armv7e-m\libc.a(__filll_mem.o)
 .debug_frame   0x00000ef8       0x20 C:/Freescale/CW MCU v10.6.4/MCU/ARM_GCC_Support/ewl/lib/armv7e-m\libc.a(strlen.o)
 .debug_frame   0x00000f18       0x64 C:/Freescale/CW MCU v10.6.4/MCU/ARM_GCC_Support/ewl/lib/armv7e-m\libc.a(printformat_.o)
 .debug_frame   0x00000f7c       0x3c C:/Freescale/CW MCU v10.6.4/MCU/ARM_GCC_Support/ewl/lib/armv7e-m\libc.a(scanformat_.o)
 .debug_frame   0x00000fb8       0xf0 C:/Freescale/CW MCU v10.6.4/MCU/ARM_GCC_Support/ewl/lib/armv7e-m\libc.a(ctype_aeabi.o)
 .debug_frame   0x000010a8       0x4c C:/Freescale/CW MCU v10.6.4/MCU/ARM_GCC_Support/ewl/lib/armv7e-m\libc.a(vsnprintf.o)
 .debug_frame   0x000010f4       0x64 C:/Freescale/CW MCU v10.6.4/MCU/ARM_GCC_Support/ewl/lib/armv7e-m\libc.a(fwrite.o)
 .debug_frame   0x00001158       0x48 C:/Freescale/CW MCU v10.6.4/MCU/ARM_GCC_Support/ewl/lib/armv7e-m\libc.a(ansi_files.o)
 .debug_frame   0x000011a0       0x3c C:/Freescale/CW MCU v10.6.4/MCU/ARM_GCC_Support/ewl/lib/armv7e-m\libc.a(__strtoul.o)
 .debug_frame   0x000011dc       0x28 C:/Freescale/CW MCU v10.6.4/MCU/ARM_GCC_Support/ewl/lib/armv7e-m\libc.a(memcpy.o)
 .debug_frame   0x00001204       0x28 C:/Freescale/CW MCU v10.6.4/MCU/ARM_GCC_Support/ewl/lib/armv7e-m\libc.a(__memrchr.o)
 .debug_frame   0x0000122c       0x20 C:/Freescale/CW MCU v10.6.4/MCU/ARM_GCC_Support/ewl/lib/armv7e-m\libc.a(memchr.o)
 .debug_frame   0x0000124c       0x40 C:/Freescale/CW MCU v10.6.4/MCU/ARM_GCC_Support/ewl/lib/armv7e-m\librt.a(gcc_ctor_dtor.o)
 .debug_frame   0x0000128c       0xac C:/Freescale/CW MCU v10.6.4/MCU/ARM_GCC_Support/ewl/lib/armv7e-m\librt.a(__arm_eabi_init.o)
 .debug_frame   0x00001338       0x48 C:/Freescale/CW MCU v10.6.4/MCU/ARM_GCC_Support/ewl/lib/armv7e-m\librt.a(ROMCopy.o)
 .debug_frame   0x00001380       0x90 C:/Freescale/CW MCU v10.6.4/MCU/ARM_GCC_Support/ewl/lib/armv7e-m\libhosted.a(semihosted_console_io.o)
 .debug_frame   0x00001410      0x274 C:/Freescale/CW MCU v10.6.4/MCU/ARM_GCC_Support/ewl/lib/armv7e-m\libhosted.a(semihosted_file_io.o)
