Archive member included because of file (symbol)

C:/Freescale/CW MCU v10.6.4/MCU/ARM_GCC_Support/ewl/lib/armv7e-m\libc.a(puts.o)
                              ./Sources/Drivers/ESP8266.o (puts)
C:/Freescale/CW MCU v10.6.4/MCU/ARM_GCC_Support/ewl/lib/armv7e-m\libc.a(__putchar.o)
                              C:/Freescale/CW MCU v10.6.4/MCU/ARM_GCC_Support/ewl/lib/armv7e-m\libc.a(puts.o) (__put_char)
C:/Freescale/CW MCU v10.6.4/MCU/ARM_GCC_Support/ewl/lib/armv7e-m\libc.a(__buffer_io.o)
                              C:/Freescale/CW MCU v10.6.4/MCU/ARM_GCC_Support/ewl/lib/armv7e-m\libc.a(__putchar.o) (__prep_buffer)
C:/Freescale/CW MCU v10.6.4/MCU/ARM_GCC_Support/ewl/lib/armv7e-m\libc.a(sprintf.o)
                              ./Sources/Drivers/ESP8266.o (sprintf)
C:/Freescale/CW MCU v10.6.4/MCU/ARM_GCC_Support/ewl/lib/armv7e-m\libc.a(printf.o)
                              ./Sources/Drivers/ESP8266.o (printf)
C:/Freescale/CW MCU v10.6.4/MCU/ARM_GCC_Support/ewl/lib/armv7e-m\libc.a(exit.o)
                              ./Project_Settings/Startup_Code/__arm_start.o (exit)
C:/Freescale/CW MCU v10.6.4/MCU/ARM_GCC_Support/ewl/lib/armv7e-m\libc.a(strchr.o)
                              ./Sources/Drivers/ESP8266.o (strchr)
C:/Freescale/CW MCU v10.6.4/MCU/ARM_GCC_Support/ewl/lib/armv7e-m\libc.a(memset.o)
                              ./Project_Settings/Startup_Code/__arm_start.o (memset)
C:/Freescale/CW MCU v10.6.4/MCU/ARM_GCC_Support/ewl/lib/armv7e-m\libc.a(strncpy.o)
                              ./Sources/Drivers/ESP8266.o (strncpy)
C:/Freescale/CW MCU v10.6.4/MCU/ARM_GCC_Support/ewl/lib/armv7e-m\libc.a(strstr.o)
                              ./Sources/Drivers/ESP8266.o (strstr)
C:/Freescale/CW MCU v10.6.4/MCU/ARM_GCC_Support/ewl/lib/armv7e-m\libc.a(strncmp.o)
                              ./Sources/Drivers/ESP8266.o (strncmp)
C:/Freescale/CW MCU v10.6.4/MCU/ARM_GCC_Support/ewl/lib/armv7e-m\libc.a(__filll_mem.o)
                              C:/Freescale/CW MCU v10.6.4/MCU/ARM_GCC_Support/ewl/lib/armv7e-m\libc.a(memset.o) (__fill_mem)
C:/Freescale/CW MCU v10.6.4/MCU/ARM_GCC_Support/ewl/lib/armv7e-m\libc.a(strlen.o)
                              ./Sources/Drivers/ESP8266.o (strlen)
C:/Freescale/CW MCU v10.6.4/MCU/ARM_GCC_Support/ewl/lib/armv7e-m\libc.a(printformat_.o)
                              (__pformatter_)
C:/Freescale/CW MCU v10.6.4/MCU/ARM_GCC_Support/ewl/lib/armv7e-m\libc.a(scanformat_.o)
                              (__sformatter)
C:/Freescale/CW MCU v10.6.4/MCU/ARM_GCC_Support/ewl/lib/armv7e-m\libc.a(ctype_aeabi.o)
                              C:/Freescale/CW MCU v10.6.4/MCU/ARM_GCC_Support/ewl/lib/armv7e-m\libc.a(scanformat_.o) (isspace)
C:/Freescale/CW MCU v10.6.4/MCU/ARM_GCC_Support/ewl/lib/armv7e-m\libc.a(vsnprintf.o)
                              C:/Freescale/CW MCU v10.6.4/MCU/ARM_GCC_Support/ewl/lib/armv7e-m\libc.a(sprintf.o) (vsnprintf)
C:/Freescale/CW MCU v10.6.4/MCU/ARM_GCC_Support/ewl/lib/armv7e-m\libc.a(fwrite.o)
                              C:/Freescale/CW MCU v10.6.4/MCU/ARM_GCC_Support/ewl/lib/armv7e-m\libc.a(printf.o) (__FileWrite)
C:/Freescale/CW MCU v10.6.4/MCU/ARM_GCC_Support/ewl/lib/armv7e-m\libc.a(ansi_files.o)
                              C:/Freescale/CW MCU v10.6.4/MCU/ARM_GCC_Support/ewl/lib/armv7e-m\libc.a(puts.o) (__files)
C:/Freescale/CW MCU v10.6.4/MCU/ARM_GCC_Support/ewl/lib/armv7e-m\libc.a(fflush.o)
                              C:/Freescale/CW MCU v10.6.4/MCU/ARM_GCC_Support/ewl/lib/armv7e-m\libc.a(ansi_files.o) (fflush)
C:/Freescale/CW MCU v10.6.4/MCU/ARM_GCC_Support/ewl/lib/armv7e-m\libc.a(__strtoul.o)
                              C:/Freescale/CW MCU v10.6.4/MCU/ARM_GCC_Support/ewl/lib/armv7e-m\libc.a(scanformat_.o) (__strtoul)
C:/Freescale/CW MCU v10.6.4/MCU/ARM_GCC_Support/ewl/lib/armv7e-m\libc.a(memcpy.o)
                              C:/Freescale/CW MCU v10.6.4/MCU/ARM_GCC_Support/ewl/lib/armv7e-m\libc.a(vsnprintf.o) (memcpy)
C:/Freescale/CW MCU v10.6.4/MCU/ARM_GCC_Support/ewl/lib/armv7e-m\libc.a(__memrchr.o)
                              C:/Freescale/CW MCU v10.6.4/MCU/ARM_GCC_Support/ewl/lib/armv7e-m\libc.a(fwrite.o) (__memrchr)
C:/Freescale/CW MCU v10.6.4/MCU/ARM_GCC_Support/ewl/lib/armv7e-m\libc.a(memchr.o)
                              C:/Freescale/CW MCU v10.6.4/MCU/ARM_GCC_Support/ewl/lib/armv7e-m\libc.a(printformat_.o) (memchr)
C:/Freescale/CW MCU v10.6.4/MCU/ARM_GCC_Support/ewl/lib/armv7e-m\librt.a(gcc_ctor_dtor.o)
                              ./Project_Settings/Startup_Code/__arm_start.o (__init_cpp)
C:/Freescale/CW MCU v10.6.4/MCU/ARM_GCC_Support/ewl/lib/armv7e-m\librt.a(__arm_eabi_init.o)
                              C:/Freescale/CW MCU v10.6.4/MCU/ARM_GCC_Support/ewl/lib/armv7e-m\libc.a(exit.o) (__destroy_global_chain)
C:/Freescale/CW MCU v10.6.4/MCU/ARM_GCC_Support/ewl/lib/armv7e-m\librt.a(ROMCopy.o)
[...]
Memory Configuration

Name             Origin             Length             Attributes
m_interrupts     0x1fff8000         0x000001bc         xr
m_text           0x20000000         0x00008000         xr
m_data           0x1fff81bc         0x00007e44         rw
m_cfmprotrom     0x00000400         0x00000010         xr
*default*        0x00000000         0xffffffff

Linker script and memory map

LOAD ./Generated_Code/Vectors.o
LOAD ./Generated_Code/Timer_1ms.o
LOAD ./Generated_Code/TU1.o
LOAD ./Generated_Code/PE_LDD.o
LOAD ./Generated_Code/LED_DRIVER_1_RESET.o
LOAD ./Generated_Code/LED_DRIVER_0_RESET.o
LOAD ./Generated_Code/IO_9.o
LOAD ./Generated_Code/IO_8.o
LOAD ./Generated_Code/IO_7.o
LOAD ./Generated_Code/IO_6.o
LOAD ./Generated_Code/IO_5.o
LOAD ./Generated_Code/IO_4.o
LOAD ./Generated_Code/IO_3.o
LOAD ./Generated_Code/IO_2.o
LOAD ./Generated_Code/IO_12.o
LOAD ./Generated_Code/IO_11.o
LOAD ./Generated_Code/IO_10.o
LOAD ./Generated_Code/IO_1.o
LOAD ./Generated_Code/I2C0.o
LOAD ./Generated_Code/ESP8266_XPD_DCDC.o
LOAD ./Generated_Code/ESP8266_Serial.o
LOAD ./Generated_Code/ESP8266_RST.o
LOAD ./Generated_Code/ESP8266_GPIO2.o
LOAD ./Generated_Code/ESP8266_GPIO0.o
LOAD ./Generated_Code/ESP8266_CHIP_EN.o
LOAD ./Generated_Code/Cpu.o
LOAD ./Project_Settings/Startup_Code/__arm_start.o
LOAD ./Project_Settings/Startup_Code/__arm_end.o
LOAD ./Sources/Drivers/PCA9552.o
LOAD ./Sources/Drivers/ESP8266.o
LOAD ./Sources/Utilities/Ring_Buffer.o
LOAD ./Sources/main.o
LOAD ./Sources/Events.o
LOAD ./Sources/Clock.o
LOAD ./Sources/Application.o
                0x20003a58                __pformatter = __pformatter_
                [0x20003e50]                __sformatter = __sformatter
START GROUP
LOAD C:/Freescale/CW MCU v10.6.4/MCU/ARM_GCC_Support/ewl/lib/armv7e-m\libc.a
LOAD C:/Freescale/CW MCU v10.6.4/MCU/ARM_GCC_Support/ewl/lib/armv7e-m\libm.a
LOAD c:/freescale/cw mcu v10.6.4/cross_tools/arm-none-eabi-gcc-4_7_3/bin/../lib/gcc/arm-none-eabi/4.7.3/armv7e-m\libgcc.a
LOAD C:/Freescale/CW MCU v10.6.4/MCU/ARM_GCC_Support/ewl/lib/armv7e-m\librt.a
LOAD C:/Freescale/CW MCU v10.6.4/MCU/ARM_GCC_Support/ewl/lib/armv7e-m\libhosted.a
END GROUP
                0x20000000                _estack = 0x20000000
                0x20000000                __SP_INIT = _estack
                0x00000000                __heap_size = 0x0
                0x00000400                __stack_size = 0x400

.interrupts     0x1fff8000      0x1bc
                0x1fff8000                __vector_table = .
                0x1fff8000                . = ALIGN (0x4)
 *(.vectortable)
 .vectortable   0x1fff8000      0x1bc ./Generated_Code/Vectors.o
                0x1fff8000                __vect_table
                0x1fff81bc                . = ALIGN (0x4)

.cfmprotect     0x00000400        0x0
                0x00000400                . = ALIGN (0x4)
 *(.cfmconfig)
                0x00000400                . = ALIGN (0x4)

.text           0x20000000     0x53c0
                0x20000000                . = ALIGN (0x4)
 *(.text)
 *(.text*)
 .text.Timer_1ms_Init
                0x20000000       0x64 ./Generated_Code/Timer_1ms.o
                0x20000000                Timer_1ms_Init
 .text.TU1_OnCounterRestart
                0x20000064       0x28 ./Generated_Code/Timer_1ms.o
                0x20000064                TU1_OnCounterRestart
 .text.TU1_Init
                0x2000008c      0x198 ./Generated_Code/TU1.o
                0x2000008c                TU1_Init
 .text.TU1_Interrupt
                0x20000224       0x80 ./Generated_Code/TU1.o
                0x20000224                TU1_Interrupt
 .text.LED_DRIVER_1_RESET_Init
                0x200002a4       0x84 ./Generated_Code/LED_DRIVER_1_RESET.o
                0x200002a4                LED_DRIVER_1_RESET_Init
 .text.LED_DRIVER_1_RESET_PutVal
                0x20000328       0x3c ./Generated_Code/LED_DRIVER_1_RESET.o
                0x20000328                LED_DRIVER_1_RESET_PutVal
 .text.LED_DRIVER_0_RESET_Init
                0x20000364       0x84 ./Generated_Code/LED_DRIVER_0_RESET.o
                0x20000364                LED_DRIVER_0_RESET_Init
 .text.LED_DRIVER_0_RESET_PutVal
                0x200003e8       0x3c ./Generated_Code/LED_DRIVER_0_RESET.o
                0x200003e8                LED_DRIVER_0_RESET_PutVal
 .text.IO_9_Init
                0x20000424       0x84 ./Generated_Code/IO_9.o
                0x20000424                IO_9_Init
 .text.IO_8_Init
                0x200004a8       0x84 ./Generated_Code/IO_8.o
                0x200004a8                IO_8_Init
 .text.IO_7_Init
                0x2000052c       0x84 ./Generated_Code/IO_7.o
                0x2000052c                IO_7_Init
 .text.IO_6_Init
                0x200005b0       0x84 ./Generated_Code/IO_6.o
                0x200005b0                IO_6_Init
 .text.IO_5_Init
                0x20000634       0x84 ./Generated_Code/IO_5.o
                0x20000634                IO_5_Init
 .text.IO_4_Init
                0x200006b8       0x84 ./Generated_Code/IO_4.o
                0x200006b8                IO_4_Init
 .text.IO_3_Init
                0x2000073c       0x84 ./Generated_Code/IO_3.o
                0x2000073c                IO_3_Init
 .text.IO_2_Init
                0x200007c0       0x84 ./Generated_Code/IO_2.o
                0x200007c0                IO_2_Init
 .text.IO_12_Init
                0x20000844       0x84 ./Generated_Code/IO_12.o
                0x20000844                IO_12_Init
 .text.IO_11_Init
                0x200008c8       0x84 ./Generated_Code/IO_11.o
                0x200008c8                IO_11_Init
 .text.IO_10_Init
                0x2000094c       0x84 ./Generated_Code/IO_10.o
                0x2000094c                IO_10_Init
 .text.IO_1_Init
                0x200009d0       0x84 ./Generated_Code/IO_1.o
                0x200009d0                IO_1_Init
 .text.I2C0_Interrupt
                0x20000a54      0x368 ./Generated_Code/I2C0.o
                0x20000a54                I2C0_Interrupt
 .text.I2C0_Init
                0x20000dbc      0x1c8 ./Generated_Code/I2C0.o
                0x20000dbc                I2C0_Init
 .text.I2C0_MasterSendBlock
                0x20000f84      0x1f8 ./Generated_Code/I2C0.o
                0x20000f84                I2C0_MasterSendBlock
 .text.I2C0_SelectSlaveDevice
                0x2000117c      0x100 ./Generated_Code/I2C0.o
                0x2000117c                I2C0_SelectSlaveDevice
 .text.ESP8266_XPD_DCDC_Init
                0x2000127c       0x84 ./Generated_Code/ESP8266_XPD_DCDC.o
                0x2000127c                ESP8266_XPD_DCDC_Init
 .text.ESP8266_Serial_Init
                0x20001300      0x2b4 ./Generated_Code/ESP8266_Serial.o
                0x20001300                ESP8266_Serial_Init
 .text.ESP8266_Serial_ReceiveBlock
                0x200015b4       0xbc ./Generated_Code/ESP8266_Serial.o
                0x200015b4                ESP8266_Serial_ReceiveBlock
 .text.ESP8266_Serial_SendBlock
                0x20001670       0xfc ./Generated_Code/ESP8266_Serial.o
                0x20001670                ESP8266_Serial_SendBlock
 .text.InterruptRx
                0x2000176c       0x64 ./Generated_Code/ESP8266_Serial.o
 .text.InterruptTx
                0x200017d0       0xa4 ./Generated_Code/ESP8266_Serial.o
 .text.ESP8266_Serial_Interrupt
                0x20001874       0x74 ./Generated_Code/ESP8266_Serial.o
                0x20001874                ESP8266_Serial_Interrupt
 .text.ESP8266_RST_Init
                0x200018e8       0x84 ./Generated_Code/ESP8266_RST.o
                0x200018e8                ESP8266_RST_Init
 .text.ESP8266_GPIO2_Init
                0x2000196c       0x84 ./Generated_Code/ESP8266_GPIO2.o
                0x2000196c                ESP8266_GPIO2_Init
 .text.ESP8266_GPIO0_Init
                0x200019f0       0x84 ./Generated_Code/ESP8266_GPIO0.o
                0x200019f0                ESP8266_GPIO0_Init
 .text.ESP8266_CHIP_EN_Init
                0x20001a74       0x84 ./Generated_Code/ESP8266_CHIP_EN.o
                0x20001a74                ESP8266_CHIP_EN_Init
 .text.Cpu_INT_NMIInterrupt
                0x20001af8       0x1c ./Generated_Code/Cpu.o
                0x20001af8                Cpu_INT_NMIInterrupt
 .text.Cpu_Interrupt
                0x20001b14       0x18 ./Generated_Code/Cpu.o
                0x20001b14                Cpu_Interrupt
 .text.__init_hardware
                0x20001b2c      0x1dc ./Generated_Code/Cpu.o
                0x20001b2c                __init_hardware
 .text.Cpu_SetBASEPRI
                0x20001d08       0x18 ./Generated_Code/Cpu.o
                0x20001d08                Cpu_SetBASEPRI
 .text.PE_low_level_init
                0x20001d20      0x16c ./Generated_Code/Cpu.o
                0x20001d20                PE_low_level_init
 .text.zero_fill_bss
                0x20001e8c       0x2c ./Project_Settings/Startup_Code/__arm_start.o
 .text.__thumb_startup
                0x20001eb8       0x34 ./Project_Settings/Startup_Code/__arm_start.o
                0x20001eb8                __thumb_startup
 .text._ExitProcess
                0x20001eec       0x10 ./Project_Settings/Startup_Code/__arm_end.o
                0x20001eec                _ExitProcess
 .text.init_led_drivers
                0x20001efc       0x8c ./Sources/Drivers/PCA9552.o
                0x20001efc                init_led_drivers
 .text.reset_driver
                0x20001f88       0x6c ./Sources/Drivers/PCA9552.o
                0x20001f88                reset_driver
 .text.set_led_output
                0x20001ff4       0xb4 ./Sources/Drivers/PCA9552.o
                0x20001ff4                set_led_output
 .text.set_led_output_mode
                0x200020a8      0x1ac ./Sources/Drivers/PCA9552.o
 .text.Enable_ESP8266
                0x20002254       0x74 ./Sources/Drivers/ESP8266.o
                0x20002254                Enable_ESP8266
 .text.ESP8266_Send_Block
                0x200022c8       0x48 ./Sources/Drivers/ESP8266.o
                0x200022c8                ESP8266_Send_Block
 .text.ESP8266_Get_Incoming_Buffer_Size
                0x20002310       0x10 ./Sources/Drivers/ESP8266.o
                0x20002310                ESP8266_Get_Incoming_Buffer_Size
 .text.ESP8266_Get_Incoming_Character
                0x20002320       0x1c ./Sources/Drivers/ESP8266.o
                0x20002320                ESP8266_Get_Incoming_Character
 .text.ESP8266_Reset_TCP_Buffer
                0x2000233c       0x18 ./Sources/Drivers/ESP8266.o
                0x2000233c                ESP8266_Reset_TCP_Buffer
 .text.ESP8266_Search_Tail_For_Response
                0x20002354       0x58 ./Sources/Drivers/ESP8266.o
                0x20002354                ESP8266_Search_Tail_For_Response
 .text.ESP8266_Wait_For_Response
                0x200023ac      0x16c ./Sources/Drivers/ESP8266.o
                0x200023ac                ESP8266_Wait_For_Response
 .text.ESP8266_Receive_Incoming_Request
                0x20002518      0x148 ./Sources/Drivers/ESP8266.o
                0x20002518                ESP8266_Receive_Incoming_Request
 .text.ESP8266_Send_Command_AT
                0x20002660       0x40 ./Sources/Drivers/ESP8266.o
                0x20002660                ESP8266_Send_Command_AT
 .text.ESP8266_Send_Command_AT_RST
                0x200026a0       0x54 ./Sources/Drivers/ESP8266.o
                0x200026a0                ESP8266_Send_Command_AT_RST
 .text.ESP8266_Send_Command_AT_CWMODE
                0x200026f4       0x74 ./Sources/Drivers/ESP8266.o
                0x200026f4                ESP8266_Send_Command_AT_CWMODE
 .text.ESP8266_Send_Command_AT_CWJAP
                0x20002768       0x80 ./Sources/Drivers/ESP8266.o
                0x20002768                ESP8266_Send_Command_AT_CWJAP
 .text.ESP8266_Send_Command_AT_CIFSR
                0x200027e8      0x124 ./Sources/Drivers/ESP8266.o
                0x200027e8                ESP8266_Send_Command_AT_CIFSR
 .text.ESP8266_Send_Command_AT_CIPMUX
                0x2000290c       0x74 ./Sources/Drivers/ESP8266.o
                0x2000290c                ESP8266_Send_Command_AT_CIPMUX
 .text.ESP8266_Send_Command_AT_CIPSERVER
                0x20002980       0x78 ./Sources/Drivers/ESP8266.o
                0x20002980                ESP8266_Send_Command_AT_CIPSERVER
 .text.Start_HTTP_Server
                0x200029f8      0x2d0 ./Sources/Drivers/ESP8266.o
                0x200029f8                Start_HTTP_Server
 .text.Ring_Buffer_Put
                0x20002cc8      0x10c ./Sources/Utilities/Ring_Buffer.o
                0x20002cc8                Ring_Buffer_Put
 .text.Ring_Buffer_Get
                0x20002dd4      0x108 ./Sources/Utilities/Ring_Buffer.o
                0x20002dd4                Ring_Buffer_Get
 .text.Ring_Buffer_NofElements
                0x20002edc       0x18 ./Sources/Utilities/Ring_Buffer.o
                0x20002edc                Ring_Buffer_NofElements
 .text.Ring_Buffer_Init
                0x20002ef4       0x34 ./Sources/Utilities/Ring_Buffer.o
                0x20002ef4                Ring_Buffer_Init
 .text.main     0x20002f28       0x10 ./Sources/main.o
                0x20002f28                main
 .text.Cpu_OnNMIINT
                0x20002f38        0xc ./Sources/Events.o
                0x20002f38                Cpu_OnNMIINT
 .text.Timer_1ms_OnInterrupt
                0x20002f44       0x14 ./Sources/Events.o
                0x20002f44                Timer_1ms_OnInterrupt
 .text.ESP8266_Serial_OnBlockReceived
                0x20002f58       0x58 ./Sources/Events.o
                0x20002f58                ESP8266_Serial_OnBlockReceived
 .text.ESP8266_Serial_OnBlockSent
                0x20002fb0       0x20 ./Sources/Events.o
                0x20002fb0                ESP8266_Serial_OnBlockSent
 .text.I2C0_OnMasterBlockSent
                0x20002fd0       0x14 ./Sources/Events.o
                0x20002fd0                I2C0_OnMasterBlockSent
 .text.I2C0_OnMasterBlockReceived
                0x20002fe4       0x14 ./Sources/Events.o
                0x20002fe4                I2C0_OnMasterBlockReceived
 .text.Enable_Clock
                0x20002ff8       0x10 ./Sources/Clock.o
                0x20002ff8                Enable_Clock
 .text.Start_Clock
                0x20003008       0x44 ./Sources/Clock.o
                0x20003008                Start_Clock
 .text.Tick     0x2000304c       0x9c ./Sources/Clock.o
                0x2000304c                Tick
 .text.Wait     0x200030e8       0x34 ./Sources/Clock.o
                0x200030e8                Wait
 .text.Millis   0x2000311c       0x18 ./Sources/Clock.o
                0x2000311c                Millis
 .text.Application
                0x20003134      0x4b4 ./Sources/Application.o
                0x20003134                Application
 .text.puts     0x200035e8       0x50 C:/Freescale/CW MCU v10.6.4/MCU/ARM_GCC_Support/ewl/lib/armv7e-m\libc.a(puts.o)
                0x200035e8                puts
 .text.__put_char
                0x20003638       0x8c C:/Freescale/CW MCU v10.6.4/MCU/ARM_GCC_Support/ewl/lib/armv7e-m\libc.a(__putchar.o)
                0x20003638                __put_char
 .text.__prep_buffer
                0x200036c4       0x16 C:/Freescale/CW MCU v10.6.4/MCU/ARM_GCC_Support/ewl/lib/armv7e-m\libc.a(__buffer_io.o)
                0x200036c4                __prep_buffer
 .text.__flush_buffer
                0x200036da       0x36 C:/Freescale/CW MCU v10.6.4/MCU/ARM_GCC_Support/ewl/lib/armv7e-m\libc.a(__buffer_io.o)
                0x200036da                __flush_buffer
 .text.sprintf  0x20003710       0x1c C:/Freescale/CW MCU v10.6.4/MCU/ARM_GCC_Support/ewl/lib/armv7e-m\libc.a(sprintf.o)
                0x20003710                sprintf
 .text.printf   0x2000372c       0x2c C:/Freescale/CW MCU v10.6.4/MCU/ARM_GCC_Support/ewl/lib/armv7e-m\libc.a(printf.o)
                0x2000372c                printf
 .text.exit     0x20003758       0x38 C:/Freescale/CW MCU v10.6.4/MCU/ARM_GCC_Support/ewl/lib/armv7e-m\libc.a(exit.o)
                0x20003758                exit
 .text.strchr   0x20003790       0x1a C:/Freescale/CW MCU v10.6.4/MCU/ARM_GCC_Support/ewl/lib/armv7e-m\libc.a(strchr.o)
                0x20003790                strchr
 .text.memset   0x200037aa        0xc C:/Freescale/CW MCU v10.6.4/MCU/ARM_GCC_Support/ewl/lib/armv7e-m\libc.a(memset.o)
                0x200037aa                memset
 .text.strncpy  0x200037b6       0x30 C:/Freescale/CW MCU v10.6.4/MCU/ARM_GCC_Support/ewl/lib/armv7e-m\libc.a(strncpy.o)
                0x200037b6                strncpy
 .text.strstr   0x200037e6       0x32 C:/Freescale/CW MCU v10.6.4/MCU/ARM_GCC_Support/ewl/lib/armv7e-m\libc.a(strstr.o)
                0x200037e6                strstr
 .text.strncmp  0x20003818       0x22 C:/Freescale/CW MCU v10.6.4/MCU/ARM_GCC_Support/ewl/lib/armv7e-m\libc.a(strncmp.o)
                0x20003818                strncmp
 .text.__fill_mem
                0x2000383a       0x76 C:/Freescale/CW MCU v10.6.4/MCU/ARM_GCC_Support/ewl/lib/armv7e-m\libc.a(__filll_mem.o)
                0x2000383a                __fill_mem
 .text.strlen   0x200038b0       0x10 C:/Freescale/CW MCU v10.6.4/MCU/ARM_GCC_Support/ewl/lib/armv7e-m\libc.a(strlen.o)
                0x200038b0                strlen
 .text.long2str.isra.0
                0x200038c0      0x196 C:/Freescale/CW MCU v10.6.4/MCU/ARM_GCC_Support/ewl/lib/armv7e-m\libc.a(printformat_.o)
 *fill*         0x20003a56        0x2 00
 .text.__pformatter_
                0x20003a58      0x3f8 C:/Freescale/CW MCU v10.6.4/MCU/ARM_GCC_Support/ewl/lib/armv7e-m\libc.a(printformat_.o)
                0x20003a58                __pformatter_
 .text.__sformatter
                0x20003e50      0x6f4 C:/Freescale/CW MCU v10.6.4/MCU/ARM_GCC_Support/ewl/lib/armv7e-m\libc.a(scanformat_.o)
                0x20003e50                __sformatter
 .text.isalpha  0x20004544       0x1c C:/Freescale/CW MCU v10.6.4/MCU/ARM_GCC_Support/ewl/lib/armv7e-m\libc.a(ctype_aeabi.o)
                0x20004544                isalpha
 .text.isspace  0x20004560       0x1c C:/Freescale/CW MCU v10.6.4/MCU/ARM_GCC_Support/ewl/lib/armv7e-m\libc.a(ctype_aeabi.o)
                0x20004560                isspace
 .text.toupper  0x2000457c        0xc C:/Freescale/CW MCU v10.6.4/MCU/ARM_GCC_Support/ewl/lib/armv7e-m\libc.a(ctype_aeabi.o)
                0x2000457c                toupper
 .text.__StringWrite
                0x20004588       0x2a C:/Freescale/CW MCU v10.6.4/MCU/ARM_GCC_Support/ewl/lib/armv7e-m\libc.a(vsnprintf.o)
                0x20004588                __StringWrite
 *fill*         0x200045b2        0x2 00
 .text.vsnprintf
                0x200045b4       0x34 C:/Freescale/CW MCU v10.6.4/MCU/ARM_GCC_Support/ewl/lib/armv7e-m\libc.a(vsnprintf.o)
                0x200045b4                vsnprintf
 .text.__fwrite
                0x200045e8      0x158 C:/Freescale/CW MCU v10.6.4/MCU/ARM_GCC_Support/ewl/lib/armv7e-m\libc.a(fwrite.o)
                0x200045e8                __fwrite
 .text.__FileWrite
                0x20004740       0x1a C:/Freescale/CW MCU v10.6.4/MCU/ARM_GCC_Support/ewl/lib/armv7e-m\libc.a(fwrite.o)
                0x20004740                __FileWrite
 *fill*         0x2000475a        0x2 00
 .text.__strtoul
                0x2000475c      0x214 C:/Freescale/CW MCU v10.6.4/MCU/ARM_GCC_Support/ewl/lib/armv7e-m\libc.a(__strtoul.o)
                0x2000475c                __strtoul
 .text.memcpy   0x20004970       0x12 C:/Freescale/CW MCU v10.6.4/MCU/ARM_GCC_Support/ewl/lib/armv7e-m\libc.a(memcpy.o)
                0x20004970                memcpy
 .text.__memrchr
                0x20004982       0x1c C:/Freescale/CW MCU v10.6.4/MCU/ARM_GCC_Support/ewl/lib/armv7e-m\libc.a(__memrchr.o)
                0x20004982                __memrchr
 .text.memchr   0x2000499e       0x18 C:/Freescale/CW MCU v10.6.4/MCU/ARM_GCC_Support/ewl/lib/armv7e-m\libc.a(memchr.o)
                0x2000499e                memchr
 *fill*         0x200049b6        0x2 00
 .text.__init_cpp
                0x200049b8       0x4c C:/Freescale/CW MCU v10.6.4/MCU/ARM_GCC_Support/ewl/lib/armv7e-m\librt.a(gcc_ctor_dtor.o)
                0x200049b8                __init_cpp
 .text.__fini_cpp
                0x20004a04       0x34 C:/Freescale/CW MCU v10.6.4/MCU/ARM_GCC_Support/ewl/lib/armv7e-m\librt.a(gcc_ctor_dtor.o)
                0x20004a04                __fini_cpp
 .text.__destroy_global_chain
                0x20004a38       0x18 C:/Freescale/CW MCU v10.6.4/MCU/ARM_GCC_Support/ewl/lib/armv7e-m\librt.a(__arm_eabi_init.o)
                0x20004a38                __destroy_global_chain
 .text.__init_registers
                0x20004a50       0x24 C:/Freescale/CW MCU v10.6.4/MCU/ARM_GCC_Support/ewl/lib/armv7e-m\librt.a(__arm_eabi_init.o)
                0x20004a50                __init_registers
 .text.__init_user
                0x20004a74        0x4 C:/Freescale/CW MCU v10.6.4/MCU/ARM_GCC_Support/ewl/lib/armv7e-m\librt.a(__arm_eabi_init.o)
                0x20004a74                __init_user
 .text.__copy_rom_section
                0x20004a78       0x44 C:/Freescale/CW MCU v10.6.4/MCU/ARM_GCC_Support/ewl/lib/armv7e-m\librt.a(ROMCopy.o)
                0x20004a78                __copy_rom_section
 .text.__copy_rom_sections_to_ram
                0x20004abc       0x30 C:/Freescale/CW MCU v10.6.4/MCU/ARM_GCC_Support/ewl/lib/armv7e-m\librt.a(ROMCopy.o)
                0x20004abc                __copy_rom_sections_to_ram
 .text.sys_writec
                0x20004aec        0xe C:/Freescale/CW MCU v10.6.4/MCU/ARM_GCC_Support/ewl/lib/armv7e-m\libhosted.a(semihosted_console_io.o)
                0x20004aec                sys_writec
 .text.sys_readc
                0x20004afa       0x10 C:/Freescale/CW MCU v10.6.4/MCU/ARM_GCC_Support/ewl/lib/armv7e-m\libhosted.a(semihosted_console_io.o)
                0x20004afa                sys_readc
 *fill*         0x20004b0a        0x2 00
 .text.sys_exit
                0x20004b0c       0x20 C:/Freescale/CW MCU v10.6.4/MCU/ARM_GCC_Support/ewl/lib/armv7e-m\libhosted.a(semihosted_console_io.o)
                0x20004b0c                sys_exit
 .text.__read_console
                0x20004b2c       0x1a C:/Freescale/CW MCU v10.6.4/MCU/ARM_GCC_Support/ewl/lib/armv7e-m\libhosted.a(semihosted_console_io.o)
                0x20004b2c                __read_console
 .text.__write_console
                0x20004b46       0x1a C:/Freescale/CW MCU v10.6.4/MCU/ARM_GCC_Support/ewl/lib/armv7e-m\libhosted.a(semihosted_console_io.o)
                0x20004b46                __write_console
 .text.__close_console
                0x20004b60        0x4 C:/Freescale/CW MCU v10.6.4/MCU/ARM_GCC_Support/ewl/lib/armv7e-m\libhosted.a(semihosted_console_io.o)
                0x20004b60                __close_console
 .text.sys_open
                0x20004b64        0xe C:/Freescale/CW MCU v10.6.4/MCU/ARM_GCC_Support/ewl/lib/armv7e-m\libhosted.a(semihosted_file_io.o)
                0x20004b64                sys_open
 *fill*         0x20004b72        0x2 00
 .text.__open_file
                0x20004b74       0x68 C:/Freescale/CW MCU v10.6.4/MCU/ARM_GCC_Support/ewl/lib/armv7e-m\libhosted.a(semihosted_file_io.o)
                0x20004b74                __open_file
 .text.open     0x20004bdc       0x7a C:/Freescale/CW MCU v10.6.4/MCU/ARM_GCC_Support/ewl/lib/armv7e-m\libhosted.a(semihosted_file_io.o)
                0x20004bdc                open
 .text.sys_write
                0x20004c56        0xe C:/Freescale/CW MCU v10.6.4/MCU/ARM_GCC_Support/ewl/lib/armv7e-m\libhosted.a(semihosted_file_io.o)
                0x20004c56                sys_write
 .text.__write_file
                0x20004c64       0x1c C:/Freescale/CW MCU v10.6.4/MCU/ARM_GCC_Support/ewl/lib/armv7e-m\libhosted.a(semihosted_file_io.o)
                0x20004c64                __write_file
 .text.sys_read
                0x20004c80        0xe C:/Freescale/CW MCU v10.6.4/MCU/ARM_GCC_Support/ewl/lib/armv7e-m\libhosted.a(semihosted_file_io.o)
                0x20004c80                sys_read
 .text.__read_file
                0x20004c8e       0x34 C:/Freescale/CW MCU v10.6.4/MCU/ARM_GCC_Support/ewl/lib/armv7e-m\libhosted.a(semihosted_file_io.o)
                0x20004c8e                __read_file
 *fill*         0x20004cc2        0x2 00
 .text.__init_semihost
                0x20004cc4       0x20 C:/Freescale/CW MCU v10.6.4/MCU/ARM_GCC_Support/ewl/lib/armv7e-m\libhosted.a(semihosted_file_io.o)
                0x20004cc4                __init_semihost
 *(.rodata)
 .rodata        0x20004ce4      0x414 ./Sources/Drivers/ESP8266.o
 .rodata        0x200050f8       0x20 ./Sources/Events.o
 .rodata        0x20005118      0x190 ./Sources/Application.o
 *(.rodata*)
 .rodata.str1.1
                0x00000000        0x0 C:/Freescale/CW MCU v10.6.4/MCU/ARM_GCC_Support/ewl/lib/armv7e-m\libc.a(printformat_.o)
                                  0x1 (size before relaxing)
 .rodata.CSWTCH.20
                0x200052a8        0x5 C:/Freescale/CW MCU v10.6.4/MCU/ARM_GCC_Support/ewl/lib/armv7e-m\libc.a(printformat_.o)
 .rodata.CSWTCH.21
                0x200052ad        0x5 C:/Freescale/CW MCU v10.6.4/MCU/ARM_GCC_Support/ewl/lib/armv7e-m\libc.a(printformat_.o)
 .rodata.__aeabi_ctype_table_C
                0x200052b2      0x101 C:/Freescale/CW MCU v10.6.4/MCU/ARM_GCC_Support/ewl/lib/armv7e-m\libc.a(ctype_aeabi.o)
                0x200052b2                __aeabi_ctype_table_C
 .rodata.str1.1
                0x200053b3        0x4 C:/Freescale/CW MCU v10.6.4/MCU/ARM_GCC_Support/ewl/lib/armv7e-m\libhosted.a(semihosted_file_io.o)
 .rodata.CSWTCH.26
                0x200053b7        0x2 C:/Freescale/CW MCU v10.6.4/MCU/ARM_GCC_Support/ewl/lib/armv7e-m\libhosted.a(semihosted_file_io.o)
 .rodata.CSWTCH.28
                0x200053b9        0x5 C:/Freescale/CW MCU v10.6.4/MCU/ARM_GCC_Support/ewl/lib/armv7e-m\libhosted.a(semihosted_file_io.o)
 *(.glue_7)
 .glue_7        0x00000000        0x0 linker stubs
 *(.glue_7t)
 .glue_7t       0x00000000        0x0 linker stubs
 *(.eh_frame)
 *(.init)
 *(.fini)
                0x200053c0                . = ALIGN (0x4)
 *fill*         0x200053be        0x2 00
                0x200053c0                _etext = .

.vfp11_veneer   0x200053c0        0x0
 .vfp11_veneer  0x00000000        0x0 linker stubs

.v4_bx          0x200053c0        0x0
 .v4_bx         0x00000000        0x0 linker stubs

.iplt           0x200053c0        0x0
 .iplt          0x00000000        0x0 ./Generated_Code/Vectors.o

.rel.dyn        0x200053c0        0x0
 .rel.iplt      0x00000000        0x0 ./Generated_Code/Vectors.o

.ARM.extab
 *(.ARM.extab* .gnu.linkonce.armextab.*)

.ARM            0x200053c0        0x0
                0x200053c0                __exidx_start = .
 *(.ARM.exidx*)
                0x200053c0                __exidx_end = .

.ctors          0x200053c0        0x0
                0x200053c0                __CTOR_LIST__ = .
 *crtbegin.o(.ctors)
 *(EXCLUDE_FILE(*crtend.o) .ctors)
 *(SORT(.ctors.*))
 *(.ctors)
                0x200053c0                __CTOR_END__ = .

.dtors          0x200053c0        0x0
                0x200053c0                __DTOR_LIST__ = .
 *crtbegin.o(.dtors)
 *(EXCLUDE_FILE(*crtend.o) .dtors)
 *(SORT(.dtors.*))
 *(.dtors)
                0x200053c0                __DTOR_END__ = .

.preinit_array  0x200053c0        0x0
                0x200053c0                PROVIDE (__preinit_array_start, .)
 *(.preinit_array*)
                0x200053c0                PROVIDE (__preinit_array_end, .)

.init_array     0x200053c0        0x0
                0x200053c0                PROVIDE (__init_array_start, .)
 *(SORT(.init_array.*))
 *(.init_array*)
                0x200053c0                PROVIDE (__init_array_end, .)

.fini_array     0x200053c0        0x0
                0x200053c0                PROVIDE (__fini_array_start, .)
 *(SORT(.fini_array.*))
 *(.fini_array*)
                0x200053c0                PROVIDE (__fini_array_end, .)
                0x200053c0                ___ROM_AT = .

.data           0x1fff81bc       0xf8
                0x1fff81bc                . = ALIGN (0x4)
                0x1fff81bc                _sdata = .
 *(.data)
 *(.data*)
 .data.driver_info
                0x1fff81bc        0xc ./Sources/Drivers/PCA9552.o
                0x1fff81bc                driver_info
 .data.pwm_settings
                0x1fff81c8        0x8 ./Sources/Drivers/PCA9552.o
 .data.channels
                0x1fff81d0       0x18 ./Sources/Drivers/PCA9552.o
 .data.__files  0x1fff81e8       0xcc C:/Freescale/CW MCU v10.6.4/MCU/ARM_GCC_Support/ewl/lib/armv7e-m\libc.a(ansi_files.o)
                0x1fff81e8                __files
                0x1fff82b4                . = ALIGN (0x4)
                0x1fff82b4                _edata = .
                0x000000f8                ___data_size = (_edata - _sdata)

.igot.plt       0x1fff82b4        0x0
 .igot.plt      0x00000000        0x0 ./Generated_Code/Vectors.o
                0x1fff82b4                . = ALIGN (0x4)

.bss            0x1fff82b4     0x124c
                0x1fff82b4                __START_BSS = .
                0x1fff82b4                PROVIDE (__bss_start__, __START_BSS)
 *(.bss)
 *(.bss*)
 .bss.DeviceDataPrv__DEFAULT_RTOS_ALLOC
                0x1fff82b4        0xc ./Generated_Code/Timer_1ms.o
 .bss.DeviceDataPrv__DEFAULT_RTOS_ALLOC
                0x1fff82c0        0xc ./Generated_Code/TU1.o
 .bss.INT_FTM0__DEFAULT_RTOS_ISRPARAM
                0x1fff82cc        0x4 ./Generated_Code/TU1.o
 .bss.PE_LDD_DeviceDataList
                0x1fff82d0       0x5c ./Generated_Code/PE_LDD.o
                0x1fff82d0                PE_LDD_DeviceDataList
 .bss.DeviceDataPrv__DEFAULT_RTOS_ALLOC
                0x1fff832c        0x4 ./Generated_Code/LED_DRIVER_1_RESET.o
 .bss.DeviceDataPrv__DEFAULT_RTOS_ALLOC
                0x1fff8330        0x4 ./Generated_Code/LED_DRIVER_0_RESET.o
 .bss.DeviceDataPrv__DEFAULT_RTOS_ALLOC
                0x1fff8334        0x4 ./Generated_Code/IO_9.o
 .bss.DeviceDataPrv__DEFAULT_RTOS_ALLOC
                0x1fff8338        0x4 ./Generated_Code/IO_8.o
 .bss.DeviceDataPrv__DEFAULT_RTOS_ALLOC
                0x1fff833c        0x4 ./Generated_Code/IO_7.o
 .bss.DeviceDataPrv__DEFAULT_RTOS_ALLOC
                0x1fff8340        0x4 ./Generated_Code/IO_6.o
 .bss.DeviceDataPrv__DEFAULT_RTOS_ALLOC
                0x1fff8344        0x4 ./Generated_Code/IO_5.o
 .bss.DeviceDataPrv__DEFAULT_RTOS_ALLOC
                0x1fff8348        0x4 ./Generated_Code/IO_4.o
 .bss.DeviceDataPrv__DEFAULT_RTOS_ALLOC
                0x1fff834c        0x4 ./Generated_Code/IO_3.o
 .bss.DeviceDataPrv__DEFAULT_RTOS_ALLOC
                0x1fff8350        0x4 ./Generated_Code/IO_2.o
 .bss.DeviceDataPrv__DEFAULT_RTOS_ALLOC
                0x1fff8354        0x4 ./Generated_Code/IO_12.o
 .bss.DeviceDataPrv__DEFAULT_RTOS_ALLOC
                0x1fff8358        0x4 ./Generated_Code/IO_11.o
 .bss.DeviceDataPrv__DEFAULT_RTOS_ALLOC
                0x1fff835c        0x4 ./Generated_Code/IO_10.o
 .bss.DeviceDataPrv__DEFAULT_RTOS_ALLOC
                0x1fff8360        0x4 ./Generated_Code/IO_1.o
 .bss.DeviceDataPrv__DEFAULT_RTOS_ALLOC
                0x1fff8364       0x18 ./Generated_Code/I2C0.o
 .bss.INT_I2C0__DEFAULT_RTOS_ISRPARAM
                0x1fff837c        0x4 ./Generated_Code/I2C0.o
 .bss.DeviceDataPrv__DEFAULT_RTOS_ALLOC
                0x1fff8380        0x4 ./Generated_Code/ESP8266_XPD_DCDC.o
 .bss.DeviceDataPrv__DEFAULT_RTOS_ALLOC
                0x1fff8384       0x18 ./Generated_Code/ESP8266_Serial.o
 .bss.INT_UART0_RX_TX__DEFAULT_RTOS_ISRPARAM
                0x1fff839c        0x4 ./Generated_Code/ESP8266_Serial.o
 .bss.INT_UART0_ERR__DEFAULT_RTOS_ISRPARAM
                0x1fff83a0        0x4 ./Generated_Code/ESP8266_Serial.o
 .bss.DeviceDataPrv__DEFAULT_RTOS_ALLOC
                0x1fff83a4        0x4 ./Generated_Code/ESP8266_RST.o
 .bss.DeviceDataPrv__DEFAULT_RTOS_ALLOC
                0x1fff83a8        0x4 ./Generated_Code/ESP8266_GPIO2.o
 .bss.DeviceDataPrv__DEFAULT_RTOS_ALLOC
                0x1fff83ac        0x4 ./Generated_Code/ESP8266_GPIO0.o
 .bss.DeviceDataPrv__DEFAULT_RTOS_ALLOC
                0x1fff83b0        0x4 ./Generated_Code/ESP8266_CHIP_EN.o
 .bss.SR_lock   0x1fff83b4        0x1 ./Generated_Code/Cpu.o
                0x1fff83b4                SR_lock
 *fill*         0x1fff83b5        0x3 00
 .bss.argv      0x1fff83b8        0x4 ./Project_Settings/Startup_Code/__arm_start.o
 .bss.step      0x1fff83bc        0x4 ./Sources/Drivers/ESP8266.o
                0x1fff83bc                step
 .bss.Ring_Buffer_buffer
                0x1fff83c0      0x800 ./Sources/Utilities/Ring_Buffer.o
 .bss.Ring_Buffer_inIdx
                0x1fff8bc0        0x2 ./Sources/Utilities/Ring_Buffer.o
 .bss.Ring_Buffer_outIdx
                0x1fff8bc2        0x2 ./Sources/Utilities/Ring_Buffer.o
 .bss.Ring_Buffer_inSize
                0x1fff8bc4        0x2 ./Sources/Utilities/Ring_Buffer.o
 *fill*         0x1fff8bc6        0x2 00
 .bss.__stdio_exit
                0x1fff8bc8        0x4 C:/Freescale/CW MCU v10.6.4/MCU/ARM_GCC_Support/ewl/lib/armv7e-m\libc.a(exit.o)
                0x1fff8bc8                __stdio_exit
 .bss.__console_exit
                0x1fff8bcc        0x4 C:/Freescale/CW MCU v10.6.4/MCU/ARM_GCC_Support/ewl/lib/armv7e-m\libc.a(exit.o)
                0x1fff8bcc                __console_exit
 .bss.__global_destructor_chain
                0x1fff8bd0        0x4 C:/Freescale/CW MCU v10.6.4/MCU/ARM_GCC_Support/ewl/lib/armv7e-m\librt.a(__arm_eabi_init.o)
                0x1fff8bd0                __global_destructor_chain
 .bss.__S_romp  0x1fff8bd4        0xc C:/Freescale/CW MCU v10.6.4/MCU/ARM_GCC_Support/ewl/lib/armv7e-m\librt.a(ROMCopy.o)
 *(COMMON)
 COMMON         0x1fff8be0        0x1 ./Generated_Code/Cpu.o
                0x1fff8be0                SR_reg
 *fill*         0x1fff8be1        0x3 00
 COMMON         0x1fff8be4      0x854 ./Sources/Drivers/ESP8266.o
                0x1fff8be4                deviceData
                0x1fff8bf0                esp8266_profile
                0x1fff8c34                httpResponseBuffer
                0x1fff9434                responseBufferSize
 COMMON         0x1fff9438        0x8 ./Sources/Clock.o
                0x1fff9438                tick_250msec
                0x1fff9439                tick_1msec
                0x1fff943a                tick_500msec
                0x1fff943c                power_on_time_msec
 COMMON         0x1fff9440       0xc0 C:/Freescale/CW MCU v10.6.4/MCU/ARM_GCC_Support/ewl/lib/armv7e-m\libc.a(ansi_files.o)
                0x1fff9440                stdout_buff
                0x1fff9480                stdin_buff
                0x1fff94c0                stderr_buff
                0x1fff9500                . = ALIGN (0x4)
                0x1fff9500                __END_BSS = .
                0x1fff9500                PROVIDE (__bss_end__, __END_BSS)
                0x00000000                __S_romp = 0x0

._user_heap_stack
                0x1fff9500      0x400
                0x1fff9500                . = ALIGN (0x4)
                0x1fff9500                PROVIDE (end, .)
                0x1fff9500                PROVIDE (_end, .)
                0x1fff9500                __heap_addr = .
                0x1fff9500                . = (. + __heap_size)
                0x1fff9900                . = (. + __stack_size)
 *fill*         0x1fff9500      0x400 00
                0x1fff9900                . = ALIGN (0x4)

.ARM.attributes
                0x00000000       0x33
 *(.ARM.attributes)
 .ARM.attributes
                0x00000000       0x33 ./Generated_Code/Vectors.o
 .ARM.attributes
                0x00000033       0x33 ./Generated_Code/Timer_1ms.o
 .ARM.attributes
                0x00000066       0x33 ./Generated_Code/TU1.o
 .ARM.attributes
                0x00000099       0x33 ./Generated_Code/PE_LDD.o
 .ARM.attributes
                0x000000cc       0x33 ./Generated_Code/LED_DRIVER_1_RESET.o
 .ARM.attributes
                0x000000ff       0x33 ./Generated_Code/LED_DRIVER_0_RESET.o
 .ARM.attributes
                0x00000132       0x33 ./Generated_Code/IO_9.o
 .ARM.attributes
                0x00000165       0x33 ./Generated_Code/IO_8.o
 .ARM.attributes
                0x00000198       0x33 ./Generated_Code/IO_7.o
 .ARM.attributes
                0x000001cb       0x33 ./Generated_Code/IO_6.o
 .ARM.attributes
                0x000001fe       0x33 ./Generated_Code/IO_5.o
 .ARM.attributes
                0x00000231       0x33 ./Generated_Code/IO_4.o
 .ARM.attributes
                0x00000264       0x33 ./Generated_Code/IO_3.o
 .ARM.attributes
                0x00000297       0x33 ./Generated_Code/IO_2.o
 .ARM.attributes
                0x000002ca       0x33 ./Generated_Code/IO_12.o
 .ARM.attributes
                0x000002fd       0x33 ./Generated_Code/IO_11.o
 .ARM.attributes
                0x00000330       0x33 ./Generated_Code/IO_10.o
 .ARM.attributes
                0x00000363       0x33 ./Generated_Code/IO_1.o
 .ARM.attributes
                0x00000396       0x33 ./Generated_Code/I2C0.o
 .ARM.attributes
                0x000003c9       0x33 ./Generated_Code/ESP8266_XPD_DCDC.o
 .ARM.attributes
                0x000003fc       0x33 ./Generated_Code/ESP8266_Serial.o
 .ARM.attributes
                0x0000042f       0x33 ./Generated_Code/ESP8266_RST.o
 .ARM.attributes
                0x00000462       0x33 ./Generated_Code/ESP8266_GPIO2.o
 .ARM.attributes
                0x00000495       0x33 ./Generated_Code/ESP8266_GPIO0.o
 .ARM.attributes
                0x000004c8       0x33 ./Generated_Code/ESP8266_CHIP_EN.o
 .ARM.attributes
                0x000004fb       0x33 ./Generated_Code/Cpu.o
 .ARM.attributes
                0x0000052e       0x33 ./Project_Settings/Startup_Code/__arm_start.o
 .ARM.attributes
                0x00000561       0x33 ./Project_Settings/Startup_Code/__arm_end.o
 .ARM.attributes
                0x00000594       0x33 ./Sources/Drivers/PCA9552.o
 .ARM.attributes
                0x000005c7       0x33 ./Sources/Drivers/ESP8266.o
 .ARM.attributes
                0x000005fa       0x33 ./Sources/Utilities/Ring_Buffer.o
 .ARM.attributes
                0x0000062d       0x33 ./Sources/main.o
 .ARM.attributes
                0x00000660       0x33 ./Sources/Events.o
 .ARM.attributes
                0x00000693       0x33 ./Sources/Clock.o
 .ARM.attributes
                0x000006c6       0x33 ./Sources/Application.o
 .ARM.attributes
                0x000006f9       0x33 C:/Freescale/CW MCU v10.6.4/MCU/ARM_GCC_Support/ewl/lib/armv7e-m\libc.a(puts.o)
 .ARM.attributes
                0x0000072c       0x33 C:/Freescale/CW MCU v10.6.4/MCU/ARM_GCC_Support/ewl/lib/armv7e-m\libc.a(__putchar.o)
 .ARM.attributes
                0x0000075f       0x33 C:/Freescale/CW MCU v10.6.4/MCU/ARM_GCC_Support/ewl/lib/armv7e-m\libc.a(__buffer_io.o)
 .ARM.attributes
                0x00000792       0x33 C:/Freescale/CW MCU v10.6.4/MCU/ARM_GCC_Support/ewl/lib/armv7e-m\libc.a(sprintf.o)
 .ARM.attributes
                0x000007c5       0x33 C:/Freescale/CW MCU v10.6.4/MCU/ARM_GCC_Support/ewl/lib/armv7e-m\libc.a(printf.o)
 .ARM.attributes
                0x000007f8       0x33 C:/Freescale/CW MCU v10.6.4/MCU/ARM_GCC_Support/ewl/lib/armv7e-m\libc.a(exit.o)
 .ARM.attributes
                0x0000082b       0x33 C:/Freescale/CW MCU v10.6.4/MCU/ARM_GCC_Support/ewl/lib/armv7e-m\libc.a(strchr.o)
 .ARM.attributes
                0x0000085e       0x33 C:/Freescale/CW MCU v10.6.4/MCU/ARM_GCC_Support/ewl/lib/armv7e-m\libc.a(memset.o)
 .ARM.attributes
                0x00000891       0x33 C:/Freescale/CW MCU v10.6.4/MCU/ARM_GCC_Support/ewl/lib/armv7e-m\libc.a(strncpy.o)
 .ARM.attributes
                0x000008c4       0x33 C:/Freescale/CW MCU v10.6.4/MCU/ARM_GCC_Support/ewl/lib/armv7e-m\libc.a(strstr.o)
 .ARM.attributes
                0x000008f7       0x33 C:/Freescale/CW MCU v10.6.4/MCU/ARM_GCC_Support/ewl/lib/armv7e-m\libc.a(strncmp.o)
 .ARM.attributes
                0x0000092a       0x33 C:/Freescale/CW MCU v10.6.4/MCU/ARM_GCC_Support/ewl/lib/armv7e-m\libc.a(__filll_mem.o)
 .ARM.attributes
                0x0000095d       0x33 C:/Freescale/CW MCU v10.6.4/MCU/ARM_GCC_Support/ewl/lib/armv7e-m\libc.a(strlen.o)
 .ARM.attributes
                0x00000990       0x33 C:/Freescale/CW MCU v10.6.4/MCU/ARM_GCC_Support/ewl/lib/armv7e-m\libc.a(printformat_.o)
 .ARM.attributes
                0x000009c3       0x33 C:/Freescale/CW MCU v10.6.4/MCU/ARM_GCC_Support/ewl/lib/armv7e-m\libc.a(scanformat_.o)
 .ARM.attributes
                0x000009f6       0x33 C:/Freescale/CW MCU v10.6.4/MCU/ARM_GCC_Support/ewl/lib/armv7e-m\libc.a(ctype_aeabi.o)
 .ARM.attributes
                0x00000a29       0x33 C:/Freescale/CW MCU v10.6.4/MCU/ARM_GCC_Support/ewl/lib/armv7e-m\libc.a(vsnprintf.o)
 .ARM.attributes
                0x00000a5c       0x33 C:/Freescale/CW MCU v10.6.4/MCU/ARM_GCC_Support/ewl/lib/armv7e-m\libc.a(fwrite.o)
 .ARM.attributes
                0x00000a8f       0x33 C:/Freescale/CW MCU v10.6.4/MCU/ARM_GCC_Support/ewl/lib/armv7e-m\libc.a(ansi_files.o)
 .ARM.attributes
                0x00000ac2       0x33 C:/Freescale/CW MCU v10.6.4/MCU/ARM_GCC_Support/ewl/lib/armv7e-m\libc.a(__strtoul.o)
 .ARM.attributes
                0x00000af5       0x33 C:/Freescale/CW MCU v10.6.4/MCU/ARM_GCC_Support/ewl/lib/armv7e-m\libc.a(memcpy.o)
 .ARM.attributes
                0x00000b28       0x33 C:/Freescale/CW MCU v10.6.4/MCU/ARM_GCC_Support/ewl/lib/armv7e-m\libc.a(__memrchr.o)
 .ARM.attributes
                0x00000b5b       0x33 C:/Freescale/CW MCU v10.6.4/MCU/ARM_GCC_Support/ewl/lib/armv7e-m\libc.a(memchr.o)
 .ARM.attributes
                0x00000b8e       0x33 C:/Freescale/CW MCU v10.6.4/MCU/ARM_GCC_Support/ewl/lib/armv7e-m\librt.a(gcc_ctor_dtor.o)
 .ARM.attributes
                0x00000bc1       0x33 C:/Freescale/CW MCU v10.6.4/MCU/ARM_GCC_Support/ewl/lib/armv7e-m\librt.a(__arm_eabi_init.o)
 .ARM.attributes
                0x00000bf4       0x33 C:/Freescale/CW MCU v10.6.4/MCU/ARM_GCC_Support/ewl/lib/armv7e-m\librt.a(ROMCopy.o)
 .ARM.attributes
                0x00000c27       0x33 C:/Freescale/CW MCU v10.6.4/MCU/ARM_GCC_Support/ewl/lib/armv7e-m\libhosted.a(semihosted_console_io.o)
 .ARM.attributes
                0x00000c5a       0x33 C:/Freescale/CW MCU v10.6.4/MCU/ARM_GCC_Support/ewl/lib/armv7e-m\libhosted.a(semihosted_file_io.o)
OUTPUT(Clay_5G_Firmware.elf elf32-littlearm)

.debug_info     0x00000000     0xd7b3
 .debug_info    0x00000000      0x105 ./Generated_Code/Vectors.o
 .debug_info    0x00000105      0x179 ./Generated_Code/Timer_1ms.o
 .debug_info    0x0000027e      0x6be ./Generated_Code/TU1.o
 .debug_info    0x0000093c      0x24e ./Generated_Code/PE_LDD.o
 .debug_info    0x00000b8a      0x36b ./Generated_Code/LED_DRIVER_1_RESET.o
 .debug_info    0x00000ef5      0x36b ./Generated_Code/LED_DRIVER_0_RESET.o
 .debug_info    0x00001260      0x3cd ./Generated_Code/IO_9.o
 .debug_info    0x0000162d      0x3cd ./Generated_Code/IO_8.o
 .debug_info    0x000019fa      0x3cd ./Generated_Code/IO_7.o
 .debug_info    0x00001dc7      0x3cd ./Generated_Code/IO_6.o
 .debug_info    0x00002194      0x3cd ./Generated_Code/IO_5.o
 .debug_info    0x00002561      0x3cd ./Generated_Code/IO_4.o
 .debug_info    0x0000292e      0x3cd ./Generated_Code/IO_3.o
 .debug_info    0x00002cfb      0x3cd ./Generated_Code/IO_2.o
 .debug_info    0x000030c8      0x3cd ./Generated_Code/IO_12.o
 .debug_info    0x00003495      0x3cd ./Generated_Code/IO_11.o
 .debug_info    0x00003862      0x3cd ./Generated_Code/IO_10.o
 .debug_info    0x00003c2f      0x3cd ./Generated_Code/IO_1.o
 .debug_info    0x00003ffc      0x8fb ./Generated_Code/I2C0.o
 .debug_info    0x000048f7      0x3cd ./Generated_Code/ESP8266_XPD_DCDC.o
 .debug_info    0x00004cc4      0x9da ./Generated_Code/ESP8266_Serial.o
 .debug_info    0x0000569e      0x36b ./Generated_Code/ESP8266_RST.o
 .debug_info    0x00005a09      0x36b ./Generated_Code/ESP8266_GPIO2.o
 .debug_info    0x00005d74      0x36b ./Generated_Code/ESP8266_GPIO0.o
 .debug_info    0x000060df      0x36b ./Generated_Code/ESP8266_CHIP_EN.o
 .debug_info    0x0000644a      0xa97 ./Generated_Code/Cpu.o
 .debug_info    0x00006ee1      0x12a ./Project_Settings/Startup_Code/__arm_start.o
 .debug_info    0x0000700b       0x54 ./Project_Settings/Startup_Code/__arm_end.o
 .debug_info    0x0000705f      0x57f ./Sources/Drivers/PCA9552.o
 .debug_info    0x000075de      0x8cc ./Sources/Drivers/ESP8266.o
 .debug_info    0x00007eaa      0x1fc ./Sources/Utilities/Ring_Buffer.o
 .debug_info    0x000080a6      0x1da ./Sources/main.o
 .debug_info    0x00008280      0x2d4 ./Sources/Events.o
 .debug_info    0x00008554      0x172 ./Sources/Clock.o
 .debug_info    0x000086c6      0x428 ./Sources/Application.o
 .debug_info    0x00008aee      0x38a C:/Freescale/CW MCU v10.6.4/MCU/ARM_GCC_Support/ewl/lib/armv7e-m\libc.a(puts.o)
 .debug_info    0x00008e78      0x3fa C:/Freescale/CW MCU v10.6.4/MCU/ARM_GCC_Support/ewl/lib/armv7e-m\libc.a(__putchar.o)
 .debug_info    0x00009272      0x45d C:/Freescale/CW MCU v10.6.4/MCU/ARM_GCC_Support/ewl/lib/armv7e-m\libc.a(__buffer_io.o)
 .debug_info    0x000096cf      0x11e C:/Freescale/CW MCU v10.6.4/MCU/ARM_GCC_Support/ewl/lib/armv7e-m\libc.a(sprintf.o)
 .debug_info    0x000097ed      0x399 C:/Freescale/CW MCU v10.6.4/MCU/ARM_GCC_Support/ewl/lib/armv7e-m\libc.a(printf.o)
 .debug_info    0x00009b86       0xe8 C:/Freescale/CW MCU v10.6.4/MCU/ARM_GCC_Support/ewl/lib/armv7e-m\libc.a(exit.o)
 .debug_info    0x00009c6e      0x108 C:/Freescale/CW MCU v10.6.4/MCU/ARM_GCC_Support/ewl/lib/armv7e-m\libc.a(strchr.o)
 .debug_info    0x00009d76       0xec C:/Freescale/CW MCU v10.6.4/MCU/ARM_GCC_Support/ewl/lib/armv7e-m\libc.a(memset.o)
 .debug_info    0x00009e62      0x108 C:/Freescale/CW MCU v10.6.4/MCU/ARM_GCC_Support/ewl/lib/armv7e-m\libc.a(strncpy.o)
 .debug_info    0x00009f6a      0x15e C:/Freescale/CW MCU v10.6.4/MCU/ARM_GCC_Support/ewl/lib/armv7e-m\libc.a(strstr.o)
 .debug_info    0x0000a0c8      0x141 C:/Freescale/CW MCU v10.6.4/MCU/ARM_GCC_Support/ewl/lib/armv7e-m\libc.a(strncmp.o)
 .debug_info    0x0000a209      0x135 C:/Freescale/CW MCU v10.6.4/MCU/ARM_GCC_Support/ewl/lib/armv7e-m\libc.a(__filll_mem.o)
 .debug_info    0x0000a33e       0xeb C:/Freescale/CW MCU v10.6.4/MCU/ARM_GCC_Support/ewl/lib/armv7e-m\libc.a(strlen.o)
 .debug_info    0x0000a429      0x50e C:/Freescale/CW MCU v10.6.4/MCU/ARM_GCC_Support/ewl/lib/armv7e-m\libc.a(printformat_.o)
 .debug_info    0x0000a937      0x565 C:/Freescale/CW MCU v10.6.4/MCU/ARM_GCC_Support/ewl/lib/armv7e-m\libc.a(scanformat_.o)
 .debug_info    0x0000ae9c      0x306 C:/Freescale/CW MCU v10.6.4/MCU/ARM_GCC_Support/ewl/lib/armv7e-m\libc.a(ctype_aeabi.o)
 .debug_info    0x0000b1a2      0x205 C:/Freescale/CW MCU v10.6.4/MCU/ARM_GCC_Support/ewl/lib/armv7e-m\libc.a(vsnprintf.o)
 .debug_info    0x0000b3a7      0x60a C:/Freescale/CW MCU v10.6.4/MCU/ARM_GCC_Support/ewl/lib/armv7e-m\libc.a(fwrite.o)
 .debug_info    0x0000b9b1      0x4c6 C:/Freescale/CW MCU v10.6.4/MCU/ARM_GCC_Support/ewl/lib/armv7e-m\libc.a(ansi_files.o)
 .debug_info    0x0000be77      0x1d6 C:/Freescale/CW MCU v10.6.4/MCU/ARM_GCC_Support/ewl/lib/armv7e-m\libc.a(__strtoul.o)
 .debug_info    0x0000c04d      0x10f C:/Freescale/CW MCU v10.6.4/MCU/ARM_GCC_Support/ewl/lib/armv7e-m\libc.a(memcpy.o)
 .debug_info    0x0000c15c      0x116 C:/Freescale/CW MCU v10.6.4/MCU/ARM_GCC_Support/ewl/lib/armv7e-m\libc.a(__memrchr.o)
 .debug_info    0x0000c272      0x120 C:/Freescale/CW MCU v10.6.4/MCU/ARM_GCC_Support/ewl/lib/armv7e-m\libc.a(memchr.o)
 .debug_info    0x0000c392      0x136 C:/Freescale/CW MCU v10.6.4/MCU/ARM_GCC_Support/ewl/lib/armv7e-m\librt.a(gcc_ctor_dtor.o)
 .debug_info    0x0000c4c8      0x2b5 C:/Freescale/CW MCU v10.6.4/MCU/ARM_GCC_Support/ewl/lib/armv7e-m\librt.a(__arm_eabi_init.o)
 .debug_info    0x0000c77d      0x19a C:/Freescale/CW MCU v10.6.4/MCU/ARM_GCC_Support/ewl/lib/armv7e-m\librt.a(ROMCopy.o)
 .debug_info    0x0000c917      0x232 C:/Freescale/CW MCU v10.6.4/MCU/ARM_GCC_Support/ewl/lib/armv7e-m\libhosted.a(semihosted_console_io.o)
 .debug_info    0x0000cb49      0xc6a C:/Freescale/CW MCU v10.6.4/MCU/ARM_GCC_Support/ewl/lib/armv7e-m\libhosted.a(semihosted_file_io.o)

.debug_abbrev   0x00000000     0x4441
 .debug_abbrev  0x00000000       0xa3 ./Generated_Code/Vectors.o
 .debug_abbrev  0x000000a3       0xd2 ./Generated_Code/Timer_1ms.o
 .debug_abbrev  0x00000175      0x141 ./Generated_Code/TU1.o
 .debug_abbrev  0x000002b6      0x102 ./Generated_Code/PE_LDD.o
 .debug_abbrev  0x000003b8      0x12b ./Generated_Code/LED_DRIVER_1_RESET.o
 .debug_abbrev  0x000004e3      0x12b ./Generated_Code/LED_DRIVER_0_RESET.o
 .debug_abbrev  0x0000060e      0x151 ./Generated_Code/IO_9.o
 .debug_abbrev  0x0000075f      0x151 ./Generated_Code/IO_8.o
 .debug_abbrev  0x000008b0      0x151 ./Generated_Code/IO_7.o
 .debug_abbrev  0x00000a01      0x151 ./Generated_Code/IO_6.o
 .debug_abbrev  0x00000b52      0x151 ./Generated_Code/IO_5.o
 .debug_abbrev  0x00000ca3      0x151 ./Generated_Code/IO_4.o
 .debug_abbrev  0x00000df4      0x151 ./Generated_Code/IO_3.o
 .debug_abbrev  0x00000f45      0x151 ./Generated_Code/IO_2.o
 .debug_abbrev  0x00001096      0x151 ./Generated_Code/IO_12.o
 .debug_abbrev  0x000011e7      0x151 ./Generated_Code/IO_11.o
 .debug_abbrev  0x00001338      0x151 ./Generated_Code/IO_10.o
 .debug_abbrev  0x00001489      0x151 ./Generated_Code/IO_1.o
 .debug_abbrev  0x000015da      0x173 ./Generated_Code/I2C0.o
 .debug_abbrev  0x0000174d      0x151 ./Generated_Code/ESP8266_XPD_DCDC.o
 .debug_abbrev  0x0000189e      0x1bd ./Generated_Code/ESP8266_Serial.o
 .debug_abbrev  0x00001a5b      0x12b ./Generated_Code/ESP8266_RST.o
 .debug_abbrev  0x00001b86      0x12b ./Generated_Code/ESP8266_GPIO2.o
 .debug_abbrev  0x00001cb1      0x12b ./Generated_Code/ESP8266_GPIO0.o
 .debug_abbrev  0x00001ddc      0x12b ./Generated_Code/ESP8266_CHIP_EN.o
 .debug_abbrev  0x00001f07      0x14c ./Generated_Code/Cpu.o
 .debug_abbrev  0x00002053       0x92 ./Project_Settings/Startup_Code/__arm_start.o
 .debug_abbrev  0x000020e5       0x4c ./Project_Settings/Startup_Code/__arm_end.o
 .debug_abbrev  0x00002131      0x1b3 ./Sources/Drivers/PCA9552.o
 .debug_abbrev  0x000022e4      0x22b ./Sources/Drivers/ESP8266.o
 .debug_abbrev  0x0000250f       0xe3 ./Sources/Utilities/Ring_Buffer.o
 .debug_abbrev  0x000025f2       0xc1 ./Sources/main.o
 .debug_abbrev  0x000026b3       0xf4 ./Sources/Events.o
 .debug_abbrev  0x000027a7       0xce ./Sources/Clock.o
 .debug_abbrev  0x00002875      0x125 ./Sources/Application.o
 .debug_abbrev  0x0000299a      0x10a C:/Freescale/CW MCU v10.6.4/MCU/ARM_GCC_Support/ewl/lib/armv7e-m\libc.a(puts.o)
 .debug_abbrev  0x00002aa4       0xf8 C:/Freescale/CW MCU v10.6.4/MCU/ARM_GCC_Support/ewl/lib/armv7e-m\libc.a(__putchar.o)
 .debug_abbrev  0x00002b9c      0x142 C:/Freescale/CW MCU v10.6.4/MCU/ARM_GCC_Support/ewl/lib/armv7e-m\libc.a(__buffer_io.o)
 .debug_abbrev  0x00002cde       0xb1 C:/Freescale/CW MCU v10.6.4/MCU/ARM_GCC_Support/ewl/lib/armv7e-m\libc.a(sprintf.o)
 .debug_abbrev  0x00002d8f      0x107 C:/Freescale/CW MCU v10.6.4/MCU/ARM_GCC_Support/ewl/lib/armv7e-m\libc.a(printf.o)
 .debug_abbrev  0x00002e96       0x7a C:/Freescale/CW MCU v10.6.4/MCU/ARM_GCC_Support/ewl/lib/armv7e-m\libc.a(exit.o)
 .debug_abbrev  0x00002f10       0x89 C:/Freescale/CW MCU v10.6.4/MCU/ARM_GCC_Support/ewl/lib/armv7e-m\libc.a(strchr.o)
 .debug_abbrev  0x00002f99       0x62 C:/Freescale/CW MCU v10.6.4/MCU/ARM_GCC_Support/ewl/lib/armv7e-m\libc.a(memset.o)
 .debug_abbrev  0x00002ffb       0x89 C:/Freescale/CW MCU v10.6.4/MCU/ARM_GCC_Support/ewl/lib/armv7e-m\libc.a(strncpy.o)
 .debug_abbrev  0x00003084       0xa1 C:/Freescale/CW MCU v10.6.4/MCU/ARM_GCC_Support/ewl/lib/armv7e-m\libc.a(strstr.o)
 .debug_abbrev  0x00003125       0x98 C:/Freescale/CW MCU v10.6.4/MCU/ARM_GCC_Support/ewl/lib/armv7e-m\libc.a(strncmp.o)
 .debug_abbrev  0x000031bd       0x87 C:/Freescale/CW MCU v10.6.4/MCU/ARM_GCC_Support/ewl/lib/armv7e-m\libc.a(__filll_mem.o)
 .debug_abbrev  0x00003244       0x7a C:/Freescale/CW MCU v10.6.4/MCU/ARM_GCC_Support/ewl/lib/armv7e-m\libc.a(strlen.o)
 .debug_abbrev  0x000032be      0x200 C:/Freescale/CW MCU v10.6.4/MCU/ARM_GCC_Support/ewl/lib/armv7e-m\libc.a(printformat_.o)
 .debug_abbrev  0x000034be      0x1f0 C:/Freescale/CW MCU v10.6.4/MCU/ARM_GCC_Support/ewl/lib/armv7e-m\libc.a(scanformat_.o)
 .debug_abbrev  0x000036ae       0x85 C:/Freescale/CW MCU v10.6.4/MCU/ARM_GCC_Support/ewl/lib/armv7e-m\libc.a(ctype_aeabi.o)
 .debug_abbrev  0x00003733       0xf0 C:/Freescale/CW MCU v10.6.4/MCU/ARM_GCC_Support/ewl/lib/armv7e-m\libc.a(vsnprintf.o)
 .debug_abbrev  0x00003823      0x15b C:/Freescale/CW MCU v10.6.4/MCU/ARM_GCC_Support/ewl/lib/armv7e-m\libc.a(fwrite.o)
 .debug_abbrev  0x0000397e       0xfa C:/Freescale/CW MCU v10.6.4/MCU/ARM_GCC_Support/ewl/lib/armv7e-m\libc.a(ansi_files.o)
 .debug_abbrev  0x00003a78       0xc2 C:/Freescale/CW MCU v10.6.4/MCU/ARM_GCC_Support/ewl/lib/armv7e-m\libc.a(__strtoul.o)
 .debug_abbrev  0x00003b3a       0x95 C:/Freescale/CW MCU v10.6.4/MCU/ARM_GCC_Support/ewl/lib/armv7e-m\libc.a(memcpy.o)
 .debug_abbrev  0x00003bcf       0x95 C:/Freescale/CW MCU v10.6.4/MCU/ARM_GCC_Support/ewl/lib/armv7e-m\libc.a(__memrchr.o)
 .debug_abbrev  0x00003c64       0x95 C:/Freescale/CW MCU v10.6.4/MCU/ARM_GCC_Support/ewl/lib/armv7e-m\libc.a(memchr.o)
 .debug_abbrev  0x00003cf9       0x99 C:/Freescale/CW MCU v10.6.4/MCU/ARM_GCC_Support/ewl/lib/armv7e-m\librt.a(gcc_ctor_dtor.o)
 .debug_abbrev  0x00003d92      0x1cc C:/Freescale/CW MCU v10.6.4/MCU/ARM_GCC_Support/ewl/lib/armv7e-m\librt.a(__arm_eabi_init.o)
 .debug_abbrev  0x00003f5e      0x137 C:/Freescale/CW MCU v10.6.4/MCU/ARM_GCC_Support/ewl/lib/armv7e-m\librt.a(ROMCopy.o)
 .debug_abbrev  0x00004095      0x137 C:/Freescale/CW MCU v10.6.4/MCU/ARM_GCC_Support/ewl/lib/armv7e-m\libhosted.a(semihosted_console_io.o)
 .debug_abbrev  0x000041cc      0x275 C:/Freescale/CW MCU v10.6.4/MCU/ARM_GCC_Support/ewl/lib/armv7e-m\libhosted.a(semihosted_file_io.o)

.debug_aranges  0x00000000      0xea8
 .debug_aranges
                0x00000000       0x18 ./Generated_Code/Vectors.o
 .debug_aranges
                0x00000018       0x28 ./Generated_Code/Timer_1ms.o
 .debug_aranges
                0x00000040       0x28 ./Generated_Code/TU1.o
 .debug_aranges
                0x00000068       0x30 ./Generated_Code/PE_LDD.o
 .debug_aranges
                0x00000098       0x40 ./Generated_Code/LED_DRIVER_1_RESET.o
 .debug_aranges
                0x000000d8       0x40 ./Generated_Code/LED_DRIVER_0_RESET.o
 .debug_aranges
                0x00000118       0x50 ./Generated_Code/IO_9.o
 .debug_aranges
                0x00000168       0x50 ./Generated_Code/IO_8.o
 .debug_aranges
                0x000001b8       0x50 ./Generated_Code/IO_7.o
 .debug_aranges
                0x00000208       0x50 ./Generated_Code/IO_6.o
 .debug_aranges
                0x00000258       0x50 ./Generated_Code/IO_5.o
 .debug_aranges
                0x000002a8       0x50 ./Generated_Code/IO_4.o
 .debug_aranges
                0x000002f8       0x50 ./Generated_Code/IO_3.o
 .debug_aranges
                0x00000348       0x50 ./Generated_Code/IO_2.o
 .debug_aranges
                0x00000398       0x50 ./Generated_Code/IO_12.o
 .debug_aranges
                0x000003e8       0x50 ./Generated_Code/IO_11.o
 .debug_aranges
                0x00000438       0x50 ./Generated_Code/IO_10.o
 .debug_aranges
                0x00000488       0x50 ./Generated_Code/IO_1.o
 .debug_aranges
                0x000004d8       0x40 ./Generated_Code/I2C0.o
 .debug_aranges
                0x00000518       0x50 ./Generated_Code/ESP8266_XPD_DCDC.o
 .debug_aranges
                0x00000568       0x48 ./Generated_Code/ESP8266_Serial.o
 .debug_aranges
                0x000005b0       0x40 ./Generated_Code/ESP8266_RST.o
 .debug_aranges
                0x000005f0       0x40 ./Generated_Code/ESP8266_GPIO2.o
 .debug_aranges
                0x00000630       0x40 ./Generated_Code/ESP8266_GPIO0.o
 .debug_aranges
                0x00000670       0x40 ./Generated_Code/ESP8266_CHIP_EN.o
 .debug_aranges
                0x000006b0       0x40 ./Generated_Code/Cpu.o
 .debug_aranges
                0x000006f0       0x30 ./Project_Settings/Startup_Code/__arm_start.o
 .debug_aranges
                0x00000720       0x20 ./Project_Settings/Startup_Code/__arm_end.o
 .debug_aranges
                0x00000740       0x38 ./Sources/Drivers/PCA9552.o
 .debug_aranges
                0x00000778       0xc8 ./Sources/Drivers/ESP8266.o
 .debug_aranges
                0x00000840       0x40 ./Sources/Utilities/Ring_Buffer.o
 .debug_aranges
                0x00000880       0x20 ./Sources/main.o
 .debug_aranges
                0x000008a0       0x48 ./Sources/Events.o
 .debug_aranges
                0x000008e8       0x40 ./Sources/Clock.o
 .debug_aranges
                0x00000928       0x20 ./Sources/Application.o
 .debug_aranges
                0x00000948       0x20 C:/Freescale/CW MCU v10.6.4/MCU/ARM_GCC_Support/ewl/lib/armv7e-m\libc.a(puts.o)
 .debug_aranges
                0x00000968       0x20 C:/Freescale/CW MCU v10.6.4/MCU/ARM_GCC_Support/ewl/lib/armv7e-m\libc.a(__putchar.o)
 .debug_aranges
                0x00000988       0x30 C:/Freescale/CW MCU v10.6.4/MCU/ARM_GCC_Support/ewl/lib/armv7e-m\libc.a(__buffer_io.o)
 .debug_aranges
                0x000009b8       0x20 C:/Freescale/CW MCU v10.6.4/MCU/ARM_GCC_Support/ewl/lib/armv7e-m\libc.a(sprintf.o)
 .debug_aranges
                0x000009d8       0x20 C:/Freescale/CW MCU v10.6.4/MCU/ARM_GCC_Support/ewl/lib/armv7e-m\libc.a(printf.o)
 .debug_aranges
                0x000009f8       0x20 C:/Freescale/CW MCU v10.6.4/MCU/ARM_GCC_Support/ewl/lib/armv7e-m\libc.a(exit.o)
 .debug_aranges
                0x00000a18       0x20 C:/Freescale/CW MCU v10.6.4/MCU/ARM_GCC_Support/ewl/lib/armv7e-m\libc.a(strchr.o)
 .debug_aranges
                0x00000a38       0x20 C:/Freescale/CW MCU v10.6.4/MCU/ARM_GCC_Support/ewl/lib/armv7e-m\libc.a(memset.o)
 .debug_aranges
                0x00000a58       0x20 C:/Freescale/CW MCU v10.6.4/MCU/ARM_GCC_Support/ewl/lib/armv7e-m\libc.a(strncpy.o)
 .debug_aranges
                0x00000a78       0x20 C:/Freescale/CW MCU v10.6.4/MCU/ARM_GCC_Support/ewl/lib/armv7e-m\libc.a(strstr.o)
 .debug_aranges
                0x00000a98       0x20 C:/Freescale/CW MCU v10.6.4/MCU/ARM_GCC_Support/ewl/lib/armv7e-m\libc.a(strncmp.o)
 .debug_aranges
                0x00000ab8       0x20 C:/Freescale/CW MCU v10.6.4/MCU/ARM_GCC_Support/ewl/lib/armv7e-m\libc.a(__filll_mem.o)
 .debug_aranges
                0x00000ad8       0x20 C:/Freescale/CW MCU v10.6.4/MCU/ARM_GCC_Support/ewl/lib/armv7e-m\libc.a(strlen.o)
 .debug_aranges
                0x00000af8       0x28 C:/Freescale/CW MCU v10.6.4/MCU/ARM_GCC_Support/ewl/lib/armv7e-m\libc.a(printformat_.o)
 .debug_aranges
                0x00000b20       0x20 C:/Freescale/CW MCU v10.6.4/MCU/ARM_GCC_Support/ewl/lib/armv7e-m\libc.a(scanformat_.o)
 .debug_aranges
                0x00000b40       0x88 C:/Freescale/CW MCU v10.6.4/MCU/ARM_GCC_Support/ewl/lib/armv7e-m\libc.a(ctype_aeabi.o)
 .debug_aranges
                0x00000bc8       0x28 C:/Freescale/CW MCU v10.6.4/MCU/ARM_GCC_Support/ewl/lib/armv7e-m\libc.a(vsnprintf.o)
 .debug_aranges
                0x00000bf0       0x30 C:/Freescale/CW MCU v10.6.4/MCU/ARM_GCC_Support/ewl/lib/armv7e-m\libc.a(fwrite.o)
 .debug_aranges
                0x00000c20       0x28 C:/Freescale/CW MCU v10.6.4/MCU/ARM_GCC_Support/ewl/lib/armv7e-m\libc.a(ansi_files.o)
 .debug_aranges
                0x00000c48       0x20 C:/Freescale/CW MCU v10.6.4/MCU/ARM_GCC_Support/ewl/lib/armv7e-m\libc.a(__strtoul.o)
 .debug_aranges
                0x00000c68       0x20 C:/Freescale/CW MCU v10.6.4/MCU/ARM_GCC_Support/ewl/lib/armv7e-m\libc.a(memcpy.o)
 .debug_aranges
                0x00000c88       0x20 C:/Freescale/CW MCU v10.6.4/MCU/ARM_GCC_Support/ewl/lib/armv7e-m\libc.a(__memrchr.o)
 .debug_aranges
                0x00000ca8       0x20 C:/Freescale/CW MCU v10.6.4/MCU/ARM_GCC_Support/ewl/lib/armv7e-m\libc.a(memchr.o)
 .debug_aranges
                0x00000cc8       0x28 C:/Freescale/CW MCU v10.6.4/MCU/ARM_GCC_Support/ewl/lib/armv7e-m\librt.a(gcc_ctor_dtor.o)
 .debug_aranges
                0x00000cf0       0x58 C:/Freescale/CW MCU v10.6.4/MCU/ARM_GCC_Support/ewl/lib/armv7e-m\librt.a(__arm_eabi_init.o)
 .debug_aranges
                0x00000d48       0x30 C:/Freescale/CW MCU v10.6.4/MCU/ARM_GCC_Support/ewl/lib/armv7e-m\librt.a(ROMCopy.o)
 .debug_aranges
                0x00000d78       0x50 C:/Freescale/CW MCU v10.6.4/MCU/ARM_GCC_Support/ewl/lib/armv7e-m\libhosted.a(semihosted_console_io.o)
 .debug_aranges
                0x00000dc8       0xe0 C:/Freescale/CW MCU v10.6.4/MCU/ARM_GCC_Support/ewl/lib/armv7e-m\libhosted.a(semihosted_file_io.o)

.debug_macinfo  0x00000000   0xbe8369
 .debug_macinfo
                0x00000000    0x6553a ./Generated_Code/Vectors.o
 .debug_macinfo
                0x0006553a    0x6552a ./Generated_Code/Timer_1ms.o
 .debug_macinfo
                0x000caa64    0x624a9 ./Generated_Code/TU1.o
 .debug_macinfo
                0x0012cf0d    0x654ce ./Generated_Code/PE_LDD.o
 .debug_macinfo
                0x001923db    0x59da1 ./Generated_Code/LED_DRIVER_1_RESET.o
 .debug_macinfo
                0x001ec17c    0x59da3 ./Generated_Code/LED_DRIVER_0_RESET.o
 .debug_macinfo
                0x00245f1f    0x59d37 ./Generated_Code/IO_9.o
 .debug_macinfo
                0x0029fc56    0x59d37 ./Generated_Code/IO_8.o
 .debug_macinfo
                0x002f998d    0x59d37 ./Generated_Code/IO_7.o
 .debug_macinfo
                0x003536c4    0x59d39 ./Generated_Code/IO_6.o
 .debug_macinfo
                0x003ad3fd    0x59d39 ./Generated_Code/IO_5.o
 .debug_macinfo
                0x00407136    0x59d37 ./Generated_Code/IO_4.o
 .debug_macinfo
                0x00460e6d    0x59d37 ./Generated_Code/IO_3.o
 .debug_macinfo
                0x004baba4    0x59d37 ./Generated_Code/IO_2.o
 .debug_macinfo
                0x005148db    0x59d45 ./Generated_Code/IO_12.o
 .debug_macinfo
                0x0056e620    0x59d45 ./Generated_Code/IO_11.o
 .debug_macinfo
                0x005c8365    0x59d45 ./Generated_Code/IO_10.o
 .debug_macinfo
                0x006220aa    0x59d37 ./Generated_Code/IO_1.o
 .debug_macinfo
                0x0067bde1    0x6be94 ./Generated_Code/I2C0.o
 .debug_macinfo
                0x006e7c75    0x59ddf ./Generated_Code/ESP8266_XPD_DCDC.o
 .debug_macinfo
                0x00741a54    0x7341e ./Generated_Code/ESP8266_Serial.o
 .debug_macinfo
                0x007b4e72    0x59d4d ./Generated_Code/ESP8266_RST.o
 .debug_macinfo
                0x0080ebbf    0x59d6b ./Generated_Code/ESP8266_GPIO2.o
 .debug_macinfo
                0x0086892a    0x59d6b ./Generated_Code/ESP8266_GPIO0.o
 .debug_macinfo
                0x008c2695    0x59d7d ./Generated_Code/ESP8266_CHIP_EN.o
 .debug_macinfo
                0x0091c412    0x6553a ./Generated_Code/Cpu.o
 .debug_macinfo
                0x0098194c     0x3f50 ./Project_Settings/Startup_Code/__arm_start.o
 .debug_macinfo
                0x0098589c     0x3539 ./Project_Settings/Startup_Code/__arm_end.o
 .debug_macinfo
                0x00988dd5    0x63311 ./Sources/Drivers/PCA9552.o
 .debug_macinfo
                0x009ec0e6    0x65dac ./Sources/Drivers/ESP8266.o
 .debug_macinfo
                0x00a51e92    0x58dd1 ./Sources/Utilities/Ring_Buffer.o
 .debug_macinfo
                0x00aaac63    0x65f41 ./Sources/main.o
 .debug_macinfo
                0x00b10ba4    0x65f41 ./Sources/Events.o
 .debug_macinfo
                0x00b76ae5     0xb9b0 ./Sources/Clock.o
 .debug_macinfo
                0x00b82495    0x65ed4 ./Sources/Application.o

.debug_line     0x00000000     0x9ffc
 .debug_line    0x00000000      0x5d0 ./Generated_Code/Vectors.o
 .debug_line    0x000005d0      0x495 ./Generated_Code/Timer_1ms.o
 .debug_line    0x00000a65      0x2d3 ./Generated_Code/TU1.o
 .debug_line    0x00000d38      0x40f ./Generated_Code/PE_LDD.o
 .debug_line    0x00001147      0x2f8 ./Generated_Code/LED_DRIVER_1_RESET.o
 .debug_line    0x0000143f      0x2f8 ./Generated_Code/LED_DRIVER_0_RESET.o
 .debug_line    0x00001737      0x304 ./Generated_Code/IO_9.o
 .debug_line    0x00001a3b      0x304 ./Generated_Code/IO_8.o
 .debug_line    0x00001d3f      0x304 ./Generated_Code/IO_7.o
 .debug_line    0x00002043      0x304 ./Generated_Code/IO_6.o
 .debug_line    0x00002347      0x304 ./Generated_Code/IO_5.o
 .debug_line    0x0000264b      0x304 ./Generated_Code/IO_4.o
 .debug_line    0x0000294f      0x304 ./Generated_Code/IO_3.o
 .debug_line    0x00002c53      0x304 ./Generated_Code/IO_2.o
 .debug_line    0x00002f57      0x306 ./Generated_Code/IO_12.o
 .debug_line    0x0000325d      0x306 ./Generated_Code/IO_11.o
 .debug_line    0x00003563      0x306 ./Generated_Code/IO_10.o
 .debug_line    0x00003869      0x304 ./Generated_Code/IO_1.o
 .debug_line    0x00003b6d      0x593 ./Generated_Code/I2C0.o
 .debug_line    0x00004100      0x31c ./Generated_Code/ESP8266_XPD_DCDC.o
 .debug_line    0x0000441c      0x59b ./Generated_Code/ESP8266_Serial.o
 .debug_line    0x000049b7      0x2ea ./Generated_Code/ESP8266_RST.o
 .debug_line    0x00004ca1      0x2ee ./Generated_Code/ESP8266_GPIO2.o
 .debug_line    0x00004f8f      0x2ee ./Generated_Code/ESP8266_GPIO0.o
 .debug_line    0x0000527d      0x2f2 ./Generated_Code/ESP8266_CHIP_EN.o
 .debug_line    0x0000556f      0x662 ./Generated_Code/Cpu.o
 .debug_line    0x00005bd1      0x2af ./Project_Settings/Startup_Code/__arm_start.o
 .debug_line    0x00005e80      0x26e ./Project_Settings/Startup_Code/__arm_end.o
 .debug_line    0x000060ee      0x3af ./Sources/Drivers/PCA9552.o
 .debug_line    0x0000649d      0x802 ./Sources/Drivers/ESP8266.o
 .debug_line    0x00006c9f      0x2ea ./Sources/Utilities/Ring_Buffer.o
 .debug_line    0x00006f89      0x5cb ./Sources/main.o
 .debug_line    0x00007554      0x625 ./Sources/Events.o
 .debug_line    0x00007b79      0x225 ./Sources/Clock.o
 .debug_line    0x00007d9e      0x627 ./Sources/Application.o
 .debug_line    0x000083c5       0x9c C:/Freescale/CW MCU v10.6.4/MCU/ARM_GCC_Support/ewl/lib/armv7e-m\libc.a(puts.o)
 .debug_line    0x00008461       0xc2 C:/Freescale/CW MCU v10.6.4/MCU/ARM_GCC_Support/ewl/lib/armv7e-m\libc.a(__putchar.o)
 .debug_line    0x00008523       0xfa C:/Freescale/CW MCU v10.6.4/MCU/ARM_GCC_Support/ewl/lib/armv7e-m\libc.a(__buffer_io.o)
 .debug_line    0x0000861d       0x94 C:/Freescale/CW MCU v10.6.4/MCU/ARM_GCC_Support/ewl/lib/armv7e-m\libc.a(sprintf.o)
 .debug_line    0x000086b1       0xb6 C:/Freescale/CW MCU v10.6.4/MCU/ARM_GCC_Support/ewl/lib/armv7e-m\libc.a(printf.o)
 .debug_line    0x00008767       0x94 C:/Freescale/CW MCU v10.6.4/MCU/ARM_GCC_Support/ewl/lib/armv7e-m\libc.a(exit.o)
 .debug_line    0x000087fb       0x7d C:/Freescale/CW MCU v10.6.4/MCU/ARM_GCC_Support/ewl/lib/armv7e-m\libc.a(strchr.o)
 .debug_line    0x00008878       0x8f C:/Freescale/CW MCU v10.6.4/MCU/ARM_GCC_Support/ewl/lib/armv7e-m\libc.a(memset.o)
 .debug_line    0x00008907       0x9f C:/Freescale/CW MCU v10.6.4/MCU/ARM_GCC_Support/ewl/lib/armv7e-m\libc.a(strncpy.o)
 .debug_line    0x000089a6       0x94 C:/Freescale/CW MCU v10.6.4/MCU/ARM_GCC_Support/ewl/lib/armv7e-m\libc.a(strstr.o)
 .debug_line    0x00008a3a       0x8e C:/Freescale/CW MCU v10.6.4/MCU/ARM_GCC_Support/ewl/lib/armv7e-m\libc.a(strncmp.o)
 .debug_line    0x00008ac8       0xcd C:/Freescale/CW MCU v10.6.4/MCU/ARM_GCC_Support/ewl/lib/armv7e-m\libc.a(__filll_mem.o)
 .debug_line    0x00008b95       0x83 C:/Freescale/CW MCU v10.6.4/MCU/ARM_GCC_Support/ewl/lib/armv7e-m\libc.a(strlen.o)
 .debug_line    0x00008c18      0x2b4 C:/Freescale/CW MCU v10.6.4/MCU/ARM_GCC_Support/ewl/lib/armv7e-m\libc.a(printformat_.o)
 .debug_line    0x00008ecc      0x2df C:/Freescale/CW MCU v10.6.4/MCU/ARM_GCC_Support/ewl/lib/armv7e-m\libc.a(scanformat_.o)
 .debug_line    0x000091ab      0x1a9 C:/Freescale/CW MCU v10.6.4/MCU/ARM_GCC_Support/ewl/lib/armv7e-m\libc.a(ctype_aeabi.o)
 .debug_line    0x00009354       0xd1 C:/Freescale/CW MCU v10.6.4/MCU/ARM_GCC_Support/ewl/lib/armv7e-m\libc.a(vsnprintf.o)
 .debug_line    0x00009425      0x155 C:/Freescale/CW MCU v10.6.4/MCU/ARM_GCC_Support/ewl/lib/armv7e-m\libc.a(fwrite.o)
 .debug_line    0x0000957a       0xc0 C:/Freescale/CW MCU v10.6.4/MCU/ARM_GCC_Support/ewl/lib/armv7e-m\libc.a(ansi_files.o)
 .debug_line    0x0000963a      0x11b C:/Freescale/CW MCU v10.6.4/MCU/ARM_GCC_Support/ewl/lib/armv7e-m\libc.a(__strtoul.o)
 .debug_line    0x00009755       0x8b C:/Freescale/CW MCU v10.6.4/MCU/ARM_GCC_Support/ewl/lib/armv7e-m\libc.a(memcpy.o)
 .debug_line    0x000097e0       0x99 C:/Freescale/CW MCU v10.6.4/MCU/ARM_GCC_Support/ewl/lib/armv7e-m\libc.a(__memrchr.o)
 .debug_line    0x00009879       0x9f C:/Freescale/CW MCU v10.6.4/MCU/ARM_GCC_Support/ewl/lib/armv7e-m\libc.a(memchr.o)
 .debug_line    0x00009918       0x67 C:/Freescale/CW MCU v10.6.4/MCU/ARM_GCC_Support/ewl/lib/armv7e-m\librt.a(gcc_ctor_dtor.o)
 .debug_line    0x0000997f      0x111 C:/Freescale/CW MCU v10.6.4/MCU/ARM_GCC_Support/ewl/lib/armv7e-m\librt.a(__arm_eabi_init.o)
 .debug_line    0x00009a90       0xa9 C:/Freescale/CW MCU v10.6.4/MCU/ARM_GCC_Support/ewl/lib/armv7e-m\librt.a(ROMCopy.o)
 .debug_line    0x00009b39      0x14c C:/Freescale/CW MCU v10.6.4/MCU/ARM_GCC_Support/ewl/lib/armv7e-m\libhosted.a(semihosted_console_io.o)
 .debug_line    0x00009c85      0x377 C:/Freescale/CW MCU v10.6.4/MCU/ARM_GCC_Support/ewl/lib/armv7e-m\libhosted.a(semihosted_file_io.o)

.debug_str      0x00000000     0x3636
 .debug_str     0x00000000      0x14c ./Generated_Code/Vectors.o
                                0x178 (size before relaxing)
 .debug_str     0x0000014c       0xe8 ./Generated_Code/Timer_1ms.o
                                0x202 (size before relaxing)
 .debug_str     0x00000234      0x25c ./Generated_Code/TU1.o
                                0x3f9 (size before relaxing)
 .debug_str     0x00000490      0x16b ./Generated_Code/PE_LDD.o
                                0x2db (size before relaxing)
 .debug_str     0x000005fb      0x165 ./Generated_Code/LED_DRIVER_1_RESET.o
                                0x329 (size before relaxing)
 .debug_str     0x00000760       0xe8 ./Generated_Code/LED_DRIVER_0_RESET.o
                                0x329 (size before relaxing)
 .debug_str     0x00000848       0x92 ./Generated_Code/IO_9.o
                                0x2d3 (size before relaxing)
 .debug_str     0x000008da       0x92 ./Generated_Code/IO_8.o
                                0x2d3 (size before relaxing)
 .debug_str     0x0000096c       0x92 ./Generated_Code/IO_7.o
                                0x2d3 (size before relaxing)
 .debug_str     0x000009fe       0x92 ./Generated_Code/IO_6.o
                                0x2d3 (size before relaxing)
 .debug_str     0x00000a90       0x92 ./Generated_Code/IO_5.o
                                0x2d3 (size before relaxing)
 .debug_str     0x00000b22       0x92 ./Generated_Code/IO_4.o
                                0x2d3 (size before relaxing)
 .debug_str     0x00000bb4       0x92 ./Generated_Code/IO_3.o
                                0x2d3 (size before relaxing)
 .debug_str     0x00000c46       0x92 ./Generated_Code/IO_2.o
                                0x2d3 (size before relaxing)
 .debug_str     0x00000cd8       0x9c ./Generated_Code/IO_12.o
                                0x2dd (size before relaxing)
 .debug_str     0x00000d74       0x9c ./Generated_Code/IO_11.o
                                0x2dd (size before relaxing)
 .debug_str     0x00000e10       0x9c ./Generated_Code/IO_10.o
                                0x2dd (size before relaxing)
 .debug_str     0x00000eac       0x92 ./Generated_Code/IO_1.o
                                0x2d3 (size before relaxing)
 .debug_str     0x00000f3e      0x21d ./Generated_Code/I2C0.o
                                0x542 (size before relaxing)
 .debug_str     0x0000115b      0x10a ./Generated_Code/ESP8266_XPD_DCDC.o
                                0x34b (size before relaxing)
 .debug_str     0x00001265      0x211 ./Generated_Code/ESP8266_Serial.o
                                0x56d (size before relaxing)
 .debug_str     0x00001476       0xb0 ./Generated_Code/ESP8266_RST.o
                                0x2f1 (size before relaxing)
 .debug_str     0x00001526       0xc0 ./Generated_Code/ESP8266_GPIO2.o
                                0x301 (size before relaxing)
 .debug_str     0x000015e6       0xc0 ./Generated_Code/ESP8266_GPIO0.o
                                0x301 (size before relaxing)
 .debug_str     0x000016a6       0xd0 ./Generated_Code/ESP8266_CHIP_EN.o
                                0x311 (size before relaxing)
 .debug_str     0x00001776      0x21c ./Generated_Code/Cpu.o
                                0x4e5 (size before relaxing)
 .debug_str     0x00001992       0x85 ./Project_Settings/Startup_Code/__arm_start.o
                                0x1a6 (size before relaxing)
 .debug_str     0x00001a17       0x41 ./Project_Settings/Startup_Code/__arm_end.o
                                 0xdd (size before relaxing)
 .debug_str     0x00001a58      0x28d ./Sources/Drivers/PCA9552.o
                                0x48f (size before relaxing)
 .debug_str     0x00001ce5      0x455 ./Sources/Drivers/ESP8266.o
                                0x5d6 (size before relaxing)
 .debug_str     0x0000213a       0xd8 ./Sources/Utilities/Ring_Buffer.o
                                0x22a (size before relaxing)
 .debug_str     0x00002212       0x17 ./Sources/main.o
                                0x211 (size before relaxing)
 .debug_str     0x00002229       0xa3 ./Sources/Events.o
                                0x2c1 (size before relaxing)
 .debug_str     0x000022cc       0x69 ./Sources/Clock.o
                                0x1c2 (size before relaxing)
 .debug_str     0x00002335       0x61 ./Sources/Application.o
                                0x3a5 (size before relaxing)
 .debug_str     0x00002396      0x18f C:/Freescale/CW MCU v10.6.4/MCU/ARM_GCC_Support/ewl/lib/armv7e-m\libc.a(puts.o)
                                0x2cc (size before relaxing)
 .debug_str     0x00002525       0xf3 C:/Freescale/CW MCU v10.6.4/MCU/ARM_GCC_Support/ewl/lib/armv7e-m\libc.a(__putchar.o)
                                0x39e (size before relaxing)
 .debug_str     0x00002618       0xc3 C:/Freescale/CW MCU v10.6.4/MCU/ARM_GCC_Support/ewl/lib/armv7e-m\libc.a(__buffer_io.o)
                                0x373 (size before relaxing)
 .debug_str     0x000026db       0x30 C:/Freescale/CW MCU v10.6.4/MCU/ARM_GCC_Support/ewl/lib/armv7e-m\libc.a(sprintf.o)
                                0x163 (size before relaxing)
 .debug_str     0x0000270b       0x13 C:/Freescale/CW MCU v10.6.4/MCU/ARM_GCC_Support/ewl/lib/armv7e-m\libc.a(printf.o)
                                0x2e9 (size before relaxing)
 .debug_str     0x0000271e       0x2e C:/Freescale/CW MCU v10.6.4/MCU/ARM_GCC_Support/ewl/lib/armv7e-m\libc.a(exit.o)
                                0x157 (size before relaxing)
 .debug_str     0x0000274c       0x1c C:/Freescale/CW MCU v10.6.4/MCU/ARM_GCC_Support/ewl/lib/armv7e-m\libc.a(strchr.o)
                                0x137 (size before relaxing)
 .debug_str     0x00002768       0x1c C:/Freescale/CW MCU v10.6.4/MCU/ARM_GCC_Support/ewl/lib/armv7e-m\libc.a(memset.o)
                                0x140 (size before relaxing)
 .debug_str     0x00002784       0x1e C:/Freescale/CW MCU v10.6.4/MCU/ARM_GCC_Support/ewl/lib/armv7e-m\libc.a(strncpy.o)
                                0x13a (size before relaxing)
 .debug_str     0x000027a2       0x23 C:/Freescale/CW MCU v10.6.4/MCU/ARM_GCC_Support/ewl/lib/armv7e-m\libc.a(strstr.o)
                                0x140 (size before relaxing)
 .debug_str     0x000027c5       0x28 C:/Freescale/CW MCU v10.6.4/MCU/ARM_GCC_Support/ewl/lib/armv7e-m\libc.a(strncmp.o)
                                0x152 (size before relaxing)
 .debug_str     0x000027ed       0x25 C:/Freescale/CW MCU v10.6.4/MCU/ARM_GCC_Support/ewl/lib/armv7e-m\libc.a(__filll_mem.o)
                                0x152 (size before relaxing)
 .debug_str     0x00002812       0x1c C:/Freescale/CW MCU v10.6.4/MCU/ARM_GCC_Support/ewl/lib/armv7e-m\libc.a(strlen.o)
                                0x140 (size before relaxing)
 .debug_str     0x0000282e      0x218 C:/Freescale/CW MCU v10.6.4/MCU/ARM_GCC_Support/ewl/lib/armv7e-m\libc.a(printformat_.o)
                                0x3b3 (size before relaxing)
 .debug_str     0x00002a46      0x17b C:/Freescale/CW MCU v10.6.4/MCU/ARM_GCC_Support/ewl/lib/armv7e-m\libc.a(scanformat_.o)
                                0x3f9 (size before relaxing)
 .debug_str     0x00002bc1       0x9d C:/Freescale/CW MCU v10.6.4/MCU/ARM_GCC_Support/ewl/lib/armv7e-m\libc.a(ctype_aeabi.o)
                                0x1bc (size before relaxing)
 .debug_str     0x00002c5e       0x7c C:/Freescale/CW MCU v10.6.4/MCU/ARM_GCC_Support/ewl/lib/armv7e-m\libc.a(vsnprintf.o)
                                0x1cc (size before relaxing)
 .debug_str     0x00002cda      0x14b C:/Freescale/CW MCU v10.6.4/MCU/ARM_GCC_Support/ewl/lib/armv7e-m\libc.a(fwrite.o)
                                0x53b (size before relaxing)
 .debug_str     0x00002e25       0xc6 C:/Freescale/CW MCU v10.6.4/MCU/ARM_GCC_Support/ewl/lib/armv7e-m\libc.a(ansi_files.o)
                                0x442 (size before relaxing)
 .debug_str     0x00002eeb       0x61 C:/Freescale/CW MCU v10.6.4/MCU/ARM_GCC_Support/ewl/lib/armv7e-m\libc.a(__strtoul.o)
                                0x1fb (size before relaxing)
 .debug_str     0x00002f4c       0x1c C:/Freescale/CW MCU v10.6.4/MCU/ARM_GCC_Support/ewl/lib/armv7e-m\libc.a(memcpy.o)
                                0x138 (size before relaxing)
 .debug_str     0x00002f68       0x22 C:/Freescale/CW MCU v10.6.4/MCU/ARM_GCC_Support/ewl/lib/armv7e-m\libc.a(__memrchr.o)
                                0x145 (size before relaxing)
 .debug_str     0x00002f8a       0x1c C:/Freescale/CW MCU v10.6.4/MCU/ARM_GCC_Support/ewl/lib/armv7e-m\libc.a(memchr.o)
                                0x148 (size before relaxing)
 .debug_str     0x00002fa6      0x126 C:/Freescale/CW MCU v10.6.4/MCU/ARM_GCC_Support/ewl/lib/armv7e-m\librt.a(gcc_ctor_dtor.o)
                                0x181 (size before relaxing)
 .debug_str     0x000030cc       0xee C:/Freescale/CW MCU v10.6.4/MCU/ARM_GCC_Support/ewl/lib/armv7e-m\librt.a(__arm_eabi_init.o)
                                0x1b5 (size before relaxing)
 .debug_str     0x000031ba       0x96 C:/Freescale/CW MCU v10.6.4/MCU/ARM_GCC_Support/ewl/lib/armv7e-m\librt.a(ROMCopy.o)
                                0x13c (size before relaxing)
 .debug_str     0x00003250       0x9b C:/Freescale/CW MCU v10.6.4/MCU/ARM_GCC_Support/ewl/lib/armv7e-m\libhosted.a(semihosted_console_io.o)
                                0x1ac (size before relaxing)
 .debug_str     0x000032eb      0x34b C:/Freescale/CW MCU v10.6.4/MCU/ARM_GCC_Support/ewl/lib/armv7e-m\libhosted.a(semihosted_file_io.o)
                                0x5f2 (size before relaxing)

.comment        0x00000000       0x79
 .comment       0x00000000       0x79 ./Generated_Code/Vectors.o
                                 0x7a (size before relaxing)
 .comment       0x00000000       0x7a ./Generated_Code/Timer_1ms.o
 .comment       0x00000000       0x7a ./Generated_Code/TU1.o
 .comment       0x00000000       0x7a ./Generated_Code/PE_LDD.o
 .comment       0x00000000       0x7a ./Generated_Code/LED_DRIVER_1_RESET.o
 .comment       0x00000000       0x7a ./Generated_Code/LED_DRIVER_0_RESET.o
 .comment       0x00000000       0x7a ./Generated_Code/IO_9.o
 .comment       0x00000000       0x7a ./Generated_Code/IO_8.o
 .comment       0x00000000       0x7a ./Generated_Code/IO_7.o
 .comment       0x00000000       0x7a ./Generated_Code/IO_6.o
 .comment       0x00000000       0x7a ./Generated_Code/IO_5.o
 .comment       0x00000000       0x7a ./Generated_Code/IO_4.o
 .comment       0x00000000       0x7a ./Generated_Code/IO_3.o
 .comment       0x00000000       0x7a ./Generated_Code/IO_2.o
 .comment       0x00000000       0x7a ./Generated_Code/IO_12.o
 .comment       0x00000000       0x7a ./Generated_Code/IO_11.o
 .comment       0x00000000       0x7a ./Generated_Code/IO_10.o
 .comment       0x00000000       0x7a ./Generated_Code/IO_1.o
 .comment       0x00000000       0x7a ./Generated_Code/I2C0.o
 .comment       0x00000000       0x7a ./Generated_Code/ESP8266_XPD_DCDC.o
 .comment       0x00000000       0x7a ./Generated_Code/ESP8266_Serial.o
 .comment       0x00000000       0x7a ./Generated_Code/ESP8266_RST.o
 .comment       0x00000000       0x7a ./Generated_Code/ESP8266_GPIO2.o
 .comment       0x00000000       0x7a ./Generated_Code/ESP8266_GPIO0.o
 .comment       0x00000000       0x7a ./Generated_Code/ESP8266_CHIP_EN.o
 .comment       0x00000000       0x7a ./Generated_Code/Cpu.o
 .comment       0x00000000       0x7a ./Project_Settings/Startup_Code/__arm_start.o
 .comment       0x00000000       0x7a ./Project_Settings/Startup_Code/__arm_end.o
 .comment       0x00000000       0x7a ./Sources/Drivers/PCA9552.o
 .comment       0x00000000       0x7a ./Sources/Drivers/ESP8266.o
 .comment       0x00000000       0x7a ./Sources/Utilities/Ring_Buffer.o
 .comment       0x00000000       0x7a ./Sources/main.o
 .comment       0x00000000       0x7a ./Sources/Events.o
 .comment       0x00000000       0x7a ./Sources/Clock.o
 .comment       0x00000000       0x7a ./Sources/Application.o
 .comment       0x00000000       0x7a C:/Freescale/CW MCU v10.6.4/MCU/ARM_GCC_Support/ewl/lib/armv7e-m\libc.a(puts.o)
 .comment       0x00000000       0x7a C:/Freescale/CW MCU v10.6.4/MCU/ARM_GCC_Support/ewl/lib/armv7e-m\libc.a(__putchar.o)
 .comment       0x00000000       0x7a C:/Freescale/CW MCU v10.6.4/MCU/ARM_GCC_Support/ewl/lib/armv7e-m\libc.a(__buffer_io.o)
 .comment       0x00000000       0x7a C:/Freescale/CW MCU v10.6.4/MCU/ARM_GCC_Support/ewl/lib/armv7e-m\libc.a(sprintf.o)
 .comment       0x00000000       0x7a C:/Freescale/CW MCU v10.6.4/MCU/ARM_GCC_Support/ewl/lib/armv7e-m\libc.a(printf.o)
 .comment       0x00000000       0x7a C:/Freescale/CW MCU v10.6.4/MCU/ARM_GCC_Support/ewl/lib/armv7e-m\libc.a(exit.o)
 .comment       0x00000000       0x7a C:/Freescale/CW MCU v10.6.4/MCU/ARM_GCC_Support/ewl/lib/armv7e-m\libc.a(strchr.o)
 .comment       0x00000000       0x7a C:/Freescale/CW MCU v10.6.4/MCU/ARM_GCC_Support/ewl/lib/armv7e-m\libc.a(memset.o)
 .comment       0x00000000       0x7a C:/Freescale/CW MCU v10.6.4/MCU/ARM_GCC_Support/ewl/lib/armv7e-m\libc.a(strncpy.o)
 .comment       0x00000000       0x7a C:/Freescale/CW MCU v10.6.4/MCU/ARM_GCC_Support/ewl/lib/armv7e-m\libc.a(strstr.o)
 .comment       0x00000000       0x7a C:/Freescale/CW MCU v10.6.4/MCU/ARM_GCC_Support/ewl/lib/armv7e-m\libc.a(strncmp.o)
 .comment       0x00000000       0x7a C:/Freescale/CW MCU v10.6.4/MCU/ARM_GCC_Support/ewl/lib/armv7e-m\libc.a(__filll_mem.o)
 .comment       0x00000000       0x7a C:/Freescale/CW MCU v10.6.4/MCU/ARM_GCC_Support/ewl/lib/armv7e-m\libc.a(strlen.o)
 .comment       0x00000000       0x7a C:/Freescale/CW MCU v10.6.4/MCU/ARM_GCC_Support/ewl/lib/armv7e-m\libc.a(printformat_.o)
 .comment       0x00000000       0x7a C:/Freescale/CW MCU v10.6.4/MCU/ARM_GCC_Support/ewl/lib/armv7e-m\libc.a(scanformat_.o)
 .comment       0x00000000       0x7a C:/Freescale/CW MCU v10.6.4/MCU/ARM_GCC_Support/ewl/lib/armv7e-m\libc.a(ctype_aeabi.o)
 .comment       0x00000000       0x7a C:/Freescale/CW MCU v10.6.4/MCU/ARM_GCC_Support/ewl/lib/armv7e-m\libc.a(vsnprintf.o)
 .comment       0x00000000       0x7a C:/Freescale/CW MCU v10.6.4/MCU/ARM_GCC_Support/ewl/lib/armv7e-m\libc.a(fwrite.o)
 .comment       0x00000000       0x7a C:/Freescale/CW MCU v10.6.4/MCU/ARM_GCC_Support/ewl/lib/armv7e-m\libc.a(ansi_files.o)
 .comment       0x00000000       0x7a C:/Freescale/CW MCU v10.6.4/MCU/ARM_GCC_Support/ewl/lib/armv7e-m\libc.a(__strtoul.o)
 .comment       0x00000000       0x7a C:/Freescale/CW MCU v10.6.4/MCU/ARM_GCC_Support/ewl/lib/armv7e-m\libc.a(memcpy.o)
 .comment       0x00000000       0x7a C:/Freescale/CW MCU v10.6.4/MCU/ARM_GCC_Support/ewl/lib/armv7e-m\libc.a(__memrchr.o)
 .comment       0x00000000       0x7a C:/Freescale/CW MCU v10.6.4/MCU/ARM_GCC_Support/ewl/lib/armv7e-m\libc.a(memchr.o)
 .comment       0x00000000       0x7a C:/Freescale/CW MCU v10.6.4/MCU/ARM_GCC_Support/ewl/lib/armv7e-m\librt.a(gcc_ctor_dtor.o)
 .comment       0x00000000       0x7a C:/Freescale/CW MCU v10.6.4/MCU/ARM_GCC_Support/ewl/lib/armv7e-m\librt.a(__arm_eabi_init.o)
 .comment       0x00000000       0x7a C:/Freescale/CW MCU v10.6.4/MCU/ARM_GCC_Support/ewl/lib/armv7e-m\librt.a(ROMCopy.o)
 .comment       0x00000000       0x7a C:/Freescale/CW MCU v10.6.4/MCU/ARM_GCC_Support/ewl/lib/armv7e-m\libhosted.a(semihosted_console_io.o)
 .comment       0x00000000       0x7a C:/Freescale/CW MCU v10.6.4/MCU/ARM_GCC_Support/ewl/lib/armv7e-m\libhosted.a(semihosted_file_io.o)

.debug_loc      0x00000000     0x5a8e
 .debug_loc     0x00000000       0x70 ./Generated_Code/Timer_1ms.o
 .debug_loc     0x00000070       0x70 ./Generated_Code/TU1.o
 .debug_loc     0x000000e0       0x9c ./Generated_Code/PE_LDD.o
 .debug_loc     0x0000017c      0x118 ./Generated_Code/LED_DRIVER_1_RESET.o
 .debug_loc     0x00000294      0x118 ./Generated_Code/LED_DRIVER_0_RESET.o
 .debug_loc     0x000003ac      0x188 ./Generated_Code/IO_9.o
 .debug_loc     0x00000534      0x188 ./Generated_Code/IO_8.o
 .debug_loc     0x000006bc      0x188 ./Generated_Code/IO_7.o
 .debug_loc     0x00000844      0x188 ./Generated_Code/IO_6.o
 .debug_loc     0x000009cc      0x188 ./Generated_Code/IO_5.o
 .debug_loc     0x00000b54      0x188 ./Generated_Code/IO_4.o
 .debug_loc     0x00000cdc      0x188 ./Generated_Code/IO_3.o
 .debug_loc     0x00000e64      0x188 ./Generated_Code/IO_2.o
 .debug_loc     0x00000fec      0x188 ./Generated_Code/IO_12.o
 .debug_loc     0x00001174      0x188 ./Generated_Code/IO_11.o
 .debug_loc     0x000012fc      0x188 ./Generated_Code/IO_10.o
 .debug_loc     0x00001484      0x188 ./Generated_Code/IO_1.o
 .debug_loc     0x0000160c      0x118 ./Generated_Code/I2C0.o
 .debug_loc     0x00001724      0x188 ./Generated_Code/ESP8266_XPD_DCDC.o
 .debug_loc     0x000018ac      0x150 ./Generated_Code/ESP8266_Serial.o
 .debug_loc     0x000019fc      0x118 ./Generated_Code/ESP8266_RST.o
 .debug_loc     0x00001b14      0x118 ./Generated_Code/ESP8266_GPIO2.o
 .debug_loc     0x00001c2c      0x118 ./Generated_Code/ESP8266_GPIO0.o
 .debug_loc     0x00001d44      0x118 ./Generated_Code/ESP8266_CHIP_EN.o
 .debug_loc     0x00001e5c       0xe8 ./Generated_Code/Cpu.o
 .debug_loc     0x00001f44       0x2c ./Project_Settings/Startup_Code/__arm_start.o
 .debug_loc     0x00001f70       0x38 ./Project_Settings/Startup_Code/__arm_end.o
 .debug_loc     0x00001fa8       0xe0 ./Sources/Drivers/PCA9552.o
 .debug_loc     0x00002088      0x49e ./Sources/Drivers/ESP8266.o
 .debug_loc     0x00002526       0xf4 ./Sources/Utilities/Ring_Buffer.o
 .debug_loc     0x0000261a       0x2c ./Sources/main.o
 .debug_loc     0x00002646      0x144 ./Sources/Events.o
 .debug_loc     0x0000278a       0xe8 ./Sources/Clock.o
 .debug_loc     0x00002872       0x3a ./Sources/Application.o
 .debug_loc     0x000028ac       0x67 C:/Freescale/CW MCU v10.6.4/MCU/ARM_GCC_Support/ewl/lib/armv7e-m\libc.a(puts.o)
 .debug_loc     0x00002913       0x87 C:/Freescale/CW MCU v10.6.4/MCU/ARM_GCC_Support/ewl/lib/armv7e-m\libc.a(__putchar.o)
 .debug_loc     0x0000299a      0x144 C:/Freescale/CW MCU v10.6.4/MCU/ARM_GCC_Support/ewl/lib/armv7e-m\libc.a(__buffer_io.o)
 .debug_loc     0x00002ade       0x3f C:/Freescale/CW MCU v10.6.4/MCU/ARM_GCC_Support/ewl/lib/armv7e-m\libc.a(sprintf.o)
 .debug_loc     0x00002b1d       0x2c C:/Freescale/CW MCU v10.6.4/MCU/ARM_GCC_Support/ewl/lib/armv7e-m\libc.a(printf.o)
 .debug_loc     0x00002b49       0x3e C:/Freescale/CW MCU v10.6.4/MCU/ARM_GCC_Support/ewl/lib/armv7e-m\libc.a(exit.o)
 .debug_loc     0x00002b87       0x7c C:/Freescale/CW MCU v10.6.4/MCU/ARM_GCC_Support/ewl/lib/armv7e-m\libc.a(strchr.o)
 .debug_loc     0x00002c03       0x64 C:/Freescale/CW MCU v10.6.4/MCU/ARM_GCC_Support/ewl/lib/armv7e-m\libc.a(memset.o)
 .debug_loc     0x00002c67       0x82 C:/Freescale/CW MCU v10.6.4/MCU/ARM_GCC_Support/ewl/lib/armv7e-m\libc.a(strncpy.o)
 .debug_loc     0x00002ce9       0xca C:/Freescale/CW MCU v10.6.4/MCU/ARM_GCC_Support/ewl/lib/armv7e-m\libc.a(strstr.o)
 .debug_loc     0x00002db3       0xed C:/Freescale/CW MCU v10.6.4/MCU/ARM_GCC_Support/ewl/lib/armv7e-m\libc.a(strncmp.o)
 .debug_loc     0x00002ea0      0x12c C:/Freescale/CW MCU v10.6.4/MCU/ARM_GCC_Support/ewl/lib/armv7e-m\libc.a(__filll_mem.o)
 .debug_loc     0x00002fcc       0x26 C:/Freescale/CW MCU v10.6.4/MCU/ARM_GCC_Support/ewl/lib/armv7e-m\libc.a(strlen.o)
 .debug_loc     0x00002ff2      0xbdc C:/Freescale/CW MCU v10.6.4/MCU/ARM_GCC_Support/ewl/lib/armv7e-m\libc.a(printformat_.o)
 .debug_loc     0x00003bce      0x8b6 C:/Freescale/CW MCU v10.6.4/MCU/ARM_GCC_Support/ewl/lib/armv7e-m\libc.a(scanformat_.o)
 .debug_loc     0x00004484      0x18e C:/Freescale/CW MCU v10.6.4/MCU/ARM_GCC_Support/ewl/lib/armv7e-m\libc.a(ctype_aeabi.o)
 .debug_loc     0x00004612      0x105 C:/Freescale/CW MCU v10.6.4/MCU/ARM_GCC_Support/ewl/lib/armv7e-m\libc.a(vsnprintf.o)
 .debug_loc     0x00004717      0x2e9 C:/Freescale/CW MCU v10.6.4/MCU/ARM_GCC_Support/ewl/lib/armv7e-m\libc.a(fwrite.o)
 .debug_loc     0x00004a00       0xb2 C:/Freescale/CW MCU v10.6.4/MCU/ARM_GCC_Support/ewl/lib/armv7e-m\libc.a(ansi_files.o)
 .debug_loc     0x00004ab2      0x2bb C:/Freescale/CW MCU v10.6.4/MCU/ARM_GCC_Support/ewl/lib/armv7e-m\libc.a(__strtoul.o)
 .debug_loc     0x00004d6d       0x59 C:/Freescale/CW MCU v10.6.4/MCU/ARM_GCC_Support/ewl/lib/armv7e-m\libc.a(memcpy.o)
 .debug_loc     0x00004dc6       0x82 C:/Freescale/CW MCU v10.6.4/MCU/ARM_GCC_Support/ewl/lib/armv7e-m\libc.a(__memrchr.o)
 .debug_loc     0x00004e48       0x62 C:/Freescale/CW MCU v10.6.4/MCU/ARM_GCC_Support/ewl/lib/armv7e-m\libc.a(memchr.o)
 .debug_loc     0x00004eaa       0x9d C:/Freescale/CW MCU v10.6.4/MCU/ARM_GCC_Support/ewl/lib/armv7e-m\librt.a(gcc_ctor_dtor.o)
 .debug_loc     0x00004f47      0x144 C:/Freescale/CW MCU v10.6.4/MCU/ARM_GCC_Support/ewl/lib/armv7e-m\librt.a(__arm_eabi_init.o)
 .debug_loc     0x0000508b       0xb9 C:/Freescale/CW MCU v10.6.4/MCU/ARM_GCC_Support/ewl/lib/armv7e-m\librt.a(ROMCopy.o)
 .debug_loc     0x00005144      0x165 C:/Freescale/CW MCU v10.6.4/MCU/ARM_GCC_Support/ewl/lib/armv7e-m\libhosted.a(semihosted_console_io.o)
 .debug_loc     0x000052a9      0x7e5 C:/Freescale/CW MCU v10.6.4/MCU/ARM_GCC_Support/ewl/lib/armv7e-m\libhosted.a(semihosted_file_io.o)

.debug_frame    0x00000000     0x2148
 .debug_frame   0x00000000       0x50 ./Generated_Code/Timer_1ms.o
 .debug_frame   0x00000050       0x50 ./Generated_Code/TU1.o
 .debug_frame   0x000000a0       0x64 ./Generated_Code/PE_LDD.o
 .debug_frame   0x00000104       0x9c ./Generated_Code/LED_DRIVER_1_RESET.o
 .debug_frame   0x000001a0       0x9c ./Generated_Code/LED_DRIVER_0_RESET.o
 .debug_frame   0x0000023c       0xd4 ./Generated_Code/IO_9.o
 .debug_frame   0x00000310       0xd4 ./Generated_Code/IO_8.o
 .debug_frame   0x000003e4       0xd4 ./Generated_Code/IO_7.o
 .debug_frame   0x000004b8       0xd4 ./Generated_Code/IO_6.o
 .debug_frame   0x0000058c       0xd4 ./Generated_Code/IO_5.o
 .debug_frame   0x00000660       0xd4 ./Generated_Code/IO_4.o
 .debug_frame   0x00000734       0xd4 ./Generated_Code/IO_3.o
 .debug_frame   0x00000808       0xd4 ./Generated_Code/IO_2.o
 .debug_frame   0x000008dc       0xd4 ./Generated_Code/IO_12.o
 .debug_frame   0x000009b0       0xd4 ./Generated_Code/IO_11.o
 .debug_frame   0x00000a84       0xd4 ./Generated_Code/IO_10.o
 .debug_frame   0x00000b58       0xd4 ./Generated_Code/IO_1.o
 .debug_frame   0x00000c2c       0xa8 ./Generated_Code/I2C0.o
 .debug_frame   0x00000cd4       0xd4 ./Generated_Code/ESP8266_XPD_DCDC.o
 .debug_frame   0x00000da8       0xcc ./Generated_Code/ESP8266_Serial.o
 .debug_frame   0x00000e74       0x9c ./Generated_Code/ESP8266_RST.o
 .debug_frame   0x00000f10       0x9c ./Generated_Code/ESP8266_GPIO2.o
 .debug_frame   0x00000fac       0x9c ./Generated_Code/ESP8266_GPIO0.o
 .debug_frame   0x00001048       0x9c ./Generated_Code/ESP8266_CHIP_EN.o
 .debug_frame   0x000010e4       0xa4 ./Generated_Code/Cpu.o
 .debug_frame   0x00001188       0x4c ./Project_Settings/Startup_Code/__arm_start.o
 .debug_frame   0x000011d4       0x30 ./Project_Settings/Startup_Code/__arm_end.o
 .debug_frame   0x00001204       0x8c ./Sources/Drivers/PCA9552.o
 .debug_frame   0x00001290      0x2b4 ./Sources/Drivers/ESP8266.o
 .debug_frame   0x00001544       0x90 ./Sources/Utilities/Ring_Buffer.o
 .debug_frame   0x000015d4       0x2c ./Sources/main.o
 .debug_frame   0x00001600       0xbc ./Sources/Events.o
 .debug_frame   0x000016bc       0x90 ./Sources/Clock.o
 .debug_frame   0x0000174c       0x30 ./Sources/Application.o
 .debug_frame   0x0000177c       0x28 C:/Freescale/CW MCU v10.6.4/MCU/ARM_GCC_Support/ewl/lib/armv7e-m\libc.a(puts.o)