(---------------------------------------------------------------------)
(                                                                     )
(    Allegro Netrev Import Logic                                      )
(                                                                     )
(    Drawing          : CLAYR6.brd                                    )
(    Software Version : 16.6P004                                      )
(    Date/Time        : Sun Dec 13 10:02:06 2015                      )
(                                                                     )
(---------------------------------------------------------------------)


------ Directives ------

RIPUP_ETCH FALSE;
RIPUP_DELETE_FIRST_SEGMENT FALSE;
RIPUP_RETAIN_BONDWIRE FALSE;
RIPUP_SYMBOLS IFSAME;
Missing symbol has error FALSE;
SCHEMATIC_DIRECTORY 'E:\GIT\CLAY\CIRCUIT\R6\allegro';
BOARD_DIRECTORY '';
OLD_BOARD_NAME 'E:/GIT/CLAY/CIRCUIT/R6/allegro/CLAYR6.brd';
NEW_BOARD_NAME 'E:/GIT/CLAY/CIRCUIT/R6/allegro/CLAYR6.brd';

CmdLine: netrev.exe -y 2 -i E:\GIT\CLAY\CIRCUIT\R6\allegro E:\GIT\CLAY\CIRCUIT\R6\allegro\CLAYR6.brd E:\GIT\CLAY\CIRCUIT\R6\allegro\CLAYR6.brd

------ Preparing to read pst files ------

Starting to read E:/GIT/CLAY/CIRCUIT/R6/allegro/pstchip.dat 
   Finished reading E:/GIT/CLAY/CIRCUIT/R6/allegro/pstchip.dat (00:00:00.02)
Starting to read E:/GIT/CLAY/CIRCUIT/R6/allegro/pstxprt.dat 
   Finished reading E:/GIT/CLAY/CIRCUIT/R6/allegro/pstxprt.dat (00:00:00.00)
Starting to read E:/GIT/CLAY/CIRCUIT/R6/allegro/pstxnet.dat 
   Finished reading E:/GIT/CLAY/CIRCUIT/R6/allegro/pstxnet.dat (00:00:00.00)

------ Oversights/Warnings/Errors ------


------ Library Paths ------
MODULEPATH =  . 
           C:/Cadence/SPB_16.6/share/local/pcb/modules 

PSMPATH =  E:/git/clay/Cadence/CIS_Database/Footprints/SMT/ 
           E:/git/clay/Cadence/CIS_Database/Footprints/PTH/ 
           . 
           symbols 
           .. 
           ../symbols 
           C:/Cadence/SPB_16.6/share/local/pcb/symbols 
           C:/Cadence/SPB_16.6/share/pcb/pcb_lib/symbols 
           C:/Cadence/SPB_16.6/share/pcb/allegrolib/symbols 

PADPATH =  E:/git/clay/Cadence/CIS_Database/Pads/SMT/ 
           E:/git/clay/Cadence/CIS_Database/Pads/PTH/ 
           . 
           symbols 
           .. 
           ../symbols 
           C:/Cadence/SPB_16.6/share/local/pcb/padstacks 
           C:/Cadence/SPB_16.6/share/pcb/pcb_lib/symbols 
           C:/Cadence/SPB_16.6/share/pcb/allegrolib/symbols 


------ Summary Statistics ------


netrev run on Dec 13 10:02:06 2015
   DESIGN NAME : 'CLAYR6'
   PACKAGING ON Sep 10 2012 04:46:09

   COMPILE 'logic'
   CHECK_PIN_NAMES OFF
   CROSS_REFERENCE OFF
   FEEDBACK OFF
   INCREMENTAL OFF
   INTERFACE_TYPE PHYSICAL
   MAX_ERRORS 500
   MERGE_MINIMUM 5
   NET_NAME_CHARS '#%&()*+-./:=>?@[]^_`|'
   NET_NAME_LENGTH 24
   OVERSIGHTS ON
   REPLACE_CHECK OFF
   SINGLE_NODE_NETS ON
   SPLIT_MINIMUM 0
   SUPPRESS   20
   WARNINGS ON

 No error detected
 No oversight detected
 No warning detected

cpu time      0:00:42
elapsed time  0:00:00

