Archive member included because of file (symbol)

C:/Freescale/CW MCU v10.6.4/MCU/ARM_GCC_Support/ewl/lib/armv7e-m\libc.a(exit.o)
                              ./Project_Settings/Startup_Code/__arm_start.o (exit)
C:/Freescale/CW MCU v10.6.4/MCU/ARM_GCC_Support/ewl/lib/armv7e-m\libc.a(memset.o)
                              ./Project_Settings/Startup_Code/__arm_start.o (memset)
C:/Freescale/CW MCU v10.6.4/MCU/ARM_GCC_Support/ewl/lib/armv7e-m\libc.a(__filll_mem.o)
                              C:/Freescale/CW MCU v10.6.4/MCU/ARM_GCC_Support/ewl/lib/armv7e-m\libc.a(memset.o) (__fill_mem)
C:/Freescale/CW MCU v10.6.4/MCU/ARM_GCC_Support/ewl/lib/armv7e-m\librt.a(gcc_ctor_dtor.o)
                              ./Project_Settings/Startup_Code/__arm_start.o (__init_cpp)
C:/Freescale/CW MCU v10.6.4/MCU/ARM_GCC_Support/ewl/lib/armv7e-m\librt.a(__arm_eabi_init.o)
                              C:/Freescale/CW MCU v10.6.4/MCU/ARM_GCC_Support/ewl/lib/armv7e-m\libc.a(exit.o) (__destroy_global_chain)
C:/Freescale/CW MCU v10.6.4/MCU/ARM_GCC_Support/ewl/lib/armv7e-m\librt.a(ROMCopy.o)
                              ./Project_Settings/Startup_Code/__arm_start.o (__copy_rom_sections_to_ram)

Allocating common symbols
Common symbol       size              file

tick_250msec        0x1               ./Sources/system_tick.o
tick_1msec          0x1               ./Sources/system_tick.o
tick_500msec        0x1               ./Sources/system_tick.o
power_on_time_msec  0x4               ./Sources/system_tick.o
SR_reg              0x1               ./Generated_Code/Cpu.o

Discarded input sections

 .text          0x00000000        0x0 ./Generated_Code/tick_1ms_timer.o
 .data          0x00000000        0x0 ./Generated_Code/tick_1ms_timer.o
 .bss           0x00000000        0x0 ./Generated_Code/tick_1ms_timer.o
 .text          0x00000000        0x0 ./Generated_Code/Vectors.o
 .data          0x00000000        0x0 ./Generated_Code/Vectors.o
 .bss           0x00000000        0x0 ./Generated_Code/Vectors.o
 .text          0x00000000        0x0 ./Generated_Code/TU1.o
 .data          0x00000000        0x0 ./Generated_Code/TU1.o
 .bss           0x00000000        0x0 ./Generated_Code/TU1.o
 .text          0x00000000        0x0 ./Generated_Code/PE_LDD.o
 .data          0x00000000        0x0 ./Generated_Code/PE_LDD.o
 .bss           0x00000000        0x0 ./Generated_Code/PE_LDD.o
 .rodata.PE_CpuClockConfigurations
                0x00000000       0x28 ./Generated_Code/PE_LDD.o
 .text.PE_FillMemory
                0x00000000       0x30 ./Generated_Code/PE_LDD.o
 .text.PE_PeripheralUsed
                0x00000000       0x8c ./Generated_Code/PE_LDD.o
 .text.LDD_SetClockConfiguration
                0x00000000       0x14 ./Generated_Code/PE_LDD.o
 .text          0x00000000        0x0 ./Generated_Code/LED_DRIVER_1_RESET.o
 .data          0x00000000        0x0 ./Generated_Code/LED_DRIVER_1_RESET.o
 .bss           0x00000000        0x0 ./Generated_Code/LED_DRIVER_1_RESET.o
 .text.LED_DRIVER_1_RESET_GetVal
                0x00000000       0x30 ./Generated_Code/LED_DRIVER_1_RESET.o
 .text.LED_DRIVER_1_RESET_ClrVal
                0x00000000       0x20 ./Generated_Code/LED_DRIVER_1_RESET.o
 .text.LED_DRIVER_1_RESET_SetVal
                0x00000000       0x20 ./Generated_Code/LED_DRIVER_1_RESET.o
 .text          0x00000000        0x0 ./Generated_Code/LED_DRIVER_0_RESET.o
 .data          0x00000000        0x0 ./Generated_Code/LED_DRIVER_0_RESET.o
 .bss           0x00000000        0x0 ./Generated_Code/LED_DRIVER_0_RESET.o
 .text.LED_DRIVER_0_RESET_GetVal
                0x00000000       0x30 ./Generated_Code/LED_DRIVER_0_RESET.o
 .text.LED_DRIVER_0_RESET_ClrVal
                0x00000000       0x20 ./Generated_Code/LED_DRIVER_0_RESET.o
 .text.LED_DRIVER_0_RESET_SetVal
                0x00000000       0x20 ./Generated_Code/LED_DRIVER_0_RESET.o
 .text          0x00000000        0x0 ./Generated_Code/LED2.o
 .data          0x00000000        0x0 ./Generated_Code/LED2.o
 .bss           0x00000000        0x0 ./Generated_Code/LED2.o
 .text.LED2_GetVal
                0x00000000       0x30 ./Generated_Code/LED2.o
 .text.LED2_PutVal
                0x00000000       0x3c ./Generated_Code/LED2.o
 .text.LED2_ClrVal
                0x00000000       0x20 ./Generated_Code/LED2.o
 .text.LED2_SetVal
                0x00000000       0x20 ./Generated_Code/LED2.o
 .text          0x00000000        0x0 ./Generated_Code/LED1.o
 .data          0x00000000        0x0 ./Generated_Code/LED1.o
 .bss           0x00000000        0x0 ./Generated_Code/LED1.o
 .text.LED1_GetVal
                0x00000000       0x30 ./Generated_Code/LED1.o
 .text.LED1_PutVal
                0x00000000       0x3c ./Generated_Code/LED1.o
 .text.LED1_ClrVal
                0x00000000       0x20 ./Generated_Code/LED1.o
 .text.LED1_SetVal
                0x00000000       0x20 ./Generated_Code/LED1.o
 .text          0x00000000        0x0 ./Generated_Code/IO9.o
 .data          0x00000000        0x0 ./Generated_Code/IO9.o
 .bss           0x00000000        0x0 ./Generated_Code/IO9.o
 .text.IO9_SetDir
                0x00000000       0x50 ./Generated_Code/IO9.o
 .text.IO9_SetInput
                0x00000000       0x2c ./Generated_Code/IO9.o
 .text.IO9_GetVal
                0x00000000       0x54 ./Generated_Code/IO9.o
 .text.IO9_PutVal
                0x00000000       0x3c ./Generated_Code/IO9.o
 .text.IO9_ClrVal
                0x00000000       0x20 ./Generated_Code/IO9.o
 .text.IO9_SetVal
                0x00000000       0x20 ./Generated_Code/IO9.o
 .text          0x00000000        0x0 ./Generated_Code/IO8.o
 .data          0x00000000        0x0 ./Generated_Code/IO8.o
 .bss           0x00000000        0x0 ./Generated_Code/IO8.o
 .text.IO8_SetDir
                0x00000000       0x50 ./Generated_Code/IO8.o
 .text.IO8_SetInput
                0x00000000       0x2c ./Generated_Code/IO8.o
 .text.IO8_GetVal
                0x00000000       0x54 ./Generated_Code/IO8.o
 .text.IO8_PutVal
                0x00000000       0x3c ./Generated_Code/IO8.o
 .text.IO8_ClrVal
                0x00000000       0x20 ./Generated_Code/IO8.o
 .text.IO8_SetVal
                0x00000000       0x20 ./Generated_Code/IO8.o
 .text          0x00000000        0x0 ./Generated_Code/IO7.o
 .data          0x00000000        0x0 ./Generated_Code/IO7.o
 .bss           0x00000000        0x0 ./Generated_Code/IO7.o
 .text.IO7_SetDir
                0x00000000       0x50 ./Generated_Code/IO7.o
 .text.IO7_SetInput
                0x00000000       0x2c ./Generated_Code/IO7.o
 .text.IO7_GetVal
                0x00000000       0x54 ./Generated_Code/IO7.o
 .text.IO7_PutVal
                0x00000000       0x3c ./Generated_Code/IO7.o
 .text.IO7_ClrVal
                0x00000000       0x20 ./Generated_Code/IO7.o
 .text.IO7_SetVal
                0x00000000       0x20 ./Generated_Code/IO7.o
 .text          0x00000000        0x0 ./Generated_Code/IO6.o
 .data          0x00000000        0x0 ./Generated_Code/IO6.o
 .bss           0x00000000        0x0 ./Generated_Code/IO6.o
 .text.IO6_SetDir
                0x00000000       0x50 ./Generated_Code/IO6.o
 .text.IO6_SetInput
                0x00000000       0x2c ./Generated_Code/IO6.o
 .text.IO6_GetVal
                0x00000000       0x54 ./Generated_Code/IO6.o
 .text.IO6_PutVal
                0x00000000       0x3c ./Generated_Code/IO6.o
 .text.IO6_ClrVal
                0x00000000       0x20 ./Generated_Code/IO6.o
 .text.IO6_SetVal
                0x00000000       0x20 ./Generated_Code/IO6.o
 .text          0x00000000        0x0 ./Generated_Code/IO5.o
 .data          0x00000000        0x0 ./Generated_Code/IO5.o
 .bss           0x00000000        0x0 ./Generated_Code/IO5.o
 .text.IO5_SetDir
                0x00000000       0x50 ./Generated_Code/IO5.o
 .text.IO5_SetInput
                0x00000000       0x2c ./Generated_Code/IO5.o
 .text.IO5_GetVal
                0x00000000       0x54 ./Generated_Code/IO5.o
 .text.IO5_PutVal
                0x00000000       0x3c ./Generated_Code/IO5.o
 .text.IO5_ClrVal
                0x00000000       0x20 ./Generated_Code/IO5.o
 .text.IO5_SetVal
                0x00000000       0x20 ./Generated_Code/IO5.o
 .text          0x00000000        0x0 ./Generated_Code/IO4.o
 .data          0x00000000        0x0 ./Generated_Code/IO4.o
 .bss           0x00000000        0x0 ./Generated_Code/IO4.o
 .text.IO4_SetDir
                0x00000000       0x50 ./Generated_Code/IO4.o
 .text.IO4_SetInput
                0x00000000       0x2c ./Generated_Code/IO4.o
 .text.IO4_GetVal
                0x00000000       0x54 ./Generated_Code/IO4.o
 .text.IO4_PutVal
                0x00000000       0x3c ./Generated_Code/IO4.o
 .text.IO4_ClrVal
                0x00000000       0x20 ./Generated_Code/IO4.o
 .text.IO4_SetVal
                0x00000000       0x20 ./Generated_Code/IO4.o
 .text          0x00000000        0x0 ./Generated_Code/IO3.o
 .data          0x00000000        0x0 ./Generated_Code/IO3.o
 .bss           0x00000000        0x0 ./Generated_Code/IO3.o
 .text.IO3_SetDir
                0x00000000       0x50 ./Generated_Code/IO3.o
 .text.IO3_SetInput
                0x00000000       0x2c ./Generated_Code/IO3.o
 .text.IO3_GetVal
                0x00000000       0x54 ./Generated_Code/IO3.o
 .text.IO3_PutVal
                0x00000000       0x3c ./Generated_Code/IO3.o
 .text.IO3_ClrVal
                0x00000000       0x20 ./Generated_Code/IO3.o
 .text.IO3_SetVal
                0x00000000       0x20 ./Generated_Code/IO3.o
 .text          0x00000000        0x0 ./Generated_Code/IO2.o
 .data          0x00000000        0x0 ./Generated_Code/IO2.o
 .bss           0x00000000        0x0 ./Generated_Code/IO2.o
 .text.IO2_SetDir
                0x00000000       0x50 ./Generated_Code/IO2.o
 .text.IO2_SetInput
                0x00000000       0x2c ./Generated_Code/IO2.o
 .text.IO2_GetVal
                0x00000000       0x54 ./Generated_Code/IO2.o
 .text.IO2_PutVal
                0x00000000       0x3c ./Generated_Code/IO2.o
 .text.IO2_ClrVal
                0x00000000       0x20 ./Generated_Code/IO2.o
 .text.IO2_SetVal
                0x00000000       0x20 ./Generated_Code/IO2.o
 .text          0x00000000        0x0 ./Generated_Code/IO12.o
 .data          0x00000000        0x0 ./Generated_Code/IO12.o
 .bss           0x00000000        0x0 ./Generated_Code/IO12.o
 .text.IO12_SetDir
                0x00000000       0x50 ./Generated_Code/IO12.o
 .text.IO12_SetInput
                0x00000000       0x2c ./Generated_Code/IO12.o
 .text.IO12_GetVal
                0x00000000       0x54 ./Generated_Code/IO12.o
 .text.IO12_PutVal
                0x00000000       0x3c ./Generated_Code/IO12.o
 .text.IO12_ClrVal
                0x00000000       0x20 ./Generated_Code/IO12.o
 .text.IO12_SetVal
                0x00000000       0x20 ./Generated_Code/IO12.o
 .text          0x00000000        0x0 ./Generated_Code/IO11.o
 .data          0x00000000        0x0 ./Generated_Code/IO11.o
 .bss           0x00000000        0x0 ./Generated_Code/IO11.o
 .text.IO11_SetDir
                0x00000000       0x50 ./Generated_Code/IO11.o
 .text.IO11_SetInput
                0x00000000       0x2c ./Generated_Code/IO11.o
 .text.IO11_GetVal
                0x00000000       0x54 ./Generated_Code/IO11.o
 .text.IO11_PutVal
                0x00000000       0x3c ./Generated_Code/IO11.o
 .text.IO11_ClrVal
                0x00000000       0x20 ./Generated_Code/IO11.o
 .text.IO11_SetVal
                0x00000000       0x20 ./Generated_Code/IO11.o
 .text          0x00000000        0x0 ./Generated_Code/IO10.o
 .data          0x00000000        0x0 ./Generated_Code/IO10.o
 .bss           0x00000000        0x0 ./Generated_Code/IO10.o
 .text.IO10_SetDir
                0x00000000       0x50 ./Generated_Code/IO10.o
 .text.IO10_SetInput
                0x00000000       0x2c ./Generated_Code/IO10.o
 .text.IO10_GetVal
                0x00000000       0x54 ./Generated_Code/IO10.o
 .text.IO10_PutVal
                0x00000000       0x3c ./Generated_Code/IO10.o
 .text.IO10_ClrVal
                0x00000000       0x20 ./Generated_Code/IO10.o
 .text.IO10_SetVal
                0x00000000       0x20 ./Generated_Code/IO10.o
 .text          0x00000000        0x0 ./Generated_Code/IO1.o
 .data          0x00000000        0x0 ./Generated_Code/IO1.o
 .bss           0x00000000        0x0 ./Generated_Code/IO1.o
 .text.IO1_SetDir
                0x00000000       0x50 ./Generated_Code/IO1.o
 .text.IO1_SetInput
                0x00000000       0x2c ./Generated_Code/IO1.o
 .text.IO1_GetVal
                0x00000000       0x54 ./Generated_Code/IO1.o
 .text.IO1_PutVal
                0x00000000       0x3c ./Generated_Code/IO1.o
 .text.IO1_ClrVal
                0x00000000       0x20 ./Generated_Code/IO1.o
 .text.IO1_SetVal
                0x00000000       0x20 ./Generated_Code/IO1.o
 .text          0x00000000        0x0 ./Generated_Code/IMU_INT.o
 .data          0x00000000        0x0 ./Generated_Code/IMU_INT.o
 .bss           0x00000000        0x0 ./Generated_Code/IMU_INT.o
 .text.IMU_INT_GetVal
                0x00000000       0x30 ./Generated_Code/IMU_INT.o
 .text          0x00000000        0x0 ./Generated_Code/IMU_FSYNC.o
 .data          0x00000000        0x0 ./Generated_Code/IMU_FSYNC.o
 .bss           0x00000000        0x0 ./Generated_Code/IMU_FSYNC.o
 .text.IMU_FSYNC_GetVal
                0x00000000       0x30 ./Generated_Code/IMU_FSYNC.o
 .text.IMU_FSYNC_PutVal
                0x00000000       0x3c ./Generated_Code/IMU_FSYNC.o
 .text.IMU_FSYNC_ClrVal
                0x00000000       0x20 ./Generated_Code/IMU_FSYNC.o
 .text.IMU_FSYNC_SetVal
                0x00000000       0x20 ./Generated_Code/IMU_FSYNC.o
 .text          0x00000000        0x0 ./Generated_Code/IMU_CS.o
 .data          0x00000000        0x0 ./Generated_Code/IMU_CS.o
 .bss           0x00000000        0x0 ./Generated_Code/IMU_CS.o
 .text.IMU_CS_GetVal
                0x00000000       0x30 ./Generated_Code/IMU_CS.o
 .text.IMU_CS_PutVal
                0x00000000       0x3c ./Generated_Code/IMU_CS.o
 .text.IMU_CS_ClrVal
                0x00000000       0x20 ./Generated_Code/IMU_CS.o
 .text.IMU_CS_SetVal
                0x00000000       0x20 ./Generated_Code/IMU_CS.o
 .text          0x00000000        0x0 ./Generated_Code/I2C0.o
 .data          0x00000000        0x0 ./Generated_Code/I2C0.o
 .bss           0x00000000        0x0 ./Generated_Code/I2C0.o
 .text          0x00000000        0x0 ./Generated_Code/Cpu.o
 .data          0x00000000        0x0 ./Generated_Code/Cpu.o
 .bss           0x00000000        0x0 ./Generated_Code/Cpu.o
 .text          0x00000000        0x0 ./Project_Settings/Startup_Code/__arm_start.o
 .data          0x00000000        0x0 ./Project_Settings/Startup_Code/__arm_start.o
 .bss           0x00000000        0x0 ./Project_Settings/Startup_Code/__arm_start.o
 .text.__iar_program_start
                0x00000000        0x4 ./Project_Settings/Startup_Code/__arm_start.o
 .text          0x00000000        0x0 ./Project_Settings/Startup_Code/__arm_end.o
 .data          0x00000000        0x0 ./Project_Settings/Startup_Code/__arm_end.o
 .bss           0x00000000        0x0 ./Project_Settings/Startup_Code/__arm_end.o
 .text          0x00000000        0x0 ./Sources/system_tick.o
 .data          0x00000000        0x0 ./Sources/system_tick.o
 .bss           0x00000000        0x0 ./Sources/system_tick.o
 .text          0x00000000        0x0 ./Sources/mpu_9250_driver.o
 .data          0x00000000        0x0 ./Sources/mpu_9250_driver.o
 .bss           0x00000000        0x0 ./Sources/mpu_9250_driver.o
 .text          0x00000000        0x0 ./Sources/main.o
 .data          0x00000000        0x0 ./Sources/main.o
 .bss           0x00000000        0x0 ./Sources/main.o
 .text          0x00000000        0x0 ./Sources/led_driver_pca9552.o
 .data          0x00000000        0x0 ./Sources/led_driver_pca9552.o
 .bss           0x00000000        0x0 ./Sources/led_driver_pca9552.o
 .text          0x00000000        0x0 ./Sources/Events.o
 .data          0x00000000        0x0 ./Sources/Events.o
 .bss           0x00000000        0x0 ./Sources/Events.o
 .text          0x00000000        0x0 C:/Freescale/CW MCU v10.6.4/MCU/ARM_GCC_Support/ewl/lib/armv7e-m\libc.a(exit.o)
 .data          0x00000000        0x0 C:/Freescale/CW MCU v10.6.4/MCU/ARM_GCC_Support/ewl/lib/armv7e-m\libc.a(exit.o)
 .bss           0x00000000        0x0 C:/Freescale/CW MCU v10.6.4/MCU/ARM_GCC_Support/ewl/lib/armv7e-m\libc.a(exit.o)
 .text          0x00000000        0x0 C:/Freescale/CW MCU v10.6.4/MCU/ARM_GCC_Support/ewl/lib/armv7e-m\libc.a(memset.o)
 .data          0x00000000        0x0 C:/Freescale/CW MCU v10.6.4/MCU/ARM_GCC_Support/ewl/lib/armv7e-m\libc.a(memset.o)
 .bss           0x00000000        0x0 C:/Freescale/CW MCU v10.6.4/MCU/ARM_GCC_Support/ewl/lib/armv7e-m\libc.a(memset.o)
 .text          0x00000000        0x0 C:/Freescale/CW MCU v10.6.4/MCU/ARM_GCC_Support/ewl/lib/armv7e-m\libc.a(__filll_mem.o)
 .data          0x00000000        0x0 C:/Freescale/CW MCU v10.6.4/MCU/ARM_GCC_Support/ewl/lib/armv7e-m\libc.a(__filll_mem.o)
 .bss           0x00000000        0x0 C:/Freescale/CW MCU v10.6.4/MCU/ARM_GCC_Support/ewl/lib/armv7e-m\libc.a(__filll_mem.o)
 .text          0x00000000        0x0 C:/Freescale/CW MCU v10.6.4/MCU/ARM_GCC_Support/ewl/lib/armv7e-m\librt.a(gcc_ctor_dtor.o)
 .data          0x00000000        0x0 C:/Freescale/CW MCU v10.6.4/MCU/ARM_GCC_Support/ewl/lib/armv7e-m\librt.a(gcc_ctor_dtor.o)
 .bss           0x00000000        0x0 C:/Freescale/CW MCU v10.6.4/MCU/ARM_GCC_Support/ewl/lib/armv7e-m\librt.a(gcc_ctor_dtor.o)
 .bss.__dso_handle
                0x00000000        0x4 C:/Freescale/CW MCU v10.6.4/MCU/ARM_GCC_Support/ewl/lib/armv7e-m\librt.a(gcc_ctor_dtor.o)
 .text          0x00000000        0x0 C:/Freescale/CW MCU v10.6.4/MCU/ARM_GCC_Support/ewl/lib/armv7e-m\librt.a(__arm_eabi_init.o)
 .data          0x00000000        0x0 C:/Freescale/CW MCU v10.6.4/MCU/ARM_GCC_Support/ewl/lib/armv7e-m\librt.a(__arm_eabi_init.o)
 .bss           0x00000000        0x0 C:/Freescale/CW MCU v10.6.4/MCU/ARM_GCC_Support/ewl/lib/armv7e-m\librt.a(__arm_eabi_init.o)
 .text.__register_global_object
                0x00000000       0x14 C:/Freescale/CW MCU v10.6.4/MCU/ARM_GCC_Support/ewl/lib/armv7e-m\librt.a(__arm_eabi_init.o)
 .text.__cxa_atexit
                0x00000000       0x38 C:/Freescale/CW MCU v10.6.4/MCU/ARM_GCC_Support/ewl/lib/armv7e-m\librt.a(__arm_eabi_init.o)
 .text.__aeabi_atexit
                0x00000000        0xa C:/Freescale/CW MCU v10.6.4/MCU/ARM_GCC_Support/ewl/lib/armv7e-m\librt.a(__arm_eabi_init.o)
 .text.__register_atexit
                0x00000000        0x8 C:/Freescale/CW MCU v10.6.4/MCU/ARM_GCC_Support/ewl/lib/armv7e-m\librt.a(__arm_eabi_init.o)
 .text.__init_hardware
                0x00000000        0x4 C:/Freescale/CW MCU v10.6.4/MCU/ARM_GCC_Support/ewl/lib/armv7e-m\librt.a(__arm_eabi_init.o)
 .bss.atexit_curr_func
                0x00000000        0x4 C:/Freescale/CW MCU v10.6.4/MCU/ARM_GCC_Support/ewl/lib/armv7e-m\librt.a(__arm_eabi_init.o)
 .bss.atexit_funcs
                0x00000000      0x300 C:/Freescale/CW MCU v10.6.4/MCU/ARM_GCC_Support/ewl/lib/armv7e-m\librt.a(__arm_eabi_init.o)
 .text          0x00000000        0x0 C:/Freescale/CW MCU v10.6.4/MCU/ARM_GCC_Support/ewl/lib/armv7e-m\librt.a(ROMCopy.o)
 .data          0x00000000        0x0 C:/Freescale/CW MCU v10.6.4/MCU/ARM_GCC_Support/ewl/lib/armv7e-m\librt.a(ROMCopy.o)
 .bss           0x00000000        0x0 C:/Freescale/CW MCU v10.6.4/MCU/ARM_GCC_Support/ewl/lib/armv7e-m\librt.a(ROMCopy.o)
 .text.__flush_cache
                0x00000000        0x2 C:/Freescale/CW MCU v10.6.4/MCU/ARM_GCC_Support/ewl/lib/armv7e-m\librt.a(ROMCopy.o)

Memory Configuration

Name             Origin             Length             Attributes
m_interrupts     0x00000000         0x000001bc         xr
m_text           0x00000410         0x0003fbf0         xr
m_data           0x1fff8000         0x00008000         rw
m_data_20000000  0x20000000         0x00008000         rw
m_cfmprotrom     0x00000400         0x00000010         xr
*default*        0x00000000         0xffffffff

Linker script and memory map

LOAD ./Generated_Code/tick_1ms_timer.o
LOAD ./Generated_Code/Vectors.o
LOAD ./Generated_Code/TU1.o
LOAD ./Generated_Code/PE_LDD.o
LOAD ./Generated_Code/LED_DRIVER_1_RESET.o
LOAD ./Generated_Code/LED_DRIVER_0_RESET.o
LOAD ./Generated_Code/LED2.o
LOAD ./Generated_Code/LED1.o
LOAD ./Generated_Code/IO9.o
LOAD ./Generated_Code/IO8.o
LOAD ./Generated_Code/IO7.o
LOAD ./Generated_Code/IO6.o
LOAD ./Generated_Code/IO5.o
LOAD ./Generated_Code/IO4.o
LOAD ./Generated_Code/IO3.o
LOAD ./Generated_Code/IO2.o
LOAD ./Generated_Code/IO12.o
LOAD ./Generated_Code/IO11.o
LOAD ./Generated_Code/IO10.o
LOAD ./Generated_Code/IO1.o
LOAD ./Generated_Code/IMU_INT.o
LOAD ./Generated_Code/IMU_FSYNC.o
LOAD ./Generated_Code/IMU_CS.o
LOAD ./Generated_Code/I2C0.o
LOAD ./Generated_Code/Cpu.o
LOAD ./Project_Settings/Startup_Code/__arm_start.o
LOAD ./Project_Settings/Startup_Code/__arm_end.o
LOAD ./Sources/system_tick.o
LOAD ./Sources/mpu_9250_driver.o
LOAD ./Sources/main.o
LOAD ./Sources/led_driver_pca9552.o
LOAD ./Sources/Events.o
START GROUP
LOAD C:/Freescale/CW MCU v10.6.4/MCU/ARM_GCC_Support/ewl/lib/armv7e-m\libc.a
LOAD C:/Freescale/CW MCU v10.6.4/MCU/ARM_GCC_Support/ewl/lib/armv7e-m\libm.a
LOAD c:/freescale/cw mcu v10.6.4/cross_tools/arm-none-eabi-gcc-4_7_3/bin/../lib/gcc/arm-none-eabi/4.7.3/armv7e-m\libgcc.a
LOAD C:/Freescale/CW MCU v10.6.4/MCU/ARM_GCC_Support/ewl/lib/armv7e-m\librt.a
END GROUP
                0x20000000                _estack = 0x20000000
                0x20000000                __SP_INIT = _estack
                0x00000000                __heap_size = 0x0
                0x00000400                __stack_size = 0x400

.interrupts     0x00000000      0x1bc
                0x00000000                __vector_table = .
                0x00000000                . = ALIGN (0x4)
 *(.vectortable)
 .vectortable   0x00000000      0x1bc ./Generated_Code/Vectors.o
                0x00000000                __vect_table
                0x000001bc                . = ALIGN (0x4)

.cfmprotect     0x00000400       0x10
                0x00000400                . = ALIGN (0x4)
 *(.cfmconfig)
 .cfmconfig     0x00000400       0x10 ./Generated_Code/Cpu.o
                0x00000400                _cfm
                0x00000410                . = ALIGN (0x4)

.text           0x00000410     0x2ad0
                0x00000410                . = ALIGN (0x4)
 *(.text)
 *(.text*)
 .text.tick_1ms_timer_Init
                0x00000410       0x64 ./Generated_Code/tick_1ms_timer.o
                0x00000410                tick_1ms_timer_Init
 .text.TU1_OnCounterRestart
                0x00000474       0x28 ./Generated_Code/tick_1ms_timer.o
                0x00000474                TU1_OnCounterRestart
 .text.TU1_Init
                0x0000049c      0x198 ./Generated_Code/TU1.o
                0x0000049c                TU1_Init
 .text.TU1_Interrupt
                0x00000634       0x80 ./Generated_Code/TU1.o
                0x00000634                TU1_Interrupt
 .text.LED_DRIVER_1_RESET_Init
                0x000006b4       0x84 ./Generated_Code/LED_DRIVER_1_RESET.o
                0x000006b4                LED_DRIVER_1_RESET_Init
 .text.LED_DRIVER_1_RESET_PutVal
                0x00000738       0x3c ./Generated_Code/LED_DRIVER_1_RESET.o
                0x00000738                LED_DRIVER_1_RESET_PutVal
 .text.LED_DRIVER_0_RESET_Init
                0x00000774       0x84 ./Generated_Code/LED_DRIVER_0_RESET.o
                0x00000774                LED_DRIVER_0_RESET_Init
 .text.LED_DRIVER_0_RESET_PutVal
                0x000007f8       0x3c ./Generated_Code/LED_DRIVER_0_RESET.o
                0x000007f8                LED_DRIVER_0_RESET_PutVal
 .text.LED2_Init
                0x00000834       0x84 ./Generated_Code/LED2.o
                0x00000834                LED2_Init
 .text.LED1_Init
                0x000008b8       0x84 ./Generated_Code/LED1.o
                0x000008b8                LED1_Init
 .text.IO9_Init
                0x0000093c       0x84 ./Generated_Code/IO9.o
                0x0000093c                IO9_Init
 .text.IO8_Init
                0x000009c0       0x84 ./Generated_Code/IO8.o
                0x000009c0                IO8_Init
 .text.IO7_Init
                0x00000a44       0x84 ./Generated_Code/IO7.o
                0x00000a44                IO7_Init
 .text.IO6_Init
                0x00000ac8       0x84 ./Generated_Code/IO6.o
                0x00000ac8                IO6_Init
 .text.IO5_Init
                0x00000b4c       0x84 ./Generated_Code/IO5.o
                0x00000b4c                IO5_Init
 .text.IO4_Init
                0x00000bd0       0x84 ./Generated_Code/IO4.o
                0x00000bd0                IO4_Init
 .text.IO3_Init
                0x00000c54       0x84 ./Generated_Code/IO3.o
                0x00000c54                IO3_Init
 .text.IO2_Init
                0x00000cd8       0x84 ./Generated_Code/IO2.o
                0x00000cd8                IO2_Init
 .text.IO12_Init
                0x00000d5c       0x84 ./Generated_Code/IO12.o
                0x00000d5c                IO12_Init
 .text.IO11_Init
                0x00000de0       0x84 ./Generated_Code/IO11.o
                0x00000de0                IO11_Init
 .text.IO10_Init
                0x00000e64       0x84 ./Generated_Code/IO10.o
                0x00000e64                IO10_Init
 .text.IO1_Init
                0x00000ee8       0x84 ./Generated_Code/IO1.o
                0x00000ee8                IO1_Init
 .text.IMU_INT_Init
                0x00000f6c       0x6c ./Generated_Code/IMU_INT.o
                0x00000f6c                IMU_INT_Init
 .text.IMU_FSYNC_Init
                0x00000fd8       0x84 ./Generated_Code/IMU_FSYNC.o
                0x00000fd8                IMU_FSYNC_Init
 .text.IMU_CS_Init
                0x0000105c       0x84 ./Generated_Code/IMU_CS.o
                0x0000105c                IMU_CS_Init
 .text.I2C0_Interrupt
                0x000010e0      0x370 ./Generated_Code/I2C0.o
                0x000010e0                I2C0_Interrupt
 .text.I2C0_Init
                0x00001450      0x1c8 ./Generated_Code/I2C0.o
                0x00001450                I2C0_Init
 .text.I2C0_MasterSendBlock
                0x00001618      0x1f8 ./Generated_Code/I2C0.o
                0x00001618                I2C0_MasterSendBlock
 .text.I2C0_MasterReceiveBlock
                0x00001810      0x1f0 ./Generated_Code/I2C0.o
                0x00001810                I2C0_MasterReceiveBlock
 .text.I2C0_SelectSlaveDevice
                0x00001a00      0x100 ./Generated_Code/I2C0.o
                0x00001a00                I2C0_SelectSlaveDevice
 .text.Cpu_Interrupt
                0x00001b00       0x18 ./Generated_Code/Cpu.o
                0x00001b00                Cpu_Interrupt
 .text.__init_hardware
                0x00001b18      0x280 ./Generated_Code/Cpu.o
                0x00001b18                __init_hardware
 .text.Cpu_SetBASEPRI
                0x00001d98       0x18 ./Generated_Code/Cpu.o
                0x00001d98                Cpu_SetBASEPRI
 .text.PE_low_level_init
                0x00001db0      0x174 ./Generated_Code/Cpu.o
                0x00001db0                PE_low_level_init
 .text.zero_fill_bss
                0x00001f24       0x2c ./Project_Settings/Startup_Code/__arm_start.o
 .text.__thumb_startup
                0x00001f50       0x30 ./Project_Settings/Startup_Code/__arm_start.o
                0x00001f50                __thumb_startup
 .text._ExitProcess
                0x00001f80        0xc ./Project_Settings/Startup_Code/__arm_end.o
                0x00001f80                _ExitProcess
 .text.init_tick
                0x00001f8c       0x44 ./Sources/system_tick.o
                0x00001f8c                init_tick
 .text.tick     0x00001fd0       0x9c ./Sources/system_tick.o
                0x00001fd0                tick
 .text.delay_n_msec
                0x0000206c       0x34 ./Sources/system_tick.o
                0x0000206c                delay_n_msec
 .text.mpu_9250_init
                0x000020a0       0x40 ./Sources/mpu_9250_driver.o
                0x000020a0                mpu_9250_init
 .text.get_mpu_readings
                0x000020e0      0x1d4 ./Sources/mpu_9250_driver.o
                0x000020e0                get_mpu_readings
 .text.send_message
                0x000022b4       0x5c ./Sources/mpu_9250_driver.o
 .text.receive_message
                0x00002310       0x48 ./Sources/mpu_9250_driver.o
 .text.set_clock_source
                0x00002358       0x24 ./Sources/mpu_9250_driver.o
 .text.set_full_scale_gyro_range
                0x0000237c       0x24 ./Sources/mpu_9250_driver.o
 .text.set_full_scale_accel_range
                0x000023a0       0x24 ./Sources/mpu_9250_driver.o
 .text.set_sleep_enabled
                0x000023c4       0x24 ./Sources/mpu_9250_driver.o
 .text.set_magnetometer_mode
                0x000023e8       0x34 ./Sources/mpu_9250_driver.o
 .text.mpu9250_write_accel_bitfield
                0x0000241c       0x28 ./Sources/mpu_9250_driver.o
 .text.mpu9250_write_accel_bit
                0x00002444       0x30 ./Sources/mpu_9250_driver.o
 .text.mpu9250_write_mag_bit
                0x00002474       0x30 ./Sources/mpu_9250_driver.o
 .text.mpu9250_write_mag_bitfield
                0x000024a4       0x28 ./Sources/mpu_9250_driver.o
 .text.mpu9250_write_bitfield
                0x000024cc       0xa0 ./Sources/mpu_9250_driver.o
 .text.mpu9250_write_bit
                0x0000256c       0x98 ./Sources/mpu_9250_driver.o
 .text.main     0x00002604      0x338 ./Sources/main.o
                0x00002604                main
 .text.init_led_drivers
                0x0000293c       0x8c ./Sources/led_driver_pca9552.o
                0x0000293c                init_led_drivers
 .text.reset_driver
                0x000029c8       0x6c ./Sources/led_driver_pca9552.o
                0x000029c8                reset_driver
 .text.set_led_output
                0x00002a34       0xb4 ./Sources/led_driver_pca9552.o
                0x00002a34                set_led_output
 .text.set_led_output_mode
                0x00002ae8      0x1ac ./Sources/led_driver_pca9552.o
 .text.I2C0_OnMasterBlockSent
                0x00002c94       0x14 ./Sources/Events.o
                0x00002c94                I2C0_OnMasterBlockSent
 .text.I2C0_OnMasterBlockReceived
                0x00002ca8       0x14 ./Sources/Events.o
                0x00002ca8                I2C0_OnMasterBlockReceived
 .text.tick_1ms_timer_OnInterrupt
                0x00002cbc       0x14 ./Sources/Events.o
                0x00002cbc                tick_1ms_timer_OnInterrupt
 .text.I2C0_OnMasterByteReceived
                0x00002cd0       0x14 ./Sources/Events.o
                0x00002cd0                I2C0_OnMasterByteReceived
 .text.exit     0x00002ce4       0x38 C:/Freescale/CW MCU v10.6.4/MCU/ARM_GCC_Support/ewl/lib/armv7e-m\libc.a(exit.o)
                0x00002ce4                exit
 .text.memset   0x00002d1c        0xc C:/Freescale/CW MCU v10.6.4/MCU/ARM_GCC_Support/ewl/lib/armv7e-m\libc.a(memset.o)
                0x00002d1c                memset
 .text.__fill_mem
                0x00002d28       0x76 C:/Freescale/CW MCU v10.6.4/MCU/ARM_GCC_Support/ewl/lib/armv7e-m\libc.a(__filll_mem.o)
                0x00002d28                __fill_mem
 *fill*         0x00002d9e        0x2 00
 .text.__init_cpp
                0x00002da0       0x4c C:/Freescale/CW MCU v10.6.4/MCU/ARM_GCC_Support/ewl/lib/armv7e-m\librt.a(gcc_ctor_dtor.o)
                0x00002da0                __init_cpp
 .text.__fini_cpp
                0x00002dec       0x34 C:/Freescale/CW MCU v10.6.4/MCU/ARM_GCC_Support/ewl/lib/armv7e-m\librt.a(gcc_ctor_dtor.o)
                0x00002dec                __fini_cpp
 .text.__destroy_global_chain
                0x00002e20       0x18 C:/Freescale/CW MCU v10.6.4/MCU/ARM_GCC_Support/ewl/lib/armv7e-m\librt.a(__arm_eabi_init.o)
                0x00002e20                __destroy_global_chain
 .text.__init_registers
                0x00002e38       0x24 C:/Freescale/CW MCU v10.6.4/MCU/ARM_GCC_Support/ewl/lib/armv7e-m\librt.a(__arm_eabi_init.o)
                0x00002e38                __init_registers
 .text.__init_user
                0x00002e5c        0x4 C:/Freescale/CW MCU v10.6.4/MCU/ARM_GCC_Support/ewl/lib/armv7e-m\librt.a(__arm_eabi_init.o)
                0x00002e5c                __init_user
 .text.__copy_rom_section
                0x00002e60       0x44 C:/Freescale/CW MCU v10.6.4/MCU/ARM_GCC_Support/ewl/lib/armv7e-m\librt.a(ROMCopy.o)
                0x00002e60                __copy_rom_section
 .text.__copy_rom_sections_to_ram
                0x00002ea4       0x30 C:/Freescale/CW MCU v10.6.4/MCU/ARM_GCC_Support/ewl/lib/armv7e-m\librt.a(ROMCopy.o)
                0x00002ea4                __copy_rom_sections_to_ram
 *(.rodata)
 .rodata        0x00002ed4        0xc ./Sources/main.o
 *(.rodata*)
 *(.glue_7)
 .glue_7        0x00000000        0x0 linker stubs
 *(.glue_7t)
 .glue_7t       0x00000000        0x0 linker stubs
 *(.eh_frame)
 *(.init)
 *(.fini)
                0x00002ee0                . = ALIGN (0x4)
                0x00002ee0                _etext = .

.vfp11_veneer   0x00002ee0        0x0
 .vfp11_veneer  0x00000000        0x0 linker stubs

.v4_bx          0x00002ee0        0x0
 .v4_bx         0x00000000        0x0 linker stubs

.iplt           0x00002ee0        0x0
 .iplt          0x00000000        0x0 ./Generated_Code/tick_1ms_timer.o

.rel.dyn        0x00002ee0        0x0
 .rel.iplt      0x00000000        0x0 ./Generated_Code/tick_1ms_timer.o

.ARM.extab
 *(.ARM.extab* .gnu.linkonce.armextab.*)

.ARM            0x00002ee0        0x0
                0x00002ee0                __exidx_start = .
 *(.ARM.exidx*)
                0x00002ee0                __exidx_end = .

.ctors          0x00002ee0        0x0
                0x00002ee0                __CTOR_LIST__ = .
 *crtbegin.o(.ctors)
 *(EXCLUDE_FILE(*crtend.o) .ctors)
 *(SORT(.ctors.*))
 *(.ctors)
                0x00002ee0                __CTOR_END__ = .

.dtors          0x00002ee0        0x0
                0x00002ee0                __DTOR_LIST__ = .
 *crtbegin.o(.dtors)
 *(EXCLUDE_FILE(*crtend.o) .dtors)
 *(SORT(.dtors.*))
 *(.dtors)
                0x00002ee0                __DTOR_END__ = .

.preinit_array  0x00002ee0        0x0
                0x00002ee0                PROVIDE (__preinit_array_start, .)
 *(.preinit_array*)
                0x00002ee0                PROVIDE (__preinit_array_end, .)

.init_array     0x00002ee0        0x0
                0x00002ee0                PROVIDE (__init_array_start, .)
 *(SORT(.init_array.*))
 *(.init_array*)
                0x00002ee0                PROVIDE (__init_array_end, .)

.fini_array     0x00002ee0        0x0
                0x00002ee0                PROVIDE (__fini_array_start, .)
 *(SORT(.fini_array.*))
 *(.fini_array*)
                0x00002ee0                PROVIDE (__fini_array_end, .)
                0x00002ee0                ___ROM_AT = .

.data           0x1fff8000       0x2c load address 0x00002ee0
                0x1fff8000                . = ALIGN (0x4)
                0x1fff8000                _sdata = .
 *(.data)
 *(.data*)
 .data.driver_info
                0x1fff8000        0xc ./Sources/led_driver_pca9552.o
                0x1fff8000                driver_info
 .data.pwm_settings
                0x1fff800c        0x8 ./Sources/led_driver_pca9552.o
 .data.channels
                0x1fff8014       0x18 ./Sources/led_driver_pca9552.o
                0x1fff802c                . = ALIGN (0x4)
                0x1fff802c                _edata = .
                0x0000002c                ___data_size = (_edata - _sdata)
                0x00002f0c                ___m_data_20000000_ROMStart = (___ROM_AT + SIZEOF (.data))

.igot.plt       0x1fff802c        0x0 load address 0x00002f0c
 .igot.plt      0x00000000        0x0 ./Generated_Code/tick_1ms_timer.o

.m_data_20000000
                0x20000000        0x0 load address 0x00002f0c
                0x20000000                . = ALIGN (0x4)
                0x20000000                ___m_data_20000000_RAMStart = .
 *(.m_data_20000000)
                0x20000000                ___m_data_20000000_RAMEnd = .
                0x20000000                . = ALIGN (0x4)
                0x00000000                ___m_data_20000000_ROMSize = (___m_data_20000000_RAMEnd - ___m_data_20000000_RAMStart)
                0x20000000                . = ALIGN (0x4)

.bss            0x1fff802c      0x148 load address 0x00002f0c
                0x1fff802c                __START_BSS = .
                0x1fff802c                PROVIDE (__bss_start__, __START_BSS)
 *(.bss)
 *(.bss*)
 .bss.DeviceDataPrv__DEFAULT_RTOS_ALLOC
                0x1fff802c        0xc ./Generated_Code/tick_1ms_timer.o
 .bss.DeviceDataPrv__DEFAULT_RTOS_ALLOC
                0x1fff8038        0xc ./Generated_Code/TU1.o
 .bss.INT_FTM0__DEFAULT_RTOS_ISRPARAM
                0x1fff8044        0x4 ./Generated_Code/TU1.o
 .bss.PE_LDD_DeviceDataList
                0x1fff8048       0x58 ./Generated_Code/PE_LDD.o
                0x1fff8048                PE_LDD_DeviceDataList
 .bss.DeviceDataPrv__DEFAULT_RTOS_ALLOC
                0x1fff80a0        0x4 ./Generated_Code/LED_DRIVER_1_RESET.o
 .bss.DeviceDataPrv__DEFAULT_RTOS_ALLOC
                0x1fff80a4        0x4 ./Generated_Code/LED_DRIVER_0_RESET.o
 .bss.DeviceDataPrv__DEFAULT_RTOS_ALLOC
                0x1fff80a8        0x4 ./Generated_Code/LED2.o
 .bss.DeviceDataPrv__DEFAULT_RTOS_ALLOC
                0x1fff80ac        0x4 ./Generated_Code/LED1.o
 .bss.DeviceDataPrv__DEFAULT_RTOS_ALLOC
                0x1fff80b0        0x4 ./Generated_Code/IO9.o
 .bss.DeviceDataPrv__DEFAULT_RTOS_ALLOC
                0x1fff80b4        0x4 ./Generated_Code/IO8.o
 .bss.DeviceDataPrv__DEFAULT_RTOS_ALLOC
                0x1fff80b8        0x4 ./Generated_Code/IO7.o
 .bss.DeviceDataPrv__DEFAULT_RTOS_ALLOC
                0x1fff80bc        0x4 ./Generated_Code/IO6.o
 .bss.DeviceDataPrv__DEFAULT_RTOS_ALLOC
                0x1fff80c0        0x4 ./Generated_Code/IO5.o
 .bss.DeviceDataPrv__DEFAULT_RTOS_ALLOC
                0x1fff80c4        0x4 ./Generated_Code/IO4.o
 .bss.DeviceDataPrv__DEFAULT_RTOS_ALLOC
                0x1fff80c8        0x4 ./Generated_Code/IO3.o
 .bss.DeviceDataPrv__DEFAULT_RTOS_ALLOC
                0x1fff80cc        0x4 ./Generated_Code/IO2.o
 .bss.DeviceDataPrv__DEFAULT_RTOS_ALLOC
                0x1fff80d0        0x4 ./Generated_Code/IO12.o
 .bss.DeviceDataPrv__DEFAULT_RTOS_ALLOC
                0x1fff80d4        0x4 ./Generated_Code/IO11.o
 .bss.DeviceDataPrv__DEFAULT_RTOS_ALLOC
                0x1fff80d8        0x4 ./Generated_Code/IO10.o
 .bss.DeviceDataPrv__DEFAULT_RTOS_ALLOC
                0x1fff80dc        0x4 ./Generated_Code/IO1.o
 .bss.DeviceDataPrv__DEFAULT_RTOS_ALLOC
                0x1fff80e0        0x4 ./Generated_Code/IMU_INT.o
 .bss.DeviceDataPrv__DEFAULT_RTOS_ALLOC
                0x1fff80e4        0x4 ./Generated_Code/IMU_FSYNC.o
 .bss.DeviceDataPrv__DEFAULT_RTOS_ALLOC
                0x1fff80e8        0x4 ./Generated_Code/IMU_CS.o
 .bss.DeviceDataPrv__DEFAULT_RTOS_ALLOC
                0x1fff80ec       0x18 ./Generated_Code/I2C0.o
 .bss.INT_I2C0__DEFAULT_RTOS_ISRPARAM
                0x1fff8104        0x4 ./Generated_Code/I2C0.o
 .bss.SR_lock   0x1fff8108        0x1 ./Generated_Code/Cpu.o
                0x1fff8108                SR_lock
 *fill*         0x1fff8109        0x3 00
 .bss.argv      0x1fff810c        0x4 ./Project_Settings/Startup_Code/__arm_start.o
 .bss.outgoing_msg_buf
                0x1fff8110       0x20 ./Sources/mpu_9250_driver.o
 .bss.incoming_msg_buf
                0x1fff8130       0x20 ./Sources/mpu_9250_driver.o
 .bss.__stdio_exit
                0x1fff8150        0x4 C:/Freescale/CW MCU v10.6.4/MCU/ARM_GCC_Support/ewl/lib/armv7e-m\libc.a(exit.o)
                0x1fff8150                __stdio_exit
 .bss.__console_exit
                0x1fff8154        0x4 C:/Freescale/CW MCU v10.6.4/MCU/ARM_GCC_Support/ewl/lib/armv7e-m\libc.a(exit.o)
                0x1fff8154                __console_exit
 .bss.__global_destructor_chain
                0x1fff8158        0x4 C:/Freescale/CW MCU v10.6.4/MCU/ARM_GCC_Support/ewl/lib/armv7e-m\librt.a(__arm_eabi_init.o)
                0x1fff8158                __global_destructor_chain
 .bss.__S_romp  0x1fff815c        0xc C:/Freescale/CW MCU v10.6.4/MCU/ARM_GCC_Support/ewl/lib/armv7e-m\librt.a(ROMCopy.o)
 *(COMMON)
 COMMON         0x1fff8168        0x1 ./Generated_Code/Cpu.o
                0x1fff8168                SR_reg
 *fill*         0x1fff8169        0x3 00
 COMMON         0x1fff816c        0x8 ./Sources/system_tick.o
                0x1fff816c                tick_250msec
                0x1fff816d                tick_1msec
                0x1fff816e                tick_500msec
                0x1fff8170                power_on_time_msec
                0x1fff8174                . = ALIGN (0x4)
                0x1fff8174                __END_BSS = .
                0x1fff8174                PROVIDE (__bss_end__, __END_BSS)
                0x00002f0c                _romp_at = ((___ROM_AT + SIZEOF (.data)) + SIZEOF (.m_data_20000000))

.romp           0x1fff8174       0x24 load address 0x00002f0c
                0x00002f0c                __S_romp = _romp_at
                0x1fff8174        0x4 LONG 0x2ee0 ___ROM_AT
                0x1fff8178        0x4 LONG 0x1fff8000 _sdata
                0x1fff817c        0x4 LONG 0x2c ___data_size
                0x1fff8180        0x4 LONG 0x2f0c ___m_data_20000000_ROMStart
                0x1fff8184        0x4 LONG 0x20000000 ___m_data_20000000_RAMStart
                0x1fff8188        0x4 LONG 0x0 ___m_data_20000000_ROMSize
                0x1fff818c        0x4 LONG 0x0
                0x1fff8190        0x4 LONG 0x0
                0x1fff8194        0x4 LONG 0x0

._user_heap_stack
                0x1fff8198      0x400 load address 0x00002f30
                0x1fff8198                . = ALIGN (0x4)
                0x1fff8198                PROVIDE (end, .)
                0x1fff8198                PROVIDE (_end, .)
                0x1fff8198                __heap_addr = .
                0x1fff8198                . = (. + __heap_size)
                0x1fff8598                . = (. + __stack_size)
 *fill*         0x1fff8198      0x400 00
                0x1fff8598                . = ALIGN (0x4)

.ARM.attributes
                0x00000000       0x33
 *(.ARM.attributes)
 .ARM.attributes
                0x00000000       0x33 ./Generated_Code/tick_1ms_timer.o
 .ARM.attributes
                0x00000033       0x33 ./Generated_Code/Vectors.o
 .ARM.attributes
                0x00000066       0x33 ./Generated_Code/TU1.o
 .ARM.attributes
                0x00000099       0x33 ./Generated_Code/PE_LDD.o
 .ARM.attributes
                0x000000cc       0x33 ./Generated_Code/LED_DRIVER_1_RESET.o
 .ARM.attributes
                0x000000ff       0x33 ./Generated_Code/LED_DRIVER_0_RESET.o
 .ARM.attributes
                0x00000132       0x33 ./Generated_Code/LED2.o
 .ARM.attributes
                0x00000165       0x33 ./Generated_Code/LED1.o
 .ARM.attributes
                0x00000198       0x33 ./Generated_Code/IO9.o
 .ARM.attributes
                0x000001cb       0x33 ./Generated_Code/IO8.o
 .ARM.attributes
                0x000001fe       0x33 ./Generated_Code/IO7.o
 .ARM.attributes
                0x00000231       0x33 ./Generated_Code/IO6.o
 .ARM.attributes
                0x00000264       0x33 ./Generated_Code/IO5.o
 .ARM.attributes
                0x00000297       0x33 ./Generated_Code/IO4.o
 .ARM.attributes
                0x000002ca       0x33 ./Generated_Code/IO3.o
 .ARM.attributes
                0x000002fd       0x33 ./Generated_Code/IO2.o
 .ARM.attributes
                0x00000330       0x33 ./Generated_Code/IO12.o
 .ARM.attributes
                0x00000363       0x33 ./Generated_Code/IO11.o
 .ARM.attributes
                0x00000396       0x33 ./Generated_Code/IO10.o
 .ARM.attributes
                0x000003c9       0x33 ./Generated_Code/IO1.o
 .ARM.attributes
                0x000003fc       0x33 ./Generated_Code/IMU_INT.o
 .ARM.attributes
                0x0000042f       0x33 ./Generated_Code/IMU_FSYNC.o
 .ARM.attributes
                0x00000462       0x33 ./Generated_Code/IMU_CS.o
 .ARM.attributes
                0x00000495       0x33 ./Generated_Code/I2C0.o
 .ARM.attributes
                0x000004c8       0x33 ./Generated_Code/Cpu.o
 .ARM.attributes
                0x000004fb       0x33 ./Project_Settings/Startup_Code/__arm_start.o
 .ARM.attributes
                0x0000052e       0x33 ./Project_Settings/Startup_Code/__arm_end.o
 .ARM.attributes
                0x00000561       0x33 ./Sources/system_tick.o
 .ARM.attributes
                0x00000594       0x33 ./Sources/mpu_9250_driver.o
 .ARM.attributes
                0x000005c7       0x33 ./Sources/main.o
 .ARM.attributes
                0x000005fa       0x33 ./Sources/led_driver_pca9552.o
 .ARM.attributes
                0x0000062d       0x33 ./Sources/Events.o
 .ARM.attributes
                0x00000660       0x33 C:/Freescale/CW MCU v10.6.4/MCU/ARM_GCC_Support/ewl/lib/armv7e-m\libc.a(exit.o)
 .ARM.attributes
                0x00000693       0x33 C:/Freescale/CW MCU v10.6.4/MCU/ARM_GCC_Support/ewl/lib/armv7e-m\libc.a(memset.o)
 .ARM.attributes
                0x000006c6       0x33 C:/Freescale/CW MCU v10.6.4/MCU/ARM_GCC_Support/ewl/lib/armv7e-m\libc.a(__filll_mem.o)
 .ARM.attributes
                0x000006f9       0x33 C:/Freescale/CW MCU v10.6.4/MCU/ARM_GCC_Support/ewl/lib/armv7e-m\librt.a(gcc_ctor_dtor.o)
 .ARM.attributes
                0x0000072c       0x33 C:/Freescale/CW MCU v10.6.4/MCU/ARM_GCC_Support/ewl/lib/armv7e-m\librt.a(__arm_eabi_init.o)
 .ARM.attributes
                0x0000075f       0x33 C:/Freescale/CW MCU v10.6.4/MCU/ARM_GCC_Support/ewl/lib/armv7e-m\librt.a(ROMCopy.o)
OUTPUT(clay_g5_demo_gpio.elf elf32-littlearm)

.debug_info     0x00000000     0x7eac
 .debug_info    0x00000000      0x179 ./Generated_Code/tick_1ms_timer.o
 .debug_info    0x00000179      0x105 ./Generated_Code/Vectors.o
 .debug_info    0x0000027e      0x6be ./Generated_Code/TU1.o
 .debug_info    0x0000093c      0x24e ./Generated_Code/PE_LDD.o
 .debug_info    0x00000b8a      0x36b ./Generated_Code/LED_DRIVER_1_RESET.o
 .debug_info    0x00000ef5      0x36b ./Generated_Code/LED_DRIVER_0_RESET.o
 .debug_info    0x00001260      0x36b ./Generated_Code/LED2.o
 .debug_info    0x000015cb      0x36b ./Generated_Code/LED1.o
 .debug_info    0x00001936      0x3cd ./Generated_Code/IO9.o
 .debug_info    0x00001d03      0x3cd ./Generated_Code/IO8.o
 .debug_info    0x000020d0      0x3cd ./Generated_Code/IO7.o
 .debug_info    0x0000249d      0x3cd ./Generated_Code/IO6.o
 .debug_info    0x0000286a      0x3cd ./Generated_Code/IO5.o
 .debug_info    0x00002c37      0x3cd ./Generated_Code/IO4.o
 .debug_info    0x00003004      0x3cd ./Generated_Code/IO3.o
 .debug_info    0x000033d1      0x3cd ./Generated_Code/IO2.o
 .debug_info    0x0000379e      0x3cd ./Generated_Code/IO12.o
 .debug_info    0x00003b6b      0x3cd ./Generated_Code/IO11.o
 .debug_info    0x00003f38      0x3cd ./Generated_Code/IO10.o
 .debug_info    0x00004305      0x3cd ./Generated_Code/IO1.o
 .debug_info    0x000046d2      0x2e5 ./Generated_Code/IMU_INT.o
 .debug_info    0x000049b7      0x36b ./Generated_Code/IMU_FSYNC.o
 .debug_info    0x00004d22      0x36b ./Generated_Code/IMU_CS.o
 .debug_info    0x0000508d      0x8fb ./Generated_Code/I2C0.o
 .debug_info    0x00005988      0xb85 ./Generated_Code/Cpu.o
 .debug_info    0x0000650d      0x12a ./Project_Settings/Startup_Code/__arm_start.o
 .debug_info    0x00006637       0x54 ./Project_Settings/Startup_Code/__arm_end.o
 .debug_info    0x0000668b      0x130 ./Sources/system_tick.o
 .debug_info    0x000067bb      0x599 ./Sources/mpu_9250_driver.o
 .debug_info    0x00006d54      0x280 ./Sources/main.o
 .debug_info    0x00006fd4      0x52b ./Sources/led_driver_pca9552.o
 .debug_info    0x000074ff      0x11f ./Sources/Events.o
 .debug_info    0x0000761e       0xe8 C:/Freescale/CW MCU v10.6.4/MCU/ARM_GCC_Support/ewl/lib/armv7e-m\libc.a(exit.o)
 .debug_info    0x00007706       0xec C:/Freescale/CW MCU v10.6.4/MCU/ARM_GCC_Support/ewl/lib/armv7e-m\libc.a(memset.o)
 .debug_info    0x000077f2      0x135 C:/Freescale/CW MCU v10.6.4/MCU/ARM_GCC_Support/ewl/lib/armv7e-m\libc.a(__filll_mem.o)
 .debug_info    0x00007927      0x136 C:/Freescale/CW MCU v10.6.4/MCU/ARM_GCC_Support/ewl/lib/armv7e-m\librt.a(gcc_ctor_dtor.o)
 .debug_info    0x00007a5d      0x2b5 C:/Freescale/CW MCU v10.6.4/MCU/ARM_GCC_Support/ewl/lib/armv7e-m\librt.a(__arm_eabi_init.o)
 .debug_info    0x00007d12      0x19a C:/Freescale/CW MCU v10.6.4/MCU/ARM_GCC_Support/ewl/lib/armv7e-m\librt.a(ROMCopy.o)

.debug_abbrev   0x00000000     0x28c6
 .debug_abbrev  0x00000000       0xd2 ./Generated_Code/tick_1ms_timer.o
 .debug_abbrev  0x000000d2       0xa3 ./Generated_Code/Vectors.o
 .debug_abbrev  0x00000175      0x141 ./Generated_Code/TU1.o
 .debug_abbrev  0x000002b6      0x102 ./Generated_Code/PE_LDD.o
 .debug_abbrev  0x000003b8      0x12b ./Generated_Code/LED_DRIVER_1_RESET.o
 .debug_abbrev  0x000004e3      0x12b ./Generated_Code/LED_DRIVER_0_RESET.o
 .debug_abbrev  0x0000060e      0x12b ./Generated_Code/LED2.o
 .debug_abbrev  0x00000739      0x12b ./Generated_Code/LED1.o
 .debug_abbrev  0x00000864      0x151 ./Generated_Code/IO9.o
 .debug_abbrev  0x000009b5      0x151 ./Generated_Code/IO8.o
 .debug_abbrev  0x00000b06      0x151 ./Generated_Code/IO7.o
 .debug_abbrev  0x00000c57      0x151 ./Generated_Code/IO6.o
 .debug_abbrev  0x00000da8      0x151 ./Generated_Code/IO5.o
 .debug_abbrev  0x00000ef9      0x151 ./Generated_Code/IO4.o
 .debug_abbrev  0x0000104a      0x151 ./Generated_Code/IO3.o
 .debug_abbrev  0x0000119b      0x151 ./Generated_Code/IO2.o
 .debug_abbrev  0x000012ec      0x151 ./Generated_Code/IO12.o
 .debug_abbrev  0x0000143d      0x151 ./Generated_Code/IO11.o
 .debug_abbrev  0x0000158e      0x151 ./Generated_Code/IO10.o
 .debug_abbrev  0x000016df      0x151 ./Generated_Code/IO1.o
 .debug_abbrev  0x00001830      0x105 ./Generated_Code/IMU_INT.o
 .debug_abbrev  0x00001935      0x12b ./Generated_Code/IMU_FSYNC.o
 .debug_abbrev  0x00001a60      0x12b ./Generated_Code/IMU_CS.o
 .debug_abbrev  0x00001b8b      0x173 ./Generated_Code/I2C0.o
 .debug_abbrev  0x00001cfe      0x15d ./Generated_Code/Cpu.o
 .debug_abbrev  0x00001e5b       0x92 ./Project_Settings/Startup_Code/__arm_start.o
 .debug_abbrev  0x00001eed       0x4c ./Project_Settings/Startup_Code/__arm_end.o
 .debug_abbrev  0x00001f39       0x8e ./Sources/system_tick.o
 .debug_abbrev  0x00001fc7      0x10d ./Sources/mpu_9250_driver.o
 .debug_abbrev  0x000020d4       0xea ./Sources/main.o
 .debug_abbrev  0x000021be      0x192 ./Sources/led_driver_pca9552.o
 .debug_abbrev  0x00002350       0x77 ./Sources/Events.o
 .debug_abbrev  0x000023c7       0x7a C:/Freescale/CW MCU v10.6.4/MCU/ARM_GCC_Support/ewl/lib/armv7e-m\libc.a(exit.o)
 .debug_abbrev  0x00002441       0x62 C:/Freescale/CW MCU v10.6.4/MCU/ARM_GCC_Support/ewl/lib/armv7e-m\libc.a(memset.o)
 .debug_abbrev  0x000024a3       0x87 C:/Freescale/CW MCU v10.6.4/MCU/ARM_GCC_Support/ewl/lib/armv7e-m\libc.a(__filll_mem.o)
 .debug_abbrev  0x0000252a       0x99 C:/Freescale/CW MCU v10.6.4/MCU/ARM_GCC_Support/ewl/lib/armv7e-m\librt.a(gcc_ctor_dtor.o)
 .debug_abbrev  0x000025c3      0x1cc C:/Freescale/CW MCU v10.6.4/MCU/ARM_GCC_Support/ewl/lib/armv7e-m\librt.a(__arm_eabi_init.o)
 .debug_abbrev  0x0000278f      0x137 C:/Freescale/CW MCU v10.6.4/MCU/ARM_GCC_Support/ewl/lib/armv7e-m\librt.a(ROMCopy.o)

.debug_loc      0x00000000     0x2740
 .debug_loc     0x00000000       0x70 ./Generated_Code/tick_1ms_timer.o
 .debug_loc     0x00000070       0x70 ./Generated_Code/TU1.o
 .debug_loc     0x000000e0       0x9c ./Generated_Code/PE_LDD.o
 .debug_loc     0x0000017c      0x118 ./Generated_Code/LED_DRIVER_1_RESET.o
 .debug_loc     0x00000294      0x118 ./Generated_Code/LED_DRIVER_0_RESET.o
 .debug_loc     0x000003ac      0x118 ./Generated_Code/LED2.o
 .debug_loc     0x000004c4      0x118 ./Generated_Code/LED1.o
 .debug_loc     0x000005dc      0x188 ./Generated_Code/IO9.o
 .debug_loc     0x00000764      0x188 ./Generated_Code/IO8.o
 .debug_loc     0x000008ec      0x188 ./Generated_Code/IO7.o
 .debug_loc     0x00000a74      0x188 ./Generated_Code/IO6.o
 .debug_loc     0x00000bfc      0x188 ./Generated_Code/IO5.o
 .debug_loc     0x00000d84      0x188 ./Generated_Code/IO4.o
 .debug_loc     0x00000f0c      0x188 ./Generated_Code/IO3.o
 .debug_loc     0x00001094      0x188 ./Generated_Code/IO2.o
 .debug_loc     0x0000121c      0x188 ./Generated_Code/IO12.o
 .debug_loc     0x000013a4      0x188 ./Generated_Code/IO11.o
 .debug_loc     0x0000152c      0x188 ./Generated_Code/IO10.o
 .debug_loc     0x000016b4      0x188 ./Generated_Code/IO1.o
 .debug_loc     0x0000183c       0x70 ./Generated_Code/IMU_INT.o
 .debug_loc     0x000018ac      0x118 ./Generated_Code/IMU_FSYNC.o
 .debug_loc     0x000019c4      0x118 ./Generated_Code/IMU_CS.o
 .debug_loc     0x00001adc      0x118 ./Generated_Code/I2C0.o
 .debug_loc     0x00001bf4       0xbc ./Generated_Code/Cpu.o
 .debug_loc     0x00001cb0       0x2c ./Project_Settings/Startup_Code/__arm_start.o
 .debug_loc     0x00001cdc       0x38 ./Project_Settings/Startup_Code/__arm_end.o
 .debug_loc     0x00001d14       0x90 ./Sources/system_tick.o
 .debug_loc     0x00001da4      0x33c ./Sources/mpu_9250_driver.o
 .debug_loc     0x000020e0       0x38 ./Sources/main.o
 .debug_loc     0x00002118       0xe0 ./Sources/led_driver_pca9552.o
 .debug_loc     0x000021f8       0xe0 ./Sources/Events.o
 .debug_loc     0x000022d8       0x3e C:/Freescale/CW MCU v10.6.4/MCU/ARM_GCC_Support/ewl/lib/armv7e-m\libc.a(exit.o)
 .debug_loc     0x00002316       0x64 C:/Freescale/CW MCU v10.6.4/MCU/ARM_GCC_Support/ewl/lib/armv7e-m\libc.a(memset.o)
 .debug_loc     0x0000237a      0x12c C:/Freescale/CW MCU v10.6.4/MCU/ARM_GCC_Support/ewl/lib/armv7e-m\libc.a(__filll_mem.o)
 .debug_loc     0x000024a6       0x9d C:/Freescale/CW MCU v10.6.4/MCU/ARM_GCC_Support/ewl/lib/armv7e-m\librt.a(gcc_ctor_dtor.o)
 .debug_loc     0x00002543      0x144 C:/Freescale/CW MCU v10.6.4/MCU/ARM_GCC_Support/ewl/lib/armv7e-m\librt.a(__arm_eabi_init.o)
 .debug_loc     0x00002687       0xb9 C:/Freescale/CW MCU v10.6.4/MCU/ARM_GCC_Support/ewl/lib/armv7e-m\librt.a(ROMCopy.o)

.debug_aranges  0x00000000      0x928
 .debug_aranges
                0x00000000       0x28 ./Generated_Code/tick_1ms_timer.o
 .debug_aranges
                0x00000028       0x18 ./Generated_Code/Vectors.o
 .debug_aranges
                0x00000040       0x28 ./Generated_Code/TU1.o
 .debug_aranges
                0x00000068       0x30 ./Generated_Code/PE_LDD.o
 .debug_aranges
                0x00000098       0x40 ./Generated_Code/LED_DRIVER_1_RESET.o
 .debug_aranges
                0x000000d8       0x40 ./Generated_Code/LED_DRIVER_0_RESET.o
 .debug_aranges
                0x00000118       0x40 ./Generated_Code/LED2.o
 .debug_aranges
                0x00000158       0x40 ./Generated_Code/LED1.o
 .debug_aranges
                0x00000198       0x50 ./Generated_Code/IO9.o
 .debug_aranges
                0x000001e8       0x50 ./Generated_Code/IO8.o
 .debug_aranges
                0x00000238       0x50 ./Generated_Code/IO7.o
 .debug_aranges
                0x00000288       0x50 ./Generated_Code/IO6.o
 .debug_aranges
                0x000002d8       0x50 ./Generated_Code/IO5.o
 .debug_aranges
                0x00000328       0x50 ./Generated_Code/IO4.o
 .debug_aranges
                0x00000378       0x50 ./Generated_Code/IO3.o
 .debug_aranges
                0x000003c8       0x50 ./Generated_Code/IO2.o
 .debug_aranges
                0x00000418       0x50 ./Generated_Code/IO12.o
 .debug_aranges
                0x00000468       0x50 ./Generated_Code/IO11.o
 .debug_aranges
                0x000004b8       0x50 ./Generated_Code/IO10.o
 .debug_aranges
                0x00000508       0x50 ./Generated_Code/IO1.o
 .debug_aranges
                0x00000558       0x28 ./Generated_Code/IMU_INT.o
 .debug_aranges
                0x00000580       0x40 ./Generated_Code/IMU_FSYNC.o
 .debug_aranges
                0x000005c0       0x40 ./Generated_Code/IMU_CS.o
 .debug_aranges
                0x00000600       0x40 ./Generated_Code/I2C0.o
 .debug_aranges
                0x00000640       0x38 ./Generated_Code/Cpu.o
 .debug_aranges
                0x00000678       0x30 ./Project_Settings/Startup_Code/__arm_start.o
 .debug_aranges
                0x000006a8       0x20 ./Project_Settings/Startup_Code/__arm_end.o
 .debug_aranges
                0x000006c8       0x30 ./Sources/system_tick.o
 .debug_aranges
                0x000006f8       0x90 ./Sources/mpu_9250_driver.o
 .debug_aranges
                0x00000788       0x20 ./Sources/main.o
 .debug_aranges
                0x000007a8       0x38 ./Sources/led_driver_pca9552.o
 .debug_aranges
                0x000007e0       0x38 ./Sources/Events.o
 .debug_aranges
                0x00000818       0x20 C:/Freescale/CW MCU v10.6.4/MCU/ARM_GCC_Support/ewl/lib/armv7e-m\libc.a(exit.o)
 .debug_aranges
                0x00000838       0x20 C:/Freescale/CW MCU v10.6.4/MCU/ARM_GCC_Support/ewl/lib/armv7e-m\libc.a(memset.o)
 .debug_aranges
                0x00000858       0x20 C:/Freescale/CW MCU v10.6.4/MCU/ARM_GCC_Support/ewl/lib/armv7e-m\libc.a(__filll_mem.o)
 .debug_aranges
                0x00000878       0x28 C:/Freescale/CW MCU v10.6.4/MCU/ARM_GCC_Support/ewl/lib/armv7e-m\librt.a(gcc_ctor_dtor.o)
 .debug_aranges
                0x000008a0       0x58 C:/Freescale/CW MCU v10.6.4/MCU/ARM_GCC_Support/ewl/lib/armv7e-m\librt.a(__arm_eabi_init.o)
 .debug_aranges
                0x000008f8       0x30 C:/Freescale/CW MCU v10.6.4/MCU/ARM_GCC_Support/ewl/lib/armv7e-m\librt.a(ROMCopy.o)

.debug_macinfo  0x00000000   0xaa274c
 .debug_macinfo
                0x00000000    0x650f6 ./Generated_Code/tick_1ms_timer.o
 .debug_macinfo
                0x000650f6    0x65102 ./Generated_Code/Vectors.o
 .debug_macinfo
                0x000ca1f8    0x62506 ./Generated_Code/TU1.o
 .debug_macinfo
                0x0012c6fe    0x6509a ./Generated_Code/PE_LDD.o
 .debug_macinfo
                0x00191798    0x59d7b ./Generated_Code/LED_DRIVER_1_RESET.o
 .debug_macinfo
                0x001eb513    0x59d7d ./Generated_Code/LED_DRIVER_0_RESET.o
 .debug_macinfo
                0x00245290    0x59cd3 ./Generated_Code/LED2.o
 .debug_macinfo
                0x0029ef63    0x59cd3 ./Generated_Code/LED1.o
 .debug_macinfo
                0x002f8c36    0x59d03 ./Generated_Code/IO9.o
 .debug_macinfo
                0x00352939    0x59d03 ./Generated_Code/IO8.o
 .debug_macinfo
                0x003ac63c    0x59d03 ./Generated_Code/IO7.o
 .debug_macinfo
                0x0040633f    0x59d05 ./Generated_Code/IO6.o
 .debug_macinfo
                0x00460044    0x59d05 ./Generated_Code/IO5.o
 .debug_macinfo
                0x004b9d49    0x59d03 ./Generated_Code/IO4.o
 .debug_macinfo
                0x00513a4c    0x59d03 ./Generated_Code/IO3.o
 .debug_macinfo
                0x0056d74f    0x59d03 ./Generated_Code/IO2.o
 .debug_macinfo
                0x005c7452    0x59d11 ./Generated_Code/IO12.o
 .debug_macinfo
                0x00621163    0x59d11 ./Generated_Code/IO11.o
 .debug_macinfo
                0x0067ae74    0x59d11 ./Generated_Code/IO10.o
 .debug_macinfo
                0x006d4b85    0x59d03 ./Generated_Code/IO1.o
 .debug_macinfo
                0x0072e888    0x59c96 ./Generated_Code/IMU_INT.o
 .debug_macinfo
                0x0078851e    0x59d11 ./Generated_Code/IMU_FSYNC.o
 .debug_macinfo
                0x007e222f    0x59ceb ./Generated_Code/IMU_CS.o
 .debug_macinfo
                0x0083bf1a    0x6ba82 ./Generated_Code/I2C0.o
 .debug_macinfo
                0x008a799c    0x65102 ./Generated_Code/Cpu.o
 .debug_macinfo
                0x0090ca9e     0x3f82 ./Project_Settings/Startup_Code/__arm_start.o
 .debug_macinfo
                0x00910a20     0x356b ./Project_Settings/Startup_Code/__arm_end.o
 .debug_macinfo
                0x00913f8b     0xb989 ./Sources/system_tick.o
 .debug_macinfo
                0x0091f914    0x5b9f7 ./Sources/mpu_9250_driver.o
 .debug_macinfo
                0x0097b30b    0x681ae ./Sources/main.o
 .debug_macinfo
                0x009e34b9    0x5a1cb ./Sources/led_driver_pca9552.o
 .debug_macinfo
                0x00a3d684    0x650c8 ./Sources/Events.o

.debug_line     0x00000000     0x6bcc
 .debug_line    0x00000000      0x42e ./Generated_Code/tick_1ms_timer.o
 .debug_line    0x0000042e      0x51e ./Generated_Code/Vectors.o
 .debug_line    0x0000094c      0x2c0 ./Generated_Code/TU1.o
 .debug_line    0x00000c0c      0x3b6 ./Generated_Code/PE_LDD.o
 .debug_line    0x00000fc2      0x2e0 ./Generated_Code/LED_DRIVER_1_RESET.o
 .debug_line    0x000012a2      0x2e0 ./Generated_Code/LED_DRIVER_0_RESET.o
 .debug_line    0x00001582      0x2c4 ./Generated_Code/LED2.o
 .debug_line    0x00001846      0x2c4 ./Generated_Code/LED1.o
 .debug_line    0x00001b0a      0x2ea ./Generated_Code/IO9.o
 .debug_line    0x00001df4      0x2ea ./Generated_Code/IO8.o
 .debug_line    0x000020de      0x2ea ./Generated_Code/IO7.o
 .debug_line    0x000023c8      0x2ea ./Generated_Code/IO6.o
 .debug_line    0x000026b2      0x2ea ./Generated_Code/IO5.o
 .debug_line    0x0000299c      0x2ea ./Generated_Code/IO4.o
 .debug_line    0x00002c86      0x2ea ./Generated_Code/IO3.o
 .debug_line    0x00002f70      0x2ea ./Generated_Code/IO2.o
 .debug_line    0x0000325a      0x2ec ./Generated_Code/IO12.o
 .debug_line    0x00003546      0x2ec ./Generated_Code/IO11.o
 .debug_line    0x00003832      0x2ec ./Generated_Code/IO10.o
 .debug_line    0x00003b1e      0x2ea ./Generated_Code/IO1.o
 .debug_line    0x00003e08      0x291 ./Generated_Code/IMU_INT.o
 .debug_line    0x00004099      0x2ce ./Generated_Code/IMU_FSYNC.o
 .debug_line    0x00004367      0x2c8 ./Generated_Code/IMU_CS.o
 .debug_line    0x0000462f      0x523 ./Generated_Code/I2C0.o
 .debug_line    0x00004b52      0x5a6 ./Generated_Code/Cpu.o
 .debug_line    0x000050f8      0x2a2 ./Project_Settings/Startup_Code/__arm_start.o
 .debug_line    0x0000539a      0x26d ./Project_Settings/Startup_Code/__arm_end.o
 .debug_line    0x00005607      0x1fd ./Sources/system_tick.o
 .debug_line    0x00005804      0x3ac ./Sources/mpu_9250_driver.o
 .debug_line    0x00005bb0      0x488 ./Sources/main.o
 .debug_line    0x00006038      0x385 ./Sources/led_driver_pca9552.o
 .debug_line    0x000063bd      0x3fe ./Sources/Events.o
 .debug_line    0x000067bb       0x94 C:/Freescale/CW MCU v10.6.4/MCU/ARM_GCC_Support/ewl/lib/armv7e-m\libc.a(exit.o)
 .debug_line    0x0000684f       0x8f C:/Freescale/CW MCU v10.6.4/MCU/ARM_GCC_Support/ewl/lib/armv7e-m\libc.a(memset.o)
 .debug_line    0x000068de       0xcd C:/Freescale/CW MCU v10.6.4/MCU/ARM_GCC_Support/ewl/lib/armv7e-m\libc.a(__filll_mem.o)
 .debug_line    0x000069ab       0x67 C:/Freescale/CW MCU v10.6.4/MCU/ARM_GCC_Support/ewl/lib/armv7e-m\librt.a(gcc_ctor_dtor.o)
 .debug_line    0x00006a12      0x111 C:/Freescale/CW MCU v10.6.4/MCU/ARM_GCC_Support/ewl/lib/armv7e-m\librt.a(__arm_eabi_init.o)
 .debug_line    0x00006b23       0xa9 C:/Freescale/CW MCU v10.6.4/MCU/ARM_GCC_Support/ewl/lib/armv7e-m\librt.a(ROMCopy.o)

.debug_str      0x00000000     0x1f63
 .debug_str     0x00000000      0x1d9 ./Generated_Code/tick_1ms_timer.o
                                0x205 (size before relaxing)
 .debug_str     0x000001d9       0x5e ./Generated_Code/Vectors.o
                                0x16c (size before relaxing)
 .debug_str     0x00000237      0x261 ./Generated_Code/TU1.o
                                0x3ed (size before relaxing)
 .debug_str     0x00000498      0x172 ./Generated_Code/PE_LDD.o
                                0x2cf (size before relaxing)
 .debug_str     0x0000060a      0x165 ./Generated_Code/LED_DRIVER_1_RESET.o
                                0x31d (size before relaxing)
 .debug_str     0x0000076f       0xe8 ./Generated_Code/LED_DRIVER_0_RESET.o
                                0x31d (size before relaxing)
 .debug_str     0x00000857       0x78 ./Generated_Code/LED2.o
                                0x2ad (size before relaxing)
 .debug_str     0x000008cf       0x78 ./Generated_Code/LED1.o
                                0x2ad (size before relaxing)
 .debug_str     0x00000947       0x88 ./Generated_Code/IO9.o
                                0x2bd (size before relaxing)
 .debug_str     0x000009cf       0x88 ./Generated_Code/IO8.o
                                0x2bd (size before relaxing)
 .debug_str     0x00000a57       0x88 ./Generated_Code/IO7.o
                                0x2bd (size before relaxing)
 .debug_str     0x00000adf       0x88 ./Generated_Code/IO6.o
                                0x2bd (size before relaxing)
 .debug_str     0x00000b67       0x88 ./Generated_Code/IO5.o
                                0x2bd (size before relaxing)
 .debug_str     0x00000bef       0x88 ./Generated_Code/IO4.o
                                0x2bd (size before relaxing)
 .debug_str     0x00000c77       0x88 ./Generated_Code/IO3.o
                                0x2bd (size before relaxing)
 .debug_str     0x00000cff       0x88 ./Generated_Code/IO2.o
                                0x2bd (size before relaxing)
 .debug_str     0x00000d87       0x92 ./Generated_Code/IO12.o
                                0x2c7 (size before relaxing)
 .debug_str     0x00000e19       0x92 ./Generated_Code/IO11.o
                                0x2c7 (size before relaxing)
 .debug_str     0x00000eab       0x92 ./Generated_Code/IO10.o
                                0x2c7 (size before relaxing)
 .debug_str     0x00000f3d       0x88 ./Generated_Code/IO1.o
                                0x2bd (size before relaxing)
 .debug_str     0x00000fc5       0x63 ./Generated_Code/IMU_INT.o
                                0x298 (size before relaxing)
 .debug_str     0x00001028       0xa0 ./Generated_Code/IMU_FSYNC.o
                                0x2d5 (size before relaxing)
 .debug_str     0x000010c8       0x88 ./Generated_Code/IMU_CS.o
                                0x2bd (size before relaxing)
 .debug_str     0x00001150      0x21d ./Generated_Code/I2C0.o
                                0x536 (size before relaxing)
 .debug_str     0x0000136d      0x225 ./Generated_Code/Cpu.o
                                0x4e2 (size before relaxing)
 .debug_str     0x00001592       0x85 ./Project_Settings/Startup_Code/__arm_start.o
                                0x19a (size before relaxing)
 .debug_str     0x00001617       0x41 ./Project_Settings/Startup_Code/__arm_end.o
                                 0xd1 (size before relaxing)
 .debug_str     0x00001658       0x6f ./Sources/system_tick.o
                                0x18d (size before relaxing)
 .debug_str     0x000016c7      0x229 ./Sources/mpu_9250_driver.o
                                0x43c (size before relaxing)
 .debug_str     0x000018f0       0xbc ./Sources/main.o
                                0x277 (size before relaxing)
 .debug_str     0x000019ac      0x1ed ./Sources/led_driver_pca9552.o
                                0x481 (size before relaxing)
 .debug_str     0x00001b99       0x7b ./Sources/Events.o
                                0x1a3 (size before relaxing)
 .debug_str     0x00001c14       0x5a C:/Freescale/CW MCU v10.6.4/MCU/ARM_GCC_Support/ewl/lib/armv7e-m\libc.a(exit.o)
                                0x157 (size before relaxing)
 .debug_str     0x00001c6e       0x23 C:/Freescale/CW MCU v10.6.4/MCU/ARM_GCC_Support/ewl/lib/armv7e-m\libc.a(memset.o)
                                0x140 (size before relaxing)
 .debug_str     0x00001c91       0x2d C:/Freescale/CW MCU v10.6.4/MCU/ARM_GCC_Support/ewl/lib/armv7e-m\libc.a(__filll_mem.o)
                                0x152 (size before relaxing)
 .debug_str     0x00001cbe      0x126 C:/Freescale/CW MCU v10.6.4/MCU/ARM_GCC_Support/ewl/lib/armv7e-m\librt.a(gcc_ctor_dtor.o)
                                0x181 (size before relaxing)
 .debug_str     0x00001de4       0xe9 C:/Freescale/CW MCU v10.6.4/MCU/ARM_GCC_Support/ewl/lib/armv7e-m\librt.a(__arm_eabi_init.o)
                                0x1b5 (size before relaxing)
 .debug_str     0x00001ecd       0x96 C:/Freescale/CW MCU v10.6.4/MCU/ARM_GCC_Support/ewl/lib/armv7e-m\librt.a(ROMCopy.o)
                                0x13c (size before relaxing)

.comment        0x00000000       0x79
 .comment       0x00000000       0x79 ./Generated_Code/tick_1ms_timer.o
                                 0x7a (size before relaxing)
 .comment       0x00000000       0x7a ./Generated_Code/Vectors.o
 .comment       0x00000000       0x7a ./Generated_Code/TU1.o
 .comment       0x00000000       0x7a ./Generated_Code/PE_LDD.o
 .comment       0x00000000       0x7a ./Generated_Code/LED_DRIVER_1_RESET.o
 .comment       0x00000000       0x7a ./Generated_Code/LED_DRIVER_0_RESET.o
 .comment       0x00000000       0x7a ./Generated_Code/LED2.o
 .comment       0x00000000       0x7a ./Generated_Code/LED1.o
 .comment       0x00000000       0x7a ./Generated_Code/IO9.o
 .comment       0x00000000       0x7a ./Generated_Code/IO8.o
 .comment       0x00000000       0x7a ./Generated_Code/IO7.o
 .comment       0x00000000       0x7a ./Generated_Code/IO6.o
 .comment       0x00000000       0x7a ./Generated_Code/IO5.o
 .comment       0x00000000       0x7a ./Generated_Code/IO4.o
 .comment       0x00000000       0x7a ./Generated_Code/IO3.o
 .comment       0x00000000       0x7a ./Generated_Code/IO2.o
 .comment       0x00000000       0x7a ./Generated_Code/IO12.o
 .comment       0x00000000       0x7a ./Generated_Code/IO11.o
 .comment       0x00000000       0x7a ./Generated_Code/IO10.o
 .comment       0x00000000       0x7a ./Generated_Code/IO1.o
 .comment       0x00000000       0x7a ./Generated_Code/IMU_INT.o
 .comment       0x00000000       0x7a ./Generated_Code/IMU_FSYNC.o
 .comment       0x00000000       0x7a ./Generated_Code/IMU_CS.o
 .comment       0x00000000       0x7a ./Generated_Code/I2C0.o
 .comment       0x00000000       0x7a ./Generated_Code/Cpu.o
 .comment       0x00000000       0x7a ./Project_Settings/Startup_Code/__arm_start.o
 .comment       0x00000000       0x7a ./Project_Settings/Startup_Code/__arm_end.o
 .comment       0x00000000       0x7a ./Sources/system_tick.o
 .comment       0x00000000       0x7a ./Sources/mpu_9250_driver.o
 .comment       0x00000000       0x7a ./Sources/main.o
 .comment       0x00000000       0x7a ./Sources/led_driver_pca9552.o
 .comment       0x00000000       0x7a ./Sources/Events.o
 .comment       0x00000000       0x7a C:/Freescale/CW MCU v10.6.4/MCU/ARM_GCC_Support/ewl/lib/armv7e-m\libc.a(exit.o)
 .comment       0x00000000       0x7a C:/Freescale/CW MCU v10.6.4/MCU/ARM_GCC_Support/ewl/lib/armv7e-m\libc.a(memset.o)
 .comment       0x00000000       0x7a C:/Freescale/CW MCU v10.6.4/MCU/ARM_GCC_Support/ewl/lib/armv7e-m\libc.a(__filll_mem.o)
 .comment       0x00000000       0x7a C:/Freescale/CW MCU v10.6.4/MCU/ARM_GCC_Support/ewl/lib/armv7e-m\librt.a(gcc_ctor_dtor.o)
 .comment       0x00000000       0x7a C:/Freescale/CW MCU v10.6.4/MCU/ARM_GCC_Support/ewl/lib/armv7e-m\librt.a(__arm_eabi_init.o)
 .comment       0x00000000       0x7a C:/Freescale/CW MCU v10.6.4/MCU/ARM_GCC_Support/ewl/lib/armv7e-m\librt.a(ROMCopy.o)

.debug_frame    0x00000000     0x15bc
 .debug_frame   0x00000000       0x50 ./Generated_Code/tick_1ms_timer.o
 .debug_frame   0x00000050       0x50 ./Generated_Code/TU1.o
 .debug_frame   0x000000a0       0x64 ./Generated_Code/PE_LDD.o
 .debug_frame   0x00000104       0x9c ./Generated_Code/LED_DRIVER_1_RESET.o
 .debug_frame   0x000001a0       0x9c ./Generated_Code/LED_DRIVER_0_RESET.o
 .debug_frame   0x0000023c       0x9c ./Generated_Code/LED2.o
 .debug_frame   0x000002d8       0x9c ./Generated_Code/LED1.o
 .debug_frame   0x00000374       0xd4 ./Generated_Code/IO9.o
 .debug_frame   0x00000448       0xd4 ./Generated_Code/IO8.o
 .debug_frame   0x0000051c       0xd4 ./Generated_Code/IO7.o
 .debug_frame   0x000005f0       0xd4 ./Generated_Code/IO6.o
 .debug_frame   0x000006c4       0xd4 ./Generated_Code/IO5.o
 .debug_frame   0x00000798       0xd4 ./Generated_Code/IO4.o
 .debug_frame   0x0000086c       0xd4 ./Generated_Code/IO3.o
 .debug_frame   0x00000940       0xd4 ./Generated_Code/IO2.o
 .debug_frame   0x00000a14       0xd4 ./Generated_Code/IO12.o
 .debug_frame   0x00000ae8       0xd4 ./Generated_Code/IO11.o
 .debug_frame   0x00000bbc       0xd4 ./Generated_Code/IO10.o
 .debug_frame   0x00000c90       0xd4 ./Generated_Code/IO1.o
 .debug_frame   0x00000d64       0x48 ./Generated_Code/IMU_INT.o
 .debug_frame   0x00000dac       0x9c ./Generated_Code/IMU_FSYNC.o
 .debug_frame   0x00000e48       0x9c ./Generated_Code/IMU_CS.o
 .debug_frame   0x00000ee4       0xa8 ./Generated_Code/I2C0.o
 .debug_frame   0x00000f8c       0x80 ./Generated_Code/Cpu.o
 .debug_frame   0x0000100c       0x4c ./Project_Settings/Startup_Code/__arm_start.o
 .debug_frame   0x00001058       0x2c ./Project_Settings/Startup_Code/__arm_end.o
 .debug_frame   0x00001084       0x5c ./Sources/system_tick.o
 .debug_frame   0x000010e0      0x1ec ./Sources/mpu_9250_driver.o
 .debug_frame   0x000012cc       0x30 ./Sources/main.o
 .debug_frame   0x000012fc       0x8c ./Sources/led_driver_pca9552.o
 .debug_frame   0x00001388       0x84 ./Sources/Events.o
 .debug_frame   0x0000140c       0x28 C:/Freescale/CW MCU v10.6.4/MCU/ARM_GCC_Support/ewl/lib/armv7e-m\libc.a(exit.o)
 .debug_frame   0x00001434       0x28 C:/Freescale/CW MCU v10.6.4/MCU/ARM_GCC_Support/ewl/lib/armv7e-m\libc.a(memset.o)
 .debug_frame   0x0000145c       0x2c C:/Freescale/CW MCU v10.6.4/MCU/ARM_GCC_Support/ewl/lib/armv7e-m\libc.a(__filll_mem.o)
 .debug_frame   0x00001488       0x40 C:/Freescale/CW MCU v10.6.4/MCU/ARM_GCC_Support/ewl/lib/armv7e-m\librt.a(gcc_ctor_dtor.o)
 .debug_frame   0x000014c8       0xac C:/Freescale/CW MCU v10.6.4/MCU/ARM_GCC_Support/ewl/lib/armv7e-m\librt.a(__arm_eabi_init.o)
 .debug_frame   0x00001574       0x48 C:/Freescale/CW MCU v10.6.4/MCU/ARM_GCC_Support/ewl/lib/armv7e-m\librt.a(ROMCopy.o)
